I/ActivityManager(  348): Start proc com.sonyericsson.crashmonitor for broadcast com.sonyericsson.crashmonitor/.receiver.CrashMonitorServiceBroadcastReceiver: pid=3530 uid=10078 gids={1007, 1015}
I/ActivityManager(  348): No longer want com.sonyericsson.conversations (pid 2927): hidden #16
I/ActivityManager(  348): No longer want com.hp.myidea.obdproxy (pid 2477): hidden #16
W/ActivityManager(  348): Scheduling restart of crashed service com.hp.myidea.obdproxy/.service.OBDProxy in 5000ms
I/ActivityManager(  348): Start proc com.hp.myidea.obdproxy for service com.hp.myidea.obdproxy/.service.OBDProxy: pid=3554 uid=10154 gids={3003, 3002, 3001}
I/ActivityManager(  348): No longer want com.sonyericsson.updatecenter (pid 2506): hidden #16
W/ActivityManager(  348): Scheduling restart of crashed service com.sonyericsson.updatecenter/.webupdate.FileUpdateService in 5000ms
I/ActivityManager(  348): Start proc com.aws.android for broadcast com.aws.android/.synchronizedupdate.SpriteBackgroundUpdater: pid=3578 uid=10182 gids={3003, 1015}
I/ActivityManager(  348): Start proc com.sonyericsson.updatecenter for service com.sonyericsson.updatecenter/.webupdate.FileUpdateService: pid=3590 uid=10108 gids={3003, 2001, 1015}
I/ActivityManager(  348): No longer want com.sonyericsson.extras.liveware (pid 2947): hidden #16
I/ActivityManager(  348): Start proc com.google.android.talk for broadcast com.google.android.talk/com.google.android.apps.babel.realtimechat.RealTimeChatService$AlarmReceiver: pid=3682 uid=10105 gids={3003, 1015, 1006, 3002}
I/ActivityManager(  348): No longer want com.sonyericsson.usbotg (pid 2636): hidden #16
W/ActivityManager(  348): Scheduling restart of crashed service com.sonyericsson.usbotg/.UsbOtgService in 5000ms
I/ActivityManager(  348): No longer want com.android.voicedialer (pid 3112): hidden #16
I/ActivityManager(  348): Start proc com.sonyericsson.usbotg for service com.sonyericsson.usbotg/.UsbOtgService: pid=3716 uid=10142 gids={}
I/ActivityManager(  348): Start proc com.sonyericsson.secureclockservice for service com.sonyericsson.secureclockservice/.SecureClockEventListenerService: pid=3772 uid=10069 gids={3003}
I/ActivityManager(  348): No longer want com.android.vending (pid 3058): hidden #16
I/ActivityManager(  348): No longer want com.sonyericsson.wappush (pid 2794): hidden #16
W/ActivityManager(  348): Scheduling restart of crashed service com.sonyericsson.wappush/.transaction.SemcWapPushManagerHelper in 5000ms
I/ActivityManager(  348): Start proc com.sonyericsson.wappush for service com.sonyericsson.wappush/.transaction.SemcWapPushManagerHelper: pid=3879 uid=10119 gids={}
W/ActivityManager(  348): Unable to start service Intent { act=com.android.internal.telephony.IWapPushManager }: not found
I/WindowManager(  348): Lock screen displayed!
I/ActivityManager(  348): Start proc com.sonyericsson.hdmi.controlservice for broadcast com.sonyericsson.hdmi.controlservice/.HdmiEnablerReceiver: pid=3961 uid=1000 gids={1015, 3002, 3001, 3003, 3007}
I/ActivityManager(  348): No longer want com.google.android.gms (pid 1930): hidden #16
D/PhoneStatusBar(  459): disable: < expand* icons alerts ticker* system_info BACK HOME recent* CLOCK >
W/InputManagerService(  348): Window already focused, ignoring focus gain of: com.android.internal.view.IInputMethodClient$Stub$Proxy@4232d8c0
D/PhoneStatusBar(  459): disable: < expand icons alerts ticker system_info back* home* recent clock* >
V/WiredAccessoryObserver(  348): Headset UEVENT: {MINOR=1, MAJOR=29, SUBSYSTEM=graphics, DEVNAME=fb1, DEVPATH=/devices/virtual/graphics/fb1, HDCP_STATE=FAIL, SEQNUM=26006, ACTION=change}
V/WiredAccessoryObserver(  348): Headset UEVENT: {MINOR=1, MAJOR=29, SUBSYSTEM=graphics, DEVNAME=fb1, DEVPATH=/devices/virtual/graphics/fb1, SEQNUM=26007, HDMI_AUDIO=OFF, ACTION=change}
V/WiredAccessoryObserver(  348): newState = 0, headsetState = 0,mHeadsetState = 0
V/WiredAccessoryObserver(  348): Headset UEVENT: {MINOR=1, MAJOR=29, SUBSYSTEM=graphics, DEVNAME=fb1, DEVPATH=/devices/virtual/graphics/fb1, SEQNUM=26008, ACTION=offline}
I/ActivityManager(  348): START {act=android.intent.action.MAIN cat=[android.intent.category.LAUNCHER] flg=0x14000000 cmp=com.sonyericsson.conversations/.ui.ConversationListActivity bnds=[0,158][720,286] (has extras)} from pid -1
I/ActivityManager(  348): Start proc com.sonyericsson.conversations for activity com.sonyericsson.conversations/.ui.ConversationListActivity: pid=3996 uid=10012 gids={3003, 1015}
I/ActivityManager(  348): START {act=android.intent.action.VIEW cat=[android.intent.category.LAUNCHER] dat=content://mms-sms/conversations/2?semc_ext=true flg=0x14010000 cmp=com.sonyericsson.conversations/.ui.ConversationActivity bnds=[0,158][720,286] (has extras)} from pid 3996
I/ActivityManager(  348): No longer want org.dayup.gtask (pid 3125): hidden #16
I/ActivityManager(  348): Start proc com.android.voicedialer for broadcast com.android.voicedialer/.VoiceDialerReceiver: pid=4036 uid=10115 gids={3002}
I/ActivityManager(  348): No longer want com.google.android.googlequicksearchbox (pid 3155): hidden #16
I/ActivityManager(  348): Start proc com.android.vending for broadcast com.android.vending/com.google.android.finsky.receivers.PackageMonitorReceiver$RegisteredReceiver: pid=4049 uid=10061 gids={3003, 1015}
I/ActivityManager(  348): Start proc com.google.android.gms for service com.google.android.gms/.app.service.SystemBroadcastService: pid=4086 uid=10009 gids={3003, 1015, 2001, 1007, 3006, 1006}
I/ActivityManager(  348): Start proc org.dayup.gtask for broadcast org.dayup.gtask/.KeyInstalledReceiver: pid=4096 uid=10170 gids={3003}
I/ActivityManager(  348): No longer want com.sonyericsson.android.smartsearch (pid 3188): hidden #16
E/ActivityThread( 4096): Failed to find provider info for org.dayup.gtask.key
I/ActivityManager(  348): No longer want com.android.email (pid 3268): hidden #16
I/ActivityManager(  348): No longer want com.google.android.gsf.login (pid 1918): hidden #16
I/ActivityManager(  348): Start proc com.google.android.googlequicksearchbox for broadcast com.google.android.googlequicksearchbox/.SourceUpdateReceiver: pid=4136 uid=10033 gids={3003}
I/ActivityManager(  348): No longer want com.google.android.apps.reader (pid 3478): hidden #16
I/ActivityManager(  348): No longer want com.whatsapp (pid 3031): hidden #16
I/ActivityManager(  348): No longer want com.mrnumber.blocker (pid 1841): hidden #17
W/ActivityManager(  348): Scheduling restart of crashed service com.whatsapp/.messaging.MessageService in 5000ms
W/ActivityManager(  348): Scheduling restart of crashed service com.mrnumber.blocker/.service.IncomingCallService in 14990ms
I/ActivityManager(  348): Start proc com.whatsapp for service com.whatsapp/.messaging.MessageService: pid=4208 uid=10155 gids={1015, 3003}
I/ActivityManager(  348): Start proc com.mrnumber.blocker for service com.mrnumber.blocker/.service.IncomingCallService: pid=4251 uid=10172 gids={3003}
I/ActivityManager(  348): No longer want com.sonyericsson.android.socialphonebook (pid 3171): hidden #16
W/ActivityManager(  348): Scheduling restart of crashed service com.sonyericsson.android.socialphonebook/.smartsearch.SmartSearchCachingService in 5000ms
I/ActivityManager(  348): Start proc com.sonyericsson.android.socialphonebook for service com.sonyericsson.android.socialphonebook/.smartsearch.SmartSearchCachingService: pid=4284 uid=10060 gids={3003, 1015}
I/ActivityManager(  348): Start proc com.sonyericsson.android.smartsearch for service com.sonyericsson.android.smartsearch/.conversion.NameConvertService: pid=4301 uid=10097 gids={}
I/ActivityManager(  348): No longer want com.sonyericsson.crashmonitor (pid 3530): hidden #16
I/ActivityManager(  348): Start proc com.android.email for content provider com.android.email/.provider.EmailProvider: pid=4342 uid=10081 gids={3003, 1015}
I/ActivityManager(  348): No longer want com.google.android.talk (pid 3682): hidden #16
I/ActivityManager(  348): No longer want android.process.media (pid 3321): hidden #16
W/ActivityManager(  348): Scheduling restart of crashed service com.android.providers.media/.MtpService in 5000ms
I/ActivityManager(  348): Start proc android.process.media for service com.android.providers.media/.MtpService: pid=4456 uid=10017 gids={1015, 1023, 1024, 2001, 3003, 3007}
I/ActivityManager(  348): No longer want .remote (pid 3425): hidden #16
W/ActivityManager(  348): Scheduling restart of crashed service com.sonyericsson.smartcard/.SmartcardService in 1250ms
I/ActivityManager(  348): Start proc .remote for service com.sonyericsson.smartcard/.SmartcardService: pid=4557 uid=1028 gids={}
D/ConnectivityService(  348): ConnectivityChange for WIFI: DISCONNECTED/DISCONNECTED
D/ConnectivityService(  348): Attempting to switch to mobile
D/ConnectivityService(  348): Attempting to switch to BLUETOOTH_TETHER
E/ConnectivityService(  348): Exception trying to remove a route: java.lang.IllegalStateException: Unable to communicate with native dameon to add routes - com.android.server.NativeDaemonConnectorException: Cmd {interface route remove wlan0 default 192.168.25.1 32 0.0.0.0} failed with code 400 : {Failed to remove route from default table (No such process)}
E/ConnectivityService(  348): Exception trying to remove a route: java.lang.IllegalStateException: Unable to communicate with native dameon to add routes - com.android.server.NativeDaemonConnectorException: Cmd {interface route remove wlan0 default 0.0.0.0 0 192.168.25.1} failed with code 400 : {Failed to remove route from default table (No such process)}
D/ConnectivityService(  348): resetConnections(wlan0, 3)
D/ConnectivityService(  348): ConnectivityChange for WIFI: DISCONNECTED/DISCONNECTED
D/ConnectivityService(  348): Attempting to switch to mobile
D/ConnectivityService(  348): Attempting to switch to BLUETOOTH_TETHER
D/ConnectivityService(  348): resetConnections(wlan0, 3)
D/ConnectivityService(  348): handleInetConditionChange: no active default network - ignore
I/ActivityManager(  348): Start proc com.google.android.apps.uploader for broadcast com.google.android.apps.uploader/.ConnectivityBroadcastReceiver: pid=4644 uid=10045 gids={3003}
I/ActivityManager(  348): Start proc com.google.android.youtube for broadcast com.google.android.youtube/com.google.android.apps.youtube.app.prefetch.PrefetchService$DeviceStateReceiver: pid=4665 uid=10121 gids={3003, 1015, 1006}
I/ActivityManager(  348): No longer want com.sonyericsson.secureclockservice (pid 3772): hidden #16
I/ActivityManager(  348): Start proc com.google.android.apps.maps for broadcast com.google.android.apps.maps/com.google.userfeedback.android.api.FeedbackConnectivityReceiver: pid=4715 uid=10025 gids={3003, 1015}
I/ActivityManager(  348): No longer want com.sonyericsson.hdmi.controlservice (pid 3961): hidden #16
I/ActivityManager(  348): Start proc com.google.android.gsf.login for service com.google.android.gsf.login/com.google.android.gsf.loginservice.GoogleLoginService: pid=4752 uid=10009 gids={3003, 1015, 2001, 1007, 3006, 1006}
I/ActivityManager(  348): Start proc com.svox.pico for service com.svox.pico/.PicoService: pid=4778 uid=10062 gids={1015}
I/ActivityManager(  348): No longer want com.sonyericsson.conversations (pid 3996): hidden #16
I/ActivityManager(  348): Start proc com.google.android.apps.reader for broadcast com.google.android.apps.reader/.app.ConnectivityBroadcastReceiver: pid=4793 uid=10176 gids={3003}
I/ActivityManager(  348): No longer want com.android.voicedialer (pid 4036): hidden #16
I/ActivityManager(  348): No longer want org.dayup.gtask (pid 4096): hidden #16
I/ActivityManager(  348): Start proc com.ted.android for broadcast com.ted.android/.service.DataUpdateCheckBroadcastReceiver: pid=4805 uid=10175 gids={3003, 1015}
I/ActivityManager(  348): No longer want com.google.android.googlequicksearchbox (pid 4136): hidden #16
I/ActivityManager(  348): Start proc com.devhd.feedly for broadcast com.devhd.feedly/.widget.FeedlyWidgetProvider: pid=4820 uid=10254 gids={3003, 1015}
I/ActivityManager(  348): No longer want com.aws.android (pid 3578): hidden #16
I/ActivityManager(  348): No longer want com.android.vending (pid 4049): hidden #16
D/ConnectivityService(  348): ConnectivityChange for mobile: CONNECTED/CONNECTED
D/NetworkPolicy(  348): applying policy NetworkPolicy[NetworkTemplate: matchRule=MOBILE_ALL, subscriberId=valid]: cycleDay=17, warningBytes=267386880, limitBytes=314572800, lastSnooze=-1 to ifaces [rmnet0]
D/ConnectivityService(  348): NetTransition Wakelock for WifiStateMachine released by timeout
D/ConnectivityService(  348): handleInetConditionHoldEnd: net=0, condition=100, published condition=0
D/ConnectivityService(  348): ConnectivityChange for WIFI: CONNECTED/CONNECTED
D/ConnectivityService(  348): Policy requires mobile teardown
D/ConnectivityService(  348): ConnectivityChange for WIFI: CONNECTED/CONNECTED
D/ConnectivityService(  348): handleConnectivityChange: address are the same reset per doReset linkProperty[1]: resetMask=0
D/NetworkPolicy(  348): applying policy NetworkPolicy[NetworkTemplate: matchRule=MOBILE_ALL, subscriberId=valid]: cycleDay=17, warningBytes=267386880, limitBytes=314572800, lastSnooze=-1 to ifaces [rmnet0]
D/NetworkPolicy(  348): applying policy NetworkPolicy[NetworkTemplate: matchRule=MOBILE_ALL, subscriberId=valid]: cycleDay=17, warningBytes=267386880, limitBytes=314572800, lastSnooze=-1 to ifaces [rmnet0]
D/ConnectivityService(  348): ConnectivityChange for mobile: DISCONNECTED/DISCONNECTED
D/ConnectivityService(  348): Attempting to switch to WIFI
D/ConnectivityService(  348): Attempting to switch to BLUETOOTH_TETHER
E/ConnectivityService(  348): Exception trying to remove a route: java.lang.IllegalStateException: Unable to communicate with native dameon to add routes - com.android.server.NativeDaemonConnectorException: Cmd {interface route remove rmnet0 default 10.12.219.49 32 0.0.0.0} failed with code 400 : {Failed to remove route from default table (No such process)}
E/ConnectivityService(  348): Exception trying to remove a route: java.lang.IllegalStateException: Unable to communicate with native dameon to add routes - com.android.server.NativeDaemonConnectorException: Cmd {interface route remove rmnet0 default 0.0.0.0 0 10.12.219.49} failed with code 400 : {Failed to remove route from default table (No such process)}
D/ConnectivityService(  348): resetConnections(rmnet0, 3)
D/ConnectivityService(  348): handleInetConditionChange: net=0 != default=1 - ignore
V/BackupManagerService(  348): Running a backup pass
V/BackupManagerService(  348): Backup requested but nothing pending
I/ActivityManager(  348): Start proc com.sonyericsson.crashmonitor for broadcast com.sonyericsson.crashmonitor/.receiver.CrashMonitorServiceBroadcastReceiver: pid=5040 uid=10078 gids={1007, 1015}
W/ProcessStats(  348): Skipping unknown process pid 5058
W/ProcessStats(  348): Skipping unknown process pid 5061
W/ProcessStats(  348): Skipping unknown process pid 5074
D/ConnectivityService(  348): handleInetConditionHoldEnd: net=1, condition=0, published condition=0
D/ConnectivityService(  348): handleInetConditionHoldEnd: net=1, condition=0, published condition=0
I/ActivityManager(  348): No longer want com.hp.myidea.obdproxy (pid 3554): hidden #16
W/ActivityManager(  348): Scheduling restart of crashed service com.hp.myidea.obdproxy/.service.OBDProxy in 5000ms
D/ConnectivityService(  348): handleInetConditionHoldEnd: net=1, condition=100, published condition=0
I/ActivityManager(  348): Start proc com.hp.myidea.obdproxy for service com.hp.myidea.obdproxy/.service.OBDProxy: pid=5126 uid=10154 gids={3003, 3002, 3001}
I/ActivityManager(  348): No longer want com.sonyericsson.android.smartsearch (pid 4301): hidden #16
I/ActivityManager(  348): Start proc com.aws.android for broadcast com.aws.android/.synchronizedupdate.SpriteBackgroundUpdater: pid=5176 uid=10182 gids={3003, 1015}
I/ActivityManager(  348): No longer want com.sonyericsson.updatecenter (pid 3590): hidden #16
W/ActivityManager(  348): Scheduling restart of crashed service com.sonyericsson.updatecenter/.webupdate.FileUpdateService in 5000ms
I/ActivityManager(  348): No longer want com.google.android.apps.uploader (pid 4644): hidden #16
I/ActivityManager(  348): Start proc com.sonyericsson.updatecenter for service com.sonyericsson.updatecenter/.webupdate.FileUpdateService: pid=5204 uid=10108 gids={3003, 2001, 1015}
I/ActivityManager(  348): Start proc com.android.defcontainer for service com.android.defcontainer/.DefaultContainerService: pid=5264 uid=10016 gids={1015, 2001}
W/ActivityManager(  348): No content provider found for permission revoke: file:///data/local/tmp/OBDproxy.apk
W/ActivityManager(  348): No content provider found for permission revoke: file:///data/local/tmp/OBDproxy.apk
I/ActivityManager(  348): Force stopping package com.hp.myidea.obdproxy uid=10154
I/ActivityManager(  348): Killing proc 5126:com.hp.myidea.obdproxy/10154: force stop
I/PackageManager(  348): Package com.hp.myidea.obdproxy codePath changed from /data/app/com.hp.myidea.obdproxy-2.apk to /data/app/com.hp.myidea.obdproxy-1.apk; Retaining data and using new
I/ActivityManager(  348): Force stopping package com.hp.myidea.obdproxy uid=10154
W/PackageManager(  348): Code path for pkg : com.hp.myidea.obdproxy changing from /data/app/com.hp.myidea.obdproxy-2.apk to /data/app/com.hp.myidea.obdproxy-1.apk
W/PackageManager(  348): Resource path for pkg : com.hp.myidea.obdproxy changing from /data/app/com.hp.myidea.obdproxy-2.apk to /data/app/com.hp.myidea.obdproxy-1.apk
I/ActivityManager(  348): Force stopping package com.hp.myidea.obdproxy uid=10154
I/ActivityManager(  348): Start proc com.sonyericsson.eventstream for broadcast com.sonyericsson.eventstream/.EventStreamReceiver: pid=5283 uid=10019 gids={3003}
I/ActivityManager(  348): Start proc com.android.keychain for broadcast com.android.keychain/.KeyChainBroadcastReceiver: pid=5300 uid=1000 gids={1015, 3002, 3001, 3003, 3007}
I/ActivityManager(  348): No longer want com.google.android.youtube (pid 4665): hidden #16
I/ActivityManager(  348): Start proc com.android.musicfx for broadcast com.android.musicfx/.Compatibility$Receiver: pid=5319 uid=10047 gids={3003, 3002}
I/ActivityManager(  348): No longer want com.google.android.apps.maps (pid 4715): hidden #16
I/ActivityManager(  348): Start proc com.android.remotecontrolservice for broadcast com.android.remotecontrolservice/.RemoteControlService$PackageManagerReceiver: pid=5336 uid=10068 gids={1004, 2002}
I/ActivityManager(  348): No longer want com.svox.pico (pid 4778): hidden #16
I/ActivityManager(  348): No longer want com.google.android.gms (pid 4086): hidden #16
I/ActivityManager(  348): Start proc com.android.voicedialer for broadcast com.android.voicedialer/.VoiceDialerReceiver: pid=5351 uid=10115 gids={3002}
I/ActivityManager(  348): No longer want com.ted.android (pid 4805): hidden #16
I/ActivityManager(  348): Start proc com.sonyericsson.androidapp.storefront for broadcast com.sonyericsson.androidapp.storefront/.receivers.StoreFrontReceiver: pid=5366 uid=10134 gids={3003}
I/ActivityManager(  348): Start proc com.android.vending for broadcast com.android.vending/com.google.android.finsky.receivers.PackageMonitorReceiver$RegisteredReceiver: pid=5383 uid=10061 gids={3003, 1015}
I/ActivityManager(  348): No longer want com.devhd.feedly (pid 4820): hidden #16
I/ActivityManager(  348): START {act=android.intent.action.MAIN cat=[android.intent.category.LAUNCHER] flg=0x10000000 cmp=com.hp.myidea.obdproxy/.app.OBDproxyActivity} from pid 5380
I/ActivityManager(  348): Start proc com.hp.myidea.obdproxy for activity com.hp.myidea.obdproxy/.app.OBDproxyActivity: pid=5425 uid=10154 gids={3003, 3002, 3001}
I/ActivityManager(  348): Start proc com.google.android.talk for broadcast com.google.android.talk/com.google.android.apps.babel.phone.PackageReplacedReceiver: pid=5439 uid=10105 gids={3003, 1015, 1006, 3002}
I/ActivityManager(  348): No longer want com.google.android.gsf.login (pid 4752): hidden #16
D/BackupManagerService(  348): Received broadcast Intent { act=android.intent.action.PACKAGE_REMOVED dat=package:com.hp.myidea.obdproxy flg=0x10000010 (has extras) }
D/BackupManagerService(  348): Received broadcast Intent { act=android.intent.action.PACKAGE_ADDED dat=package:com.hp.myidea.obdproxy flg=0x10000010 (has extras) }
V/BackupManagerService(  348): updatePackageParticipantsLocked: #1
I/ActivityManager(  348): START {act=android.bluetooth.adapter.action.REQUEST_ENABLE cmp=com.android.settings/.bluetooth.RequestPermissionActivity} from pid 5425
I/ActivityManager(  348): Start proc com.android.settings for activity com.android.settings/.bluetooth.RequestPermissionActivity: pid=5461 uid=1000 gids={1015, 3002, 3001, 3003, 3007}
I/ActivityManager(  348): Start proc eu.chainfire.supersu for broadcast eu.chainfire.supersu/.InstallReceiver: pid=5483 uid=10200 gids={}
I/ActivityManager(  348): No longer want com.sonyericsson.crashmonitor (pid 5040): hidden #16
I/ActivityManager(  348): START {act=com.android.settings.bluetooth.ACTION_INTERNAL_REQUEST_BT_ON cmp=com.android.settings/.bluetooth.RequestPermissionHelperActivity} from pid 5461
I/ActivityManager(  348): Start proc com.sonyericsson.extras.liveware for broadcast com.sonyericsson.extras.liveware/.aef.service.InstallEventReceiver: pid=5500 uid=10130 gids={3002, 3001, 3003, 1015}
I/ActivityManager(  348): Start proc com.google.android.gms for service com.google.android.gms/.app.service.SystemBroadcastService: pid=5536 uid=10009 gids={3003, 1015, 2001, 1007, 3006, 1006}
I/ActivityManager(  348): Start proc com.noshufou.android.su for broadcast com.noshufou.android.su/.UninstallReceiver: pid=5546 uid=10216 gids={3003, 1015}
I/ActivityManager(  348): Start proc os.tools.scriptmanager for broadcast os.tools.scriptmanager/os.tools.batch.onBroadcastReceiver: pid=5570 uid=10218 gids={1015, 3003}
I/ActivityManager(  348): No longer want com.google.android.apps.reader (pid 4793): hidden #16
I/ActivityManager(  348): No longer want com.sonyericsson.tvlauncher (pid 952): hidden #16
I/ActivityManager(  348): Start proc com.sonyericsson.trackid for broadcast com.sonyericsson.trackid/.model.android.receiver.TrackIdBroadcastReceiver: pid=5629 uid=10161 gids={3003, 1015}
I/ActivityManager(  348): No longer want com.sonyericsson.lockscreen.uxpnxt (pid 966): hidden #16
I/ActivityManager(  348): Start proc com.google.android.gsf.login for service com.google.android.gsf.login/com.google.android.gsf.loginservice.GoogleLoginService: pid=5644 uid=10009 gids={3003, 1015, 2001, 1007, 3006, 1006}
I/ActivityManager(  348): Start proc org.dayup.gtask for broadcast org.dayup.gtask/.KeyInstalledReceiver: pid=5660 uid=10170 gids={3003}
I/ActivityManager(  348): No longer want com.android.email (pid 4342): hidden #16
E/ActivityThread( 5660): Failed to find provider info for org.dayup.gtask.key
I/ActivityManager(  348): Start proc com.google.android.partnersetup for broadcast com.google.android.partnersetup/.RlzPingBroadcastReceiver: pid=5683 uid=10032 gids={3003}
I/ActivityManager(  348): No longer want com.aws.android (pid 5176): hidden #16
W/ProcessStats(  348): Skipping unknown process pid 5697
I/ActivityManager(  348): Start proc com.svox.pico for broadcast com.svox.pico/.VoiceDataInstallerReceiver: pid=5702 uid=10062 gids={1015}
I/ActivityManager(  348): No longer want com.android.keychain (pid 5300): hidden #16
D/BackupManagerService(  348): Received broadcast Intent { act=android.intent.action.PACKAGE_REPLACED dat=package:com.hp.myidea.obdproxy flg=0x10000010 (has extras) }
V/BackupManagerService(  348): updatePackageParticipantsLocked: #1
I/ActivityManager(  348): No longer want com.android.remotecontrolservice (pid 5336): hidden #16
I/ActivityManager(  348): No longer want com.android.voicedialer (pid 5351): hidden #16
I/ActivityManager(  348): No longer want com.sonyericsson.androidapp.storefront (pid 5366): hidden #16
I/ActivityManager(  348): Start proc com.sonyericsson.music for broadcast com.sonyericsson.music/.infinite.PackageChangedReceiver: pid=5719 uid=10031 gids={1015, 1023, 3002, 3003}
I/ActivityManager(  348): No longer want com.google.android.talk (pid 5439): hidden #16
I/ActivityManager(  348): Start proc com.android.voicedialer for broadcast com.android.voicedialer/.VoiceDialerReceiver: pid=5734 uid=10115 gids={3002}
I/ActivityManager(  348): No longer want com.android.vending (pid 5383): hidden #16
I/ActivityManager(  348): No longer want eu.chainfire.supersu (pid 5483): hidden #16
I/ActivityManager(  348): Start proc com.sonyericsson.androidapp.storefront for broadcast com.sonyericsson.androidapp.storefront/.receivers.StoreFrontReceiver: pid=5746 uid=10134 gids={3003}
I/ActivityManager(  348): Start proc com.android.vending for broadcast com.android.vending/com.google.android.finsky.receivers.PackageMonitorReceiver$RegisteredReceiver: pid=5760 uid=10061 gids={3003, 1015}
I/ActivityManager(  348): No longer want com.google.android.apps.plus (pid 2590): hidden #16
I/ActivityManager(  348): Start proc com.google.android.talk for broadcast com.google.android.talk/com.google.android.apps.babel.phone.PackageReplacedReceiver: pid=5800 uid=10105 gids={3003, 1015, 1006, 3002}
I/ActivityManager(  348): No longer want com.noshufou.android.su (pid 5546): hidden #16
I/ActivityManager(  348): No longer want os.tools.scriptmanager (pid 5570): hidden #16
I/ActivityManager(  348): Start proc eu.chainfire.supersu for broadcast eu.chainfire.supersu/.InstallReceiver: pid=5827 uid=10200 gids={}
I/ActivityManager(  348): No longer want com.sonyericsson.trackid (pid 5629): hidden #16
I/ActivityManager(  348): No longer want com.google.android.gms (pid 5536): hidden #16
I/ActivityManager(  348): Start proc com.google.android.apps.plus for broadcast com.google.android.apps.plus/.service.PackagesMediaMonitor: pid=5846 uid=10063 gids={3003, 3002, 1015, 1006}
W/ActivityManager(  348): Unable to start service Intent { act=com.google.android.gms.analytics.service.START (has extras) }: not found
I/ActivityManager(  348): No longer want org.dayup.gtask (pid 5660): hidden #16
E/ActivityThread( 5846): Failed to find provider info for com.google.android.gallery3d.GooglePhotoProvider
I/ActivityManager(  348): Start proc com.svox.classic for broadcast com.svox.classic/.PackageChangeReceiver: pid=5871 uid=10211 gids={1015, 3003}
I/ActivityManager(  348): Start proc com.google.android.gms for service com.google.android.gms/.app.service.SystemBroadcastService: pid=5885 uid=10009 gids={3003, 1015, 2001, 1007, 3006, 1006}
I/ActivityManager(  348): Start proc com.noshufou.android.su for broadcast com.noshufou.android.su/.InstallReceiver: pid=5899 uid=10216 gids={3003, 1015}
I/ActivityManager(  348): No longer want com.sonyericsson.eventstream (pid 5283): hidden #16
I/ActivityManager(  348): Start proc com.svox.classic.langpack.por_bra_fem for content provider com.svox.classic.langpack.por_bra_fem/.SettingsProvider: pid=5911 uid=10212 gids={1015, 3003}
I/ActivityManager(  348): No longer want com.google.android.partnersetup (pid 5683): hidden #16
I/ActivityManager(  348): Start proc os.tools.scriptmanager for broadcast os.tools.scriptmanager/os.tools.batch.onBroadcastReceiver: pid=5924 uid=10218 gids={1015, 3003}
I/ActivityManager(  348): No longer want com.android.musicfx (pid 5319): hidden #16
W/InputManagerService(  348): Window already focused, ignoring focus gain of: com.android.internal.view.IInputMethodClient$Stub$Proxy@42321d80
I/ActivityManager(  348): Start proc com.svox.classic.langpack.por_bra_fem_trial for content provider com.svox.classic.langpack.por_bra_fem_trial/.SettingsProvider: pid=5942 uid=10209 gids={1015, 3003}
I/ActivityManager(  348): No longer want com.svox.pico (pid 5702): hidden #16
I/ActivityManager(  348): Start proc com.estrongs.android.pop for broadcast com.estrongs.android.pop/.app.InstallMonitorReceiver: pid=5974 uid=10193 gids={3003, 3002, 3001, 1015}
I/ActivityManager(  348): No longer want com.google.android.gsf.login (pid 5644): hidden #16
W/ActivityManager(  348): Scheduling restart of crashed service com.google.android.gsf.login/com.google.android.gsf.loginservice.GoogleLoginService in 5000ms
I/ActivityManager(  348): No longer want com.android.defcontainer (pid 5264): hidden #16
I/ActivityManager(  348): Start proc com.google.android.gsf.login for service com.google.android.gsf.login/com.google.android.gsf.loginservice.GoogleLoginService: pid=6037 uid=10009 gids={3003, 1015, 2001, 1007, 3006, 1006}
I/ActivityManager(  348): START {flg=0x10800000 cmp=com.estrongs.android.pop/.app.InstallMonitorActivity (has extras)} from pid 5974
I/ActivityManager(  348): Start proc com.sonyericsson.trackid for broadcast com.sonyericsson.trackid/.model.android.receiver.TrackIdBroadcastReceiver: pid=6049 uid=10161 gids={3003, 1015}
I/ActivityManager(  348): No longer want com.android.voicedialer (pid 5734): hidden #16
W/InputManagerService(  348): Window already focused, ignoring focus gain of: com.android.internal.view.IInputMethodClient$Stub$Proxy@425b3348
I/ActivityManager(  348): No longer want com.sonyericsson.music (pid 5719): hidden #16
I/ActivityManager(  348): No longer want com.sonyericsson.androidapp.storefront (pid 5746): hidden #16
I/ActivityManager(  348): Start proc org.dayup.gtask for broadcast org.dayup.gtask/.KeyInstalledReceiver: pid=6065 uid=10170 gids={3003}
I/ActivityManager(  348): No longer want com.android.settings (pid 5461): hidden #16
E/ActivityThread( 6065): Failed to find provider info for org.dayup.gtask.key
I/ActivityManager(  348): Start proc com.android.musicfx for broadcast com.android.musicfx/.Compatibility$Receiver: pid=6083 uid=10047 gids={3003, 3002}
I/ActivityManager(  348): No longer want com.hp.myidea.obdproxy (pid 5425): hidden #16
I/ActivityManager(  348): Start proc stericson.busybox for broadcast stericson.busybox/.receivers.OnUpgradeReceiver: pid=6098 uid=10215 gids={1015}
I/ActivityManager(  348): No longer want com.sonyericsson.extras.liveware (pid 5500): hidden #16
I/ActivityManager(  348): Start proc com.google.android.googlequicksearchbox for broadcast com.google.android.googlequicksearchbox/.SourceUpdateReceiver: pid=6112 uid=10033 gids={3003}
I/ActivityManager(  348): No longer want com.noshufou.android.su (pid 5899): hidden #16
I/ActivityManager(  348): No longer want os.tools.scriptmanager (pid 5924): hidden #16
I/ActivityManager(  348): START {flg=0x10000000 cmp=com.svox.classic/.ChangeSettingsActivity (has extras)} from pid 5911
W/InputManagerService(  348): Window already focused, ignoring focus gain of: com.android.internal.view.IInputMethodClient$Stub$Proxy@4229f158
I/ActivityManager(  348): Start proc com.camerum.android.app.operadora for broadcast com.camerum.android.app.operadora/.Locator: pid=6146 uid=10195 gids={}
I/ActivityManager(  348): No longer want com.google.android.gsf.login (pid 6037): hidden #16
I/ActivityManager(  348): No longer want com.google.android.apps.plus (pid 5846): hidden #16
I/ActivityManager(  348): Start proc com.sonyericsson.extras.liveware for broadcast com.sonyericsson.extras.liveware/.asf.EventReceiver: pid=6171 uid=10130 gids={3002, 3001, 3003, 1015}
I/ActivityManager(  348): No longer want com.estrongs.android.pop (pid 5974): hidden #16
I/ActivityManager(  348): Start proc com.sonyericsson.capabilities for broadcast com.sonyericsson.capabilities/.DefCapUpdaterReceiver: pid=6191 uid=10015 gids={1023, 1015}
I/ActivityManager(  348): Start proc com.google.android.apps.plus for broadcast com.google.android.apps.plus/.iu.InstantUploadEnvironment$BatteryReceiver: pid=6208 uid=10063 gids={3003, 3002, 1015, 1006}
I/ActivityManager(  348): No longer want com.sonyericsson.trackid (pid 6049): hidden #16
I/ActivityManager(  348): Start proc com.sonyericsson.android.bootinfo:remote for service com.sonyericsson.android.bootinfo/.MiscTaService: pid=6218 uid=1000 gids={1015, 3002, 3001, 3003, 3007}
E/ActivityThread( 6208): Failed to find provider info for com.google.android.gallery3d.GooglePhotoProvider
I/ActivityManager(  348): Start proc com.chrome.beta for broadcast com.chrome.beta/org.chromium.base.PowerStatusReceiver: pid=6252 uid=10248 gids={1006, 3003, 1015}
I/ActivityManager(  348): No longer want com.android.musicfx (pid 6083): hidden #16
I/ActivityManager(  348): Start proc com.sonyericsson.unplugchargerreminder for broadcast com.sonyericsson.unplugchargerreminder/.BatteryReceiver: pid=6276 uid=10092 gids={}
I/ActivityManager(  348): No longer want com.google.android.talk (pid 5800): hidden #16
I/ActivityManager(  348): No longer want eu.chainfire.supersu (pid 5827): hidden #16
I/ActivityManager(  348): No longer want stericson.busybox (pid 6098): hidden #16
I/ActivityManager(  348): No longer want com.svox.classic (pid 5871): hidden #16
I/ActivityManager(  348): No longer want com.google.android.googlequicksearchbox (pid 6112): hidden #16
W/ActivityManager(  348): Unable to start service Intent { act=com.google.android.gms.analytics.service.START (has extras) }: not found
W/ActivityManager(  348): Unable to start service Intent { act=com.google.android.gms.analytics.service.START (has extras) }: not found
I/ActivityManager(  348): No longer want com.sonyericsson.usbotg (pid 3716): hidden #16
W/ActivityManager(  348): Scheduling restart of crashed service com.sonyericsson.usbotg/.UsbOtgService in 5000ms
I/ActivityManager(  348): Start proc com.sonyericsson.usbotg for service com.sonyericsson.usbotg/.UsbOtgService: pid=6320 uid=10142 gids={}
I/ActivityManager(  348): START {act=android.intent.action.MAIN cat=[android.intent.category.LAUNCHER] flg=0x10200000 cmp=com.google.android.gm/.ConversationListActivityGmail bnds=[180,807][360,1033]} from pid 744
I/ActivityManager(  348): Start proc com.google.android.gm for activity com.google.android.gm/.ConversationListActivityGmail: pid=6344 uid=10028 gids={3003, 1015}
D/ActivityThread( 6344): Loading provider com.android.gmail.ui: com.google.android.gm.provider.GmailProvider
I/ActivityManager(  348): Start proc com.google.android.gsf.login for service com.google.android.gsf.login/com.google.android.gsf.loginservice.GoogleLoginService: pid=6364 uid=10009 gids={3003, 1015, 2001, 1007, 3006, 1006}
W/InputManagerService(  348): Starting input on non-focused client com.android.internal.view.IInputMethodClient$Stub$Proxy@42233ff8 (uid=10028 pid=6344)
I/ActivityManager(  348): No longer want com.svox.classic.langpack.por_bra_fem_trial (pid 5942): hidden #16
I/ActivityManager(  348): No longer want org.dayup.gtask (pid 6065): hidden #17
W/ActivityManager(  348): Unable to start service Intent { act=com.google.android.gms.analytics.service.START cmp=com.google.android.gms/.analytics.service.AnalyticsService (has extras) }: not found
I/ActivityManager(  348): START {flg=0x10800000 cmp=com.sonyericsson.advancedwidget.onoff/com.sonyericsson.advancedwidget.powertools.PowerToolsActivity (has extras)} from pid 744
I/ActivityManager(  348): Start proc com.sonyericsson.advancedwidget.onoff for activity com.sonyericsson.advancedwidget.onoff/com.sonyericsson.advancedwidget.powertools.PowerToolsActivity: pid=6417 uid=10010 gids={3003, 1015, 3002, 3001}
I/ActivityManager(  348): Start proc com.android.bluetooth for broadcast com.android.bluetooth/.pbap.BluetoothPbapReceiver: pid=6439 uid=10003 gids={3003, 3002, 3001, 1015}
I/ActivityManager(  348): Start proc com.android.settings for broadcast com.android.settings/.bluetooth.DockEventReceiver: pid=6453 uid=1000 gids={1015, 3002, 3001, 3003, 3007}
I/ActivityManager(  348): No longer want com.svox.classic.langpack.por_bra_fem (pid 5911): hidden #16
I/ActivityManager(  348): No longer want com.camerum.android.app.operadora (pid 6146): hidden #16
W/ActivityManager(  348): Unable to start service Intent { act=com.google.android.gms.analytics.service.START cmp=com.google.android.gms/.analytics.service.AnalyticsService (has extras) }: not found
W/ActivityManager(  348): Duplicate finish request for ActivityRecord{421c3478 com.sonyericsson.advancedwidget.onoff/com.sonyericsson.advancedwidget.powertools.PowerToolsActivity}
I/ActivityManager(  348): START {act=android.intent.action.MAIN cat=[android.intent.category.LAUNCHER] flg=0x10200000 cmp=com.hp.myidea.obdproxy/.app.OBDproxyActivity bnds=[360,1000][528,1192]} from pid 744
I/ActivityManager(  348): Start proc com.hp.myidea.obdproxy for activity com.hp.myidea.obdproxy/.app.OBDproxyActivity: pid=6542 uid=10154 gids={3003, 3002, 3001}
I/ActivityManager(  348): Start proc com.android.email for content provider com.android.email/.provider.EmailProvider: pid=6622 uid=10081 gids={3003, 1015}
I/ActivityManager(  348): Start proc com.sonyericsson.tvlauncher for broadcast com.sonyericsson.tvlauncher/.badge.BadgeReceiver: pid=6651 uid=10091 gids={3003, 1015}
I/ActivityManager(  348): Start proc com.sonyericsson.lockscreen.uxpnxt for broadcast com.sonyericsson.lockscreen.uxpnxt/com.sonyericsson.lockscreen.publisher.email.BadgeReceiver: pid=6666 uid=10110 gids={3003}
I/ActivityManager(  348): No longer want com.sonyericsson.capabilities (pid 6191): hidden #16
I/ActivityManager(  348): No longer want com.sonyericsson.updatecenter (pid 5204): hidden #16
I/ActivityManager(  348): No longer want com.sonyericsson.android.bootinfo:remote (pid 6218): hidden #16
I/ActivityManager(  348): START {flg=0x24000000 cmp=com.hp.myidea.obdproxy/.app.OBDproxyActivity bnds=[0,158][720,286]} from pid -1
W/ActivityManager(  348): startActivity called from non-Activity context; forcing Intent.FLAG_ACTIVITY_NEW_TASK for: Intent { flg=0x24000000 cmp=com.hp.myidea.obdproxy/.app.OBDproxyActivity bnds=[0,158][720,286] }
I/ActivityManager(  348): START {flg=0x10800000 cmp=com.sonyericsson.advancedwidget.onoff/com.sonyericsson.advancedwidget.powertools.PowerToolsActivity (has extras)} from pid 744
W/ActivityManager(  348): Duplicate finish request for ActivityRecord{426502d0 com.sonyericsson.advancedwidget.onoff/com.sonyericsson.advancedwidget.powertools.PowerToolsActivity}
I/ActivityManager(  348): No longer want com.chrome.beta (pid 6252): hidden #16
I/ActivityManager(  348): No longer want com.sonyericsson.unplugchargerreminder (pid 6276): hidden #16
W/InputManagerService(  348): Window already focused, ignoring focus gain of: com.android.internal.view.IInputMethodClient$Stub$Proxy@422a7c10
I/ActivityManager(  348): Start proc com.sonyericsson.illumination.service for broadcast com.sonyericsson.illumination.service/.IlluminationReceiver: pid=6828 uid=1000 gids={1015, 3002, 3001, 3003, 3007}
W/PowerUI (  459): unknown intent: Intent { act=android.intent.action.ACTION_POWER_CONNECTED flg=0x10000010 }
I/ActivityManager(  348): Start proc com.sonyericsson.unplugchargerreminder for broadcast com.sonyericsson.unplugchargerreminder/.BatteryReceiver: pid=6841 uid=10092 gids={}
I/ActivityManager(  348): Start proc com.sonyericsson.updatecenter for broadcast com.sonyericsson.updatecenter/.webupdate.launcher.FileUpdateServiceLauncher: pid=6854 uid=10108 gids={3003, 2001, 1015}
I/ActivityManager(  348): No longer want com.google.android.apps.plus (pid 6208): hidden #16
I/ActivityManager(  348): Start proc com.google.android.youtube for broadcast com.google.android.youtube/com.google.android.apps.youtube.app.prefetch.PrefetchService$DeviceStateReceiver: pid=6869 uid=10121 gids={3003, 1015, 1006}
I/ActivityManager(  348): Start proc com.google.android.apps.plus for broadcast com.google.android.apps.plus/.iu.InstantUploadEnvironment$BatteryReceiver: pid=6926 uid=10063 gids={3003, 3002, 1015, 1006}
I/ActivityManager(  348): No longer want com.android.vending (pid 5760): hidden #16
E/ActivityThread( 6926): Failed to find provider info for com.google.android.gallery3d.GooglePhotoProvider
I/ActivityManager(  348): Start proc com.chrome.beta for broadcast com.chrome.beta/org.chromium.base.PowerStatusReceiver: pid=6950 uid=10248 gids={1006, 3003, 1015}
I/ActivityManager(  348): No longer want com.google.android.gsf.login (pid 6364): hidden #16
I/ActivityManager(  348): No longer want com.hp.myidea.obdproxy (pid 6542): hidden #16
W/ActivityManager(  348): Scheduling restart of crashed service com.hp.myidea.obdproxy/.service.OBDProxy in 5000ms
I/ActivityManager(  348): Start proc com.hp.myidea.obdproxy for service com.hp.myidea.obdproxy/.service.OBDProxy: pid=6969 uid=10154 gids={3003, 3002, 3001}
I/ActivityManager(  348): Start proc eu.chainfire.supersu for broadcast eu.chainfire.supersu/.NativeAccessReceiver: pid=7013 uid=10200 gids={}
I/ActivityManager(  348): No longer want com.google.android.gm (pid 6344): hidden #16
I/ActivityManager(  348): No longer want com.sonyericsson.wappush (pid 3879): hidden #16
W/ActivityManager(  348): Scheduling restart of crashed service com.sonyericsson.wappush/.transaction.SemcWapPushManagerHelper in 5000ms
I/ActivityManager(  348): Start proc com.sonyericsson.wappush for service com.sonyericsson.wappush/.transaction.SemcWapPushManagerHelper: pid=7114 uid=10119 gids={}
W/ActivityManager(  348): Unable to start service Intent { act=com.android.internal.telephony.IWapPushManager }: not found
I/ActivityManager(  348): Start proc com.aws.android for broadcast com.aws.android/.synchronizedupdate.SpriteBackgroundUpdater: pid=7236 uid=10182 gids={3003, 1015}
I/ActivityManager(  348): No longer want com.sonyericsson.advancedwidget.onoff (pid 6417): hidden #16
I/ActivityManager(  348): No longer want com.mrnumber.blocker (pid 4251): hidden #16
W/ActivityManager(  348): Scheduling restart of crashed service com.mrnumber.blocker/.service.IncomingCallService in 5000ms
I/ActivityManager(  348): Start proc com.mrnumber.blocker for service com.mrnumber.blocker/.service.IncomingCallService: pid=7296 uid=10172 gids={3003}
I/ActivityManager(  348): No longer want com.sonyericsson.android.socialphonebook (pid 4284): hidden #16
W/ActivityManager(  348): Scheduling restart of crashed service com.sonyericsson.android.socialphonebook/.smartsearch.SmartSearchCachingService in 5000ms
I/ActivityManager(  348): Start proc com.sonyericsson.android.socialphonebook for service com.sonyericsson.android.socialphonebook/.smartsearch.SmartSearchCachingService: pid=7322 uid=10060 gids={3003, 1015}
I/ActivityManager(  348): Start proc com.sonyericsson.android.smartsearch for service com.sonyericsson.android.smartsearch/.conversion.NameConvertService: pid=7339 uid=10097 gids={}
I/ActivityManager(  348): No longer want com.google.android.gms (pid 5885): hidden #16
I/ActivityManager(  348): START {act=android.intent.action.MAIN cat=[android.intent.category.HOME] flg=0x10200000 cmp=com.sonyericsson.home/.HomeActivity} from pid 348
W/InputManagerService(  348): Window already focused, ignoring focus gain of: com.android.internal.view.IInputMethodClient$Stub$Proxy@41c27240
I/ActivityManager(  348): No longer want .remote (pid 4557): hidden #16
W/ActivityManager(  348): Scheduling restart of crashed service com.sonyericsson.smartcard/.SmartcardService in 1250ms
I/ActivityManager(  348): Start proc .remote for service com.sonyericsson.smartcard/.SmartcardService: pid=7480 uid=1028 gids={}
I/ActivityManager(  348): Start proc com.google.android.gm for service com.google.android.gm/.provider.MailSyncAdapterService: pid=7556 uid=10028 gids={3003, 1015}
D/ActivityThread( 7556): Loading provider com.android.gmail.ui: com.google.android.gm.provider.GmailProvider
I/ActivityManager(  348): Start proc com.google.android.gsf.login for service com.google.android.gsf.login/com.google.android.gsf.loginservice.GoogleLoginService: pid=7573 uid=10009 gids={3003, 1015, 2001, 1007, 3006, 1006}
I/ActivityManager(  348): No longer want com.android.settings (pid 6453): hidden #16
I/ActivityManager(  348): Start proc com.google.android.gms for service com.google.android.gms/.icing.impl.IndexService: pid=7592 uid=10009 gids={3003, 1015, 2001, 1007, 3006, 1006}
W/ActivityManager(  348): Unable to start service Intent { act=com.google.android.gms.analytics.service.START cmp=com.google.android.gms/.analytics.service.AnalyticsService (has extras) }: not found
I/ActivityManager(  348): No longer want com.android.bluetooth (pid 6439): hidden #16
I/ActivityManager(  348): No longer want com.sonyericsson.unplugchargerreminder (pid 6841): hidden #16
W/ActivityManager(  348): Unable to start service Intent { act=com.google.android.gms.analytics.service.START cmp=com.google.android.gms/.analytics.service.AnalyticsService (has extras) }: not found
I/ActivityManager(  348): Start proc com.sonyericsson.crashmonitor for broadcast com.sonyericsson.crashmonitor/.receiver.CrashMonitorServiceBroadcastReceiver: pid=7652 uid=10078 gids={1007, 1015}
I/ActivityManager(  348): No longer want com.sonyericsson.illumination.service (pid 6828): hidden #16
I/ActivityManager(  348): No longer want com.whatsapp (pid 4208): hidden #16
W/ActivityManager(  348): Scheduling restart of crashed service com.whatsapp/.messaging.MessageService in 5000ms
I/ActivityManager(  348): Start proc com.whatsapp for service com.whatsapp/.messaging.MessageService: pid=7668 uid=10155 gids={1015, 3003}
I/ActivityManager(  348): Start proc com.android.vending for service com.android.vending/com.google.android.finsky.billing.iab.InAppBillingService: pid=7692 uid=10061 gids={3003, 1015}
I/ActivityManager(  348): No longer want com.sonyericsson.extras.liveware (pid 6171): hidden #16
I/ActivityManager(  348): Start proc com.camerum.android.app.operadora for broadcast com.camerum.android.app.operadora/.Locator: pid=7813 uid=10195 gids={}
I/ActivityManager(  348): No longer want com.google.android.youtube (pid 6869): hidden #16
I/ActivityManager(  348): No longer want com.sonyericsson.usbotg (pid 6320): hidden #16
W/ActivityManager(  348): Scheduling restart of crashed service com.sonyericsson.usbotg/.UsbOtgService in 5000ms
I/ActivityManager(  348): Start proc com.sonyericsson.usbotg for service com.sonyericsson.usbotg/.UsbOtgService: pid=7837 uid=10142 gids={}
I/ActivityManager(  348): No longer want eu.chainfire.supersu (pid 7013): hidden #16
I/ActivityManager(  348): No longer want com.google.android.apps.plus (pid 6926): hidden #17
I/ActivityManager(  348): No longer want com.chrome.beta (pid 6950): hidden #18
I/ActivityManager(  348): No longer want android.process.media (pid 4456): hidden #16
I/ActivityManager(  348): No longer want com.sonyericsson.updatecenter (pid 6854): hidden #17
W/ActivityManager(  348): Scheduling restart of crashed service com.sonyericsson.updatecenter/.webupdate.FileUpdateService in 5000ms
W/ActivityManager(  348): Scheduling restart of crashed service com.android.providers.media/.MtpService in 14979ms
I/ActivityManager(  348): Start proc com.sonyericsson.updatecenter for service com.sonyericsson.updatecenter/.webupdate.FileUpdateService: pid=7896 uid=10108 gids={3003, 2001, 1015}
I/ActivityManager(  348): No longer want com.hp.myidea.obdproxy (pid 6969): hidden #16
W/ActivityManager(  348): Scheduling restart of crashed service com.hp.myidea.obdproxy/.service.OBDProxy in 19922ms
I/ActivityManager(  348): Start proc android.process.media for service com.android.providers.media/.MtpService: pid=7912 uid=10017 gids={1015, 1023, 1024, 2001, 3003, 3007}
I/ActivityManager(  348): Start proc com.hp.myidea.obdproxy for service com.hp.myidea.obdproxy/.service.OBDProxy: pid=7941 uid=10154 gids={3003, 3002, 3001}
D/PhoneStatusBar(  459): disable: < EXPAND* icons alerts TICKER* system_info back home RECENT* clock >
I/ActivityManager(  348): Start proc com.sonyericsson.hdmi.controlservice for broadcast com.sonyericsson.hdmi.controlservice/.HdmiEnablerReceiver: pid=7967 uid=1000 gids={1015, 3002, 3001, 3003, 3007}
D/PhoneStatusBar(  459): disable: < EXPAND icons alerts TICKER system_info BACK* HOME* RECENT CLOCK* >
I/ActivityManager(  348): No longer want com.android.email (pid 6622): hidden #16
I/WindowManager(  348): Lock screen displayed!
I/ActivityManager(  348): Start proc com.android.email for content provider com.android.email/.provider.EmailProvider: pid=8042 uid=10081 gids={3003, 1015}
I/ActivityManager(  348): No longer want com.sonyericsson.lockscreen.uxpnxt (pid 6666): hidden #16
I/ActivityManager(  348): Start proc com.sonyericsson.lockscreen.uxpnxt for broadcast com.sonyericsson.lockscreen.uxpnxt/com.sonyericsson.lockscreen.publisher.email.BadgeReceiver: pid=8072 uid=10110 gids={3003}
I/ActivityManager(  348): No longer want com.sonyericsson.wappush (pid 7114): hidden #16
W/ActivityManager(  348): Scheduling restart of crashed service com.sonyericsson.wappush/.transaction.SemcWapPushManagerHelper in 5000ms
I/ActivityManager(  348): Start proc com.sonyericsson.wappush for service com.sonyericsson.wappush/.transaction.SemcWapPushManagerHelper: pid=8254 uid=10119 gids={}
W/ActivityManager(  348): Unable to start service Intent { act=com.android.internal.telephony.IWapPushManager }: not found
I/ActivityManager(  348): No longer want com.mrnumber.blocker (pid 7296): hidden #16
W/ActivityManager(  348): Scheduling restart of crashed service com.mrnumber.blocker/.service.IncomingCallService in 5000ms
I/ActivityManager(  348): Start proc com.mrnumber.blocker for service com.mrnumber.blocker/.service.IncomingCallService: pid=8508 uid=10172 gids={3003}
I/ActivityManager(  348): Start proc com.google.android.apps.reader for broadcast com.google.android.apps.reader/com.google.android.accounts.PeriodicSyncReceiver: pid=8572 uid=10176 gids={3003}
I/ActivityManager(  348): No longer want com.sonyericsson.android.socialphonebook (pid 7322): hidden #16
W/ActivityManager(  348): Scheduling restart of crashed service com.sonyericsson.android.socialphonebook/.smartsearch.SmartSearchCachingService in 5000ms
I/ActivityManager(  348): Start proc com.sonyericsson.android.socialphonebook for service com.sonyericsson.android.socialphonebook/.smartsearch.SmartSearchCachingService: pid=8591 uid=10060 gids={3003, 1015}
V/BackupManagerService(  348): Running a backup pass
