E/DefCapUpdaterService(12047): 	at android.os.storage.StorageManager.getVolumePath(StorageManager.java:662)
E/DefCapUpdaterService(12047): 	at com.sonyericsson.capabilities.DefCapUpdaterService$ServiceHandler.getMemoryCardPath(DefCapUpdaterService.java:604)
E/DefCapUpdaterService(12047): 	at com.sonyericsson.capabilities.DefCapUpdaterService$ServiceHandler.doWrite(DefCapUpdaterService.java:582)
E/DefCapUpdaterService(12047): 	at com.sonyericsson.capabilities.DefCapUpdaterService$ServiceHandler.handleMessage(DefCapUpdaterService.java:615)
E/DefCapUpdaterService(12047): 	at android.os.Handler.dispatchMessage(Handler.java:99)
E/DefCapUpdaterService(12047): 	at android.os.Looper.loop(Looper.java:137)
E/DefCapUpdaterService(12047): 	at android.os.HandlerThread.run(HandlerThread.java:60)
D/DefCapUpdaterService(12047): getInfo()
D/dalvikvm(12061): GC_CONCURRENT freed 639K, 5% free 13790K/14499K, paused 6ms+2ms
I/ActivityThread(12061): Pub com.google.android.apps.plus.content.EsProvider: com.google.android.apps.plus.content.EsProvider
I/ActivityThread(12061): Pub com.google.android.apps.photos.content: com.google.android.apps.photos.content.GooglePhotosImageProvider
D/dalvikvm(12061): Trying to load lib /data/data/com.google.android.apps.plus/lib/libplus_jni_v8.so 0x41723dd0
D/dalvikvm(12061): Added shared lib /data/data/com.google.android.apps.plus/lib/libplus_jni_v8.so 0x41723dd0
D/dalvikvm(12061): No JNI_OnLoad found in /data/data/com.google.android.apps.plus/lib/libplus_jni_v8.so 0x41723dd0, skipping init
I/dalvikvm(12061): Could not find method android.os.StatFs.getTotalBytes, referenced from method com.google.android.apps.plus.content.EsMediaCache.computeCacheSize
W/dalvikvm(12061): VFY: unable to resolve virtual method 3891: Landroid/os/StatFs;.getTotalBytes ()J
D/dalvikvm(12061): VFY: replacing opcode 0x6e at 0x003c
E/ActivityThread(12061): Failed to find provider info for com.google.android.gallery3d.GooglePhotoProvider
I/dalvikvm(12061): Could not find method android.content.Intent.getClipData, referenced from method cdy.a
W/dalvikvm(12061): VFY: unable to resolve virtual method 2755: Landroid/content/Intent;.getClipData ()Landroid/content/ClipData;
D/dalvikvm(12061): VFY: replacing opcode 0x6e at 0x0008
I/dalvikvm(12061): Could not find method android.content.Intent.getClipData, referenced from method cdy.a
W/dalvikvm(12061): VFY: unable to resolve virtual method 2755: Landroid/content/Intent;.getClipData ()Landroid/content/ClipData;
D/dalvikvm(12061): VFY: replacing opcode 0x6e at 0x0061
D/DefCapUpdaterService(12047): writeXMLFiles()
D/DefCapUpdaterService(12047): dat= /mnt/sdcard
D/DefCapUpdaterService(12047): writeDefaultXMLFile()
I/ActivityManager(  348): Start proc com.chrome.beta for broadcast com.chrome.beta/org.chromium.base.PowerStatusReceiver: pid=12113 uid=10248 gids={1006, 3003, 1015}
I/ActivityManager(  348): No longer want eu.chainfire.supersu (pid 11868): hidden #16
D/dalvikvm(  348): GC_EXPLICIT freed 1362K, 28% free 34460K/47779K, paused 9ms+19ms
V/DefCapUpdaterService(12047): File 'default-capability.xml' has been deleted in file system
D/DefCapUpdaterService(12047): MediaScannerConnectionClient onMediaScannerConnected
D/MediaProvider(12086): object removed 31891
I/ActivityThread(12113): Pub com.chrome.beta.ChromeBrowserProvider;com.chrome.beta.browser;com.chrome.beta: com.google.android.apps.chrome.ChromeBrowserProvider
I/ActivityThread(12113): Pub com.chrome.beta.AutofillDataProvider: com.google.android.apps.chrome.AutofillDataProvider
I/ActivityThread(12113): Pub com.chrome.beta.icing: com.google.android.apps.chrome.icing.IcingProvider
I/ActivityThread(12113): Pub com.chrome.beta.snapshot: com.google.android.apps.chrome.snapshot.SnapshotProvider
I/ActivityManager(  348): Start proc com.sonyericsson.unplugchargerreminder for broadcast com.sonyericsson.unplugchargerreminder/.BatteryReceiver: pid=12132 uid=10092 gids={}
I/ActivityManager(  348): No longer want com.svox.classic (pid 11585): hidden #16
D/dalvikvm(  134): GC_EXPLICIT freed 38K, 8% free 12617K/13599K, paused 2ms+3ms
I/ActivityManager(  348): No longer want stericson.busybox (pid 11883): hidden #16
D/dalvikvm(  134): GC_EXPLICIT freed <1K, 8% free 12617K/13599K, paused 2ms+3ms
W/MTP-usbux.SdCard(31092): Get sd card path failed
W/MTP-usbux.SdCard(31092): Get sd card path failed
I/MTP-usbux.Class(31092): Action = android.hardware.usb.action.USB_STATE
I/MTP-usbux.Class(31092): Action = com.sonymobile.mtpwifi.MTP_STACK_MODE
I/MTP-usbux.UsbService(31092): isOn=false
I/MTP-usbux.UsbService(31092): wifiHostId=-1
I/MTP-usbux.UsbService(31092): status=7
I/MTP-usbux.UsbService(31092): hostName=
I/MTP-usbux.UsbService(31092): bssId=80:3f:5d:96:61:27
V/DefCapUpdaterService(12047): Removed the record(_id=31891) in MediaProvider database as well.
D/dalvikvm(  134): GC_EXPLICIT freed <1K, 8% free 12617K/13599K, paused 2ms+6ms
E/Process (  348): Error getting pid for '0'
D/dalvikvm(11825): GC_CONCURRENT freed 823K, 7% free 13546K/14499K, paused 2ms+4ms
D/dalvikvm(12086): GC_CONCURRENT freed 911K, 7% free 13450K/14435K, paused 2ms+5ms
D/DefCapUpdaterService(12047): copyCustomizedXMLFile()
D/DefCapUpdaterService(12047): Copying: content://com.sonyericsson.provider.customization/settings/com.sonyericsson.capabilities/customized-capability.xml
D/CustomizationProvider(  633): openFile -- START uri=content://com.sonyericsson.provider.customization/settings/com.sonyericsson.capabilities/customized-capability.xml
D/DefCapUpdaterService(12047): inputStream != null
V/DefCapUpdaterService(12047): File 'customized-capability.xml' has been deleted in file system
D/MediaProvider(12086): object removed 31892
V/DefCapUpdaterService(12047): Removed the record(_id=31892) in MediaProvider database as well.
D/DefCapUpdaterService(12047): copyFile()
D/DefCapUpdaterService(12047): onDestroy()
D/DefCapUpdaterService(12047): MediaScannerConnectionClient onScanCompleted: /mnt/sdcard/default-capability.xml
W/ResourceType(12028): No package identifier when getting value for resource number 0x00000000
D/dalvikvm(12028): GC_CONCURRENT freed 1010K, 8% free 13353K/14435K, paused 2ms+9ms
D/DefCapUpdaterService(12047): MediaScannerConnectionClient onScanCompleted: /mnt/sdcard/customized-capability.xml
D/dalvikvm(12061): GC_EXPLICIT freed 696K, 6% free 14150K/14947K, paused 2ms+5ms
D/dalvikvm(12086): GC_EXPLICIT freed 718K, 7% free 13429K/14435K, paused 2ms+6ms
D/dalvikvm(  348): GC_EXPLICIT freed 3557K, 35% free 31466K/47779K, paused 3ms+20ms
I/ActivityManager(  348): No longer want com.svox.classic.langpack.por_bra_fem_trial (pid 11653): hidden #16
I/ActivityManager(  348): No longer want com.svox.classic.langpack.por_bra_fem (pid 11703): hidden #16
W/GAV2    (12028): Thread[GAThread,5,main]: Service unavailable (code=1), will retry.
W/ActivityManager(  348): Unable to start service Intent { act=com.google.android.gms.analytics.service.START (has extras) }: not found
I/GAV2    (12028): Thread[GAThread,5,main]: No campaign data found.
D/dalvikvm(12028): GC_CONCURRENT freed 1236K, 9% free 13851K/15203K, paused 3ms+15ms
I/ActivityManager(  348): No longer want com.google.android.googlequicksearchbox (pid 11902): hidden #16
I/ActivityManager(  348): Start proc com.android.vending for service com.android.vending/com.google.android.finsky.services.ContentSyncService: pid=12186 uid=10061 gids={3003, 1015}
I/ActivityThread(12186): Pub com.google.android.finsky.QSBSuggestionsProvider2: com.google.android.finsky.providers.QSBSuggestionsProvider
I/ActivityThread(12186): Pub com.google.android.finsky.AppIconProvider: com.google.android.finsky.providers.AppIconProvider
I/ActivityThread(12186): Pub com.google.android.finsky.RecentSuggestionsProvider: com.google.android.finsky.providers.RecentSuggestionsProvider
D/Finsky  (12186): [1] FinskyApp.onCreate: Initializing network with DFE https://android.clients.google.com/fdfe/
I/dalvikvm(12186): Could not find method android.provider.Settings$Global.getInt, referenced from method com.google.android.finsky.services.DailyHygiene.isProvisioned
W/dalvikvm(12186): VFY: unable to resolve static method 818: Landroid/provider/Settings$Global;.getInt (Landroid/content/ContentResolver;Ljava/lang/String;I)I
D/dalvikvm(12186): VFY: replacing opcode 0x71 at 0x000d
D/Finsky  (12186): [1] DailyHygiene.goMakeHygieneIfDirty: No need to run daily hygiene.
D/Finsky  (12186): [1] 2.run: Loaded library for account: [SP-4GDJ9hWALeJXVH1MNXT2NiVU]
D/Finsky  (12186): [1] 2.run: Finished loading 1 libraries.
D/dalvikvm(12186): GC_CONCURRENT freed 731K, 6% free 13655K/14499K, paused 2ms+2ms
D/Finsky  (12186): [1] GmsCoreHelper.cleanupNlp: result=false type=4
D/Finsky  (12186): [1] RestoreTracker.stopServiceIfDone: Restore complete with 0 success and 0 failed.
D/fast-dormancy(  142): [FDM]: ind_id=2
D/fast-dormancy(  142): [FDM]: reg_state=1 param_mask=4
D/Finsky  (12186): [1] 5.onFinished: Installation state replication succeeded.
I/ActivityManager(  348): No longer want com.google.android.gms (pid 11604): hidden #16
I/ActivityManager(  348): Start proc com.android.email for content provider com.android.email/.provider.EmailProvider: pid=12229 uid=10081 gids={3003, 1015}
I/ActivityThread(12229): Pub com.android.email.provider;com.android.email.notifier: com.android.email.provider.EmailProvider
I/ActivityThread(12229): Pub com.android.email.attachmentprovider: com.android.email.provider.AttachmentProvider
I/ActivityThread(12229): Pub com.android.email.EmailSearchSuggestionProvider: com.android.email.provider.EmailSearchSuggestionProvider
D/Eas Debug(11428): Logging: 
I/ActivityManager(  348): No longer want org.dayup.gtask (pid 11790): hidden #16
I/Email   (12229): ReconcilePopImapAccountsSync: start
D/AttachmentService(12229): Count: 0
I/Email   (12229): ReconcilePopImapAccountsSync: done
D/AttachmentService(12229): *** All done; shutting down service
W/GAV2    (12028): Thread[Service Reconnect,5,main]: Service unavailable (code=1), using local store.
W/ActivityManager(  348): Unable to start service Intent { act=com.google.android.gms.analytics.service.START (has extras) }: not found
D/dalvikvm(12229): GC_EXPLICIT freed 338K, 4% free 13116K/13599K, paused 2ms+4ms
D/dalvikvm(  348): GC_EXPLICIT freed 777K, 35% free 31460K/47779K, paused 3ms+10ms
D/dalvikvm(11428): GC_EXPLICIT freed 1045K, 9% free 13041K/14179K, paused 2ms+4ms
D/dalvikvm(12229): GC_EXPLICIT freed 259K, 4% free 13111K/13599K, paused 2ms+5ms
D/OBDproxyActivity(11033): onActivityResult with code: CANCELED
D/OBDproxyActivity(11033): BT not enabled
D/OBDproxyActivity(11033): stopOBDProxy()
W/InputManagerService(  348): Focus gain on non-focused client com.android.internal.view.IInputMethodClient$Stub$Proxy@41d9e228 (uid=10154 pid=11033)
D/memalloc(11549): /dev/pmem: Unmapping buffer base:0x5ef0a000 size:39448576 offset:38457344
D/memalloc(11549): /dev/pmem: Unmapping buffer base:0x614a9000 size:23130112 offset:22138880
D/memalloc(  133): /dev/pmem: Freeing buffer base:0x44b55000 size:991232 offset:38457344 fd:74
D/memalloc(  133): /dev/pmem: Freeing buffer base:0x43bc5000 size:991232 offset:22138880 fd:77
D/memalloc(11549): /dev/pmem: Unmapping buffer base:0x62ab8000 size:24121344 offset:23130112
D/OBDProxy(11033): onDestroy()
D/memalloc(11549): /dev/pmem: Unmapping buffer base:0x5c95d000 size:38457344 offset:38006784
D/memalloc(  133): /dev/pmem: Allocated buffer base:0x426a8000 size:409600 offset:22138880 fd:11
D/memalloc(11033): /dev/pmem: Mapped buffer base:0x5ef4d000 size:22548480 offset:22138880 fd:63
I/Adreno200-EGLSUB(  133): <CreateImage:893>: Android Image
I/Adreno200-EGLSUB(  133): <GetImageAttributes:1102>: RGBA_8888
I/Adreno200-EGLSUB(  744): <ConfigWindowMatch:2078>: Format RGBA_8888.
D/memalloc(  133): /dev/pmem: Allocated buffer base:0x426a8000 size:3768320 offset:24121344 fd:42
D/memalloc(  744): /dev/pmem: Mapped buffer base:0x5f1c5000 size:27889664 offset:24121344 fd:79
D/memalloc(  133): /dev/pmem: Freeing buffer base:0x43cb7000 size:991232 offset:23130112 fd:80
E/        (  744): glEndTilingQCOM: 0x502
D/memalloc(  133): /dev/pmem: Allocated buffer base:0x426a8000 size:3768320 offset:51933184 fd:53
D/memalloc(  744): /dev/pmem: Mapped buffer base:0x64186000 size:55701504 offset:51933184 fd:86
I/Adreno200-EGLSUB(  133): <CreateImage:893>: Android Image
I/Adreno200-EGLSUB(  133): <GetImageAttributes:1102>: RGBA_8888
D/OpenGLRenderer(11033): Flushing caches (mode 0)
D/memalloc(  133): /dev/pmem: Freeing buffer base:0x44ae7000 size:450560 offset:38006784 fd:65
D/memalloc(11033): /dev/pmem: Unmapping buffer base:0x5c8d3000 size:3768320 offset:0
D/memalloc(11033): /dev/pmem: Unmapping buffer base:0x5d300000 size:7536640 offset:3768320
D/memalloc(11033): /dev/pmem: Unmapping buffer base:0x5da30000 size:22138880 offset:18370560
D/memalloc(  133): /dev/pmem: Freeing buffer base:0x426a8000 size:3768320 offset:0 fd:38
D/memalloc(  133): /dev/pmem: Freeing buffer base:0x4382d000 size:3768320 offset:18370560 fd:59
I/ActivityManager(  348): No longer want com.sonyericsson.hdmi.controlservice (pid 12010): hidden #16
D/OpenGLRenderer(11033): Flushing caches (mode 1)
D/memalloc(  133): /dev/pmem: Freeing buffer base:0x42a40000 size:3768320 offset:3768320 fd:41
D/memalloc(11033): /dev/pmem: Unmapping buffer base:0x5ef4d000 size:22548480 offset:22138880
I/ActivityManager(  348): No longer want com.android.calendar (pid 11974): hidden #16
D/memalloc(  133): /dev/pmem: Freeing buffer base:0x43bc5000 size:409600 offset:22138880 fd:11
D/memalloc(  133): /dev/pmem: Allocated buffer base:0x426a8000 size:3674112 offset:34332672 fd:11
D/memalloc(  459): /dev/pmem: Mapped buffer base:0x63ffa000 size:38006784 offset:34332672 fd:88
I/Adreno200-EGLSUB(  133): <CreateImage:893>: Android Image
I/Adreno200-EGLSUB(  133): <GetImageAttributes:1102>: RGBA_8888
D/dalvikvm(  348): GC_EXPLICIT freed 1335K, 35% free 31507K/47779K, paused 2ms+11ms
I/GCoreUlr(  874): Successfully inserted location
I/GCoreUlr(  874): Not calling LocationReportingService, hasMoved: false, elapsed millis: 360267, request: Phone
D/dalvikvm(  874): GC_CONCURRENT freed 1753K, 15% free 14272K/16611K, paused 2ms+20ms
I/ActivityManager(  348): START {flg=0x24000000 cmp=com.hp.myidea.obdproxy/.app.OBDproxyActivity bnds=[0,158][720,286]} from pid -1
W/ActivityManager(  348): startActivity called from non-Activity context; forcing Intent.FLAG_ACTIVITY_NEW_TASK for: Intent { flg=0x24000000 cmp=com.hp.myidea.obdproxy/.app.OBDproxyActivity bnds=[0,158][720,286] }
D/OBDproxyActivity(11033): onCreate()
W/KeyguardViewMediator(  348): verifyUnlock called when not externally disabled
D/memalloc(  133): /dev/pmem: Allocated buffer base:0x426a8000 size:3768320 offset:14696448 fd:38
D/memalloc(  348): /dev/pmem: Mapped buffer base:0x6663b000 size:18464768 offset:14696448 fd:330
D/OBDproxyActivity(11033): startOBDProxy()
D/OBDproxyActivity(11033): onResume()
D/OBDProxy(11033): onCreate()
I/Adreno200-EGLSUB(  133): <CreateImage:893>: Android Image
I/Adreno200-EGLSUB(  133): <GetImageAttributes:1102>: RGBA_8888
D/OpenGLRenderer(  744): Flushing caches (mode 1)
D/OBDProxy(11033): onStartCommand()
D/OBDProxy(11033): 
D/OBDProxy(11033): 
D/OBDProxy(11033): handleCommand() - START ACTION
D/OBDProxy(11033): onBind()
D/OpenGLRenderer(  744): Flushing caches (mode 0)
I/Adreno200-EGLSUB(11033): <ConfigWindowMatch:2078>: Format RGBA_8888.
D/memalloc(  133): /dev/pmem: Allocated buffer base:0x426a8000 size:3768320 offset:18464768 fd:41
D/memalloc(11033): /dev/pmem: Mapped buffer base:0x5d300000 size:22233088 offset:18464768 fd:60
D/OBDproxyActivity(11033): OBDProxy connected
D/memalloc(  744): /dev/pmem: Unmapping buffer base:0x5f1c5000 size:27889664 offset:24121344
D/memalloc(  744): /dev/pmem: Unmapping buffer base:0x64186000 size:55701504 offset:51933184
D/memalloc(  133): /dev/pmem: Freeing buffer base:0x4582f000 size:3768320 offset:51933184 fd:53
D/memalloc(  133): /dev/pmem: Allocated buffer base:0x426a8000 size:3768320 offset:0 fd:53
D/memalloc(11033): /dev/pmem: Mapped buffer base:0x5e834000 size:3768320 offset:0 fd:66
I/OBDProxy(11033): Received message: REGISTER_HANDLER
D/OBDProxy(11033): 
D/OBDProxy(11033): 
D/OBDProxy(11033): 
D/OBDProxy(11033): 
D/OBDProxy(11033): init()
D/OBDProxy(11033): 			Will initialize...
I/ActivityManager(  348): Displayed com.hp.myidea.obdproxy/.app.OBDproxyActivity: +251ms (total +57s13ms)
D/OBDProxy(11033): notifyOBDStatus() - BT_DISABLED
D/OBDproxyActivity(11033): Received message: 1
I/ActivityManager(  348): START {act=android.bluetooth.adapter.action.REQUEST_ENABLE cmp=com.android.settings/.bluetooth.RequestPermissionActivity} from pid 11033
I/Adreno200-EGLSUB(  133): <CreateImage:893>: Android Image
I/Adreno200-EGLSUB(  133): <GetImageAttributes:1102>: RGBA_8888
D/OBDproxyActivity(11033): onPause()
D/OBDproxyActivity(11033): unbindBluetoothReceiver() - supposing it is bound
I/OBDProxy(11033): Received message: UNREGISTER_HANDLER
I/ActivityManager(  348): START {act=com.android.settings.bluetooth.ACTION_INTERNAL_REQUEST_BT_ON cmp=com.android.settings/.bluetooth.RequestPermissionHelperActivity} from pid 11549
D/memalloc(  459): /dev/pmem: Unmapping buffer base:0x63ffa000 size:38006784 offset:34332672
D/memalloc(  133): /dev/pmem: Freeing buffer base:0x43da9000 size:3768320 offset:24121344 fd:42
D/memalloc(  133): /dev/pmem: Freeing buffer base:0x44766000 size:3674112 offset:34332672 fd:11
D/memalloc(  133): /dev/pmem: Allocated buffer base:0x426a8000 size:450560 offset:34332672 fd:11
D/memalloc(11549): /dev/pmem: Mapped buffer base:0x5c95d000 size:34783232 offset:34332672 fd:54
I/Adreno200-EGLSUB(  133): <CreateImage:893>: Android Image
I/Adreno200-EGLSUB(  133): <GetImageAttributes:1102>: RGBA_8888
D/memalloc(  133): /dev/pmem: Allocated buffer base:0x426a8000 size:991232 offset:34783232 fd:49
D/memalloc(11549): /dev/pmem: Mapped buffer base:0x5ef0a000 size:35774464 offset:34783232 fd:63
D/memalloc(  348): /dev/pmem: Unmapping buffer base:0x6663b000 size:18464768 offset:14696448
I/ActivityManager(  348): Displayed com.android.settings/.bluetooth.RequestPermissionActivity: +175ms
I/ActivityManager(  348): Displayed com.android.settings/.bluetooth.RequestPermissionHelperActivity: +163ms
I/Adreno200-EGLSUB(  133): <CreateImage:893>: Android Image
I/Adreno200-EGLSUB(  133): <GetImageAttributes:1102>: RGBA_8888
D/memalloc(  133): /dev/pmem: Freeing buffer base:0x434ac000 size:3768320 offset:14696448 fd:38
D/memalloc(  133): /dev/pmem: Allocated buffer base:0x426a8000 size:991232 offset:14696448 fd:38
D/memalloc(11549): /dev/pmem: Mapped buffer base:0x61128000 size:15687680 offset:14696448 fd:66
I/Adreno200-EGLSUB(  133): <CreateImage:893>: Android Image
I/Adreno200-EGLSUB(  133): <GetImageAttributes:1102>: RGBA_8888
D/memalloc(  133): /dev/pmem: Allocated buffer base:0x426a8000 size:991232 offset:15687680 fd:42
D/memalloc(11549): /dev/pmem: Mapped buffer base:0x6201e000 size:16678912 offset:15687680 fd:69
I/Adreno200-EGLSUB(  133): <CreateImage:893>: Android Image
I/Adreno200-EGLSUB(  133): <GetImageAttributes:1102>: RGBA_8888
D/memalloc(  133): /dev/pmem: Allocated buffer base:0x426a8000 size:3768320 offset:35774464 fd:65
D/memalloc(11033): /dev/pmem: Mapped buffer base:0x5ebcc000 size:39542784 offset:35774464 fd:69
I/Adreno200-EGLSUB(  133): <CreateImage:893>: Android Image
I/Adreno200-EGLSUB(  133): <GetImageAttributes:1102>: RGBA_8888
I/Adreno200-EGLSUB(  133): <CreateImage:893>: Android Image
I/Adreno200-EGLSUB(  133): <GetImageAttributes:1102>: RGBA_8888
D/BluetoothAdapterStateMachine(  348): PowerOff process message: 1
D/BluetoothAdapterStateMachine(  348): Bluetooth state 10 -> 11
I/bluedroid(  348): Starting hciattach daemon
E/bluedroid(  348): HCI device cannot open: ret: -1, errno: 19
I/ActivityManager(  348): Start proc com.android.bluetooth for broadcast com.android.bluetooth/.pbap.BluetoothPbapReceiver: pid=12355 uid=10003 gids={3003, 3002, 3001, 1015}
V/BluetoothEventManager(11549): Received android.bluetooth.adapter.action.STATE_CHANGED
E/bluedroid(  348): HCI device cannot open: ret: -1, errno: 19
D/memalloc(11549): /dev/pmem: Unmapping buffer base:0x5ef0a000 size:35774464 offset:34783232
D/memalloc(11549): /dev/pmem: Unmapping buffer base:0x6201e000 size:16678912 offset:15687680
D/memalloc(  133): /dev/pmem: Freeing buffer base:0x447d4000 size:991232 offset:34783232 fd:49
D/memalloc(  133): /dev/pmem: Freeing buffer base:0x4359e000 size:991232 offset:15687680 fd:42
D/memalloc(11549): /dev/pmem: Unmapping buffer base:0x61128000 size:15687680 offset:14696448
I/ActivityThread(12355): Pub com.android.bluetooth.opp: com.android.bluetooth.opp.BluetoothOppProvider
D/memalloc(  133): /dev/pmem: Allocated buffer base:0x426a8000 size:720896 offset:39542784 fd:42
D/memalloc(11549): /dev/pmem: Mapped buffer base:0x5ef0a000 size:40263680 offset:39542784 fd:63
E/bluedroid(  348): HCI device cannot open: ret: -1, errno: 19
I/dalvikvm(12028): Could not find method android.bluetooth.BluetoothDevice.getType, referenced from method com.sonyericsson.extras.liveware.asf.event.BluetoothHandler.checkBLEDevice
W/dalvikvm(12028): VFY: unable to resolve virtual method 211: Landroid/bluetooth/BluetoothDevice;.getType ()I
D/dalvikvm(12028): VFY: replacing opcode 0x6e at 0x0009
I/Adreno200-EGLSUB(  133): <CreateImage:893>: Android Image
I/Adreno200-EGLSUB(  133): <GetImageAttributes:1102>: RGBA_8888
D/memalloc(  133): /dev/pmem: Freeing buffer base:0x434ac000 size:991232 offset:14696448 fd:38
E/bluedroid(  348): HCI device cannot open: ret: -1, errno: 19
E/bluedroid(  348): HCI device cannot open: ret: -1, errno: 19
E/brcm_patchram_plus(12356): Done setting line discpline
I/bluedroid(  348): Starting bluetoothd deamon
E/BluetoothEventLoop.cpp(  348): get_adapter_path: D-Bus error: org.freedesktop.DBus.Error.ServiceUnknown (The name org.bluez was not provided by any .service files)
E/BluetoothEventLoop.cpp(  348): get_adapter_path: D-Bus error: org.freedesktop.DBus.Error.ServiceUnknown (The name org.bluez was not provided by any .service files)
E/BluetoothEventLoop.cpp(  348): get_adapter_path: D-Bus error: org.freedesktop.DBus.Error.ServiceUnknown (The name org.bluez was not provided by any .service files)
E/BluetoothEventLoop.cpp(  348): get_adapter_path: D-Bus error: org.freedesktop.DBus.Error.ServiceUnknown (The name org.bluez was not provided by any .service files)
E/BluetoothEventLoop.cpp(  348): get_adapter_path: D-Bus error: org.freedesktop.DBus.Error.ServiceUnknown (The name org.bluez was not provided by any .service files)
E/BluetoothEventLoop.cpp(  348): get_adapter_path: D-Bus error: org.bluez.Error.NoSuchAdapter (No such adapter)
E/BluetoothEventLoop.cpp(  348): failure setting up Event Loop!
I/BluetoothEventLoop.cpp(  348): agent_event_filter: Received method org.bluez.Agent:Release
D/BluetoothEventLoop(  348): Property Changed: Pairable : false
D/BluetoothEventLoop(  348): Property Changed: Powered : false
E/BluetoothService.cpp(  348): setBluetoothTetheringNative true
D/BluetoothEventLoop(  348): Property Changed: UUIDs : 6
D/BluetoothEventLoop(  348): Property Changed: UUIDs : 7
D/BluetoothEventLoop(  348): Property Changed: UUIDs : 8
D/BluetoothEventLoop(  348): Property Changed: UUIDs : 9
D/BluetoothEventLoop(  348): Property Changed: UUIDs : 10
D/BluetoothAdapterStateMachine(  348): WarmUp process message: 101
D/BluetoothAdapterStateMachine(  348): WarmUp process message: 54
D/BluetoothAdapterStateMachine(  348): WarmUp process message: 51
D/BluetoothAdapterStateMachine(  348): HotOff process message: 101
D/memalloc(  133): /dev/pmem: Allocated buffer base:0x426a8000 size:720896 offset:34783232 fd:38
D/memalloc(11549): /dev/pmem: Mapped buffer base:0x61570000 size:35504128 offset:34783232 fd:58
I/Adreno200-EGLSUB(  133): <CreateImage:893>: Android Image
I/Adreno200-EGLSUB(  133): <GetImageAttributes:1102>: RGBA_8888
D/memalloc(  133): /dev/pmem: Allocated buffer base:0x426a8000 size:720896 offset:14696448 fd:62
D/memalloc(11549): /dev/pmem: Mapped buffer base:0x6374c000 size:15417344 offset:14696448 fd:66
I/Adreno200-EGLSUB(  133): <CreateImage:893>: Android Image
I/Adreno200-EGLSUB(  133): <GetImageAttributes:1102>: RGBA_8888
D/BluetoothEventLoop(  348): Property Changed: Powered : true
D/BluetoothEventLoop(  348): Property Changed: Pairable : true
D/BluetoothAdapterStateMachine(  348): Switching process message: 54
D/BluetoothEventLoop(  348): Property Changed: Class : 5898764
D/BluetoothEventLoop(  348): Property Changed: Pairable : true
D/BluetoothEventLoop(  348): Property Changed: Discoverable : false
D/BluetoothAdapterStateMachine(  348): Switching process message: 53
D/BluetoothBondState(  348): found 11 bonded devices
I/BluetoothDeviceProfileState(  348): Entering ACL Connected state with: -2
I/BluetoothDeviceProfileState(  348): Entering ACL Connected state with: -2
I/BluetoothDeviceProfileState(  348): Entering ACL Connected state with: -2
I/BluetoothDeviceProfileState(  348): Entering ACL Connected state with: -2
I/BluetoothDeviceProfileState(  348): Entering ACL Connected state with: -2
I/BluetoothDeviceProfileState(  348): Entering ACL Connected state with: -2
I/BluetoothDeviceProfileState(  348): Entering ACL Connected state with: -2
I/BluetoothDeviceProfileState(  348): Entering ACL Connected state with: -2
I/BluetoothDeviceProfileState(  348): Entering ACL Connected state with: -2
I/BluetoothDeviceProfileState(  348): Entering ACL Connected state with: -2
I/BluetoothDeviceProfileState(  348): Entering ACL Connected state with: -2
D/BluetoothAdapterStateMachine(  348): Bluetooth state 11 -> 12
V/BluetoothEventManager(11549): Received android.bluetooth.adapter.action.STATE_CHANGED
D/LocalBluetoothProfileManager(11549): Adding local A2DP profile
I/BluetoothProfileState(  348): Message:Entering PendingCommandState State
D/BluetoothA2dpService(  348): connectSink(00:19:B5:F6:00:05)
I/BluetoothProfileState(  348): Message:Entering PendingCommandState State
I/BluetoothDeviceProfileState(  348): Entering OutgoingHandsfree state with: 1
D/LocalBluetoothProfileManager(11549): Adding local HEADSET profile
D/BluetoothService(  348): CONNECTION_STATE_CHANGE: 00:19:B5:F6:00:05: 0 -> 1
D/LocalBluetoothProfileManager(11549): Adding local OPP profile
D/BT HSHFP(  656): SDP UUID: TYPE_HANDSFREE
I/BT HSHFP(  656): Created RFCOMM socket fd 111.
I/BT HSHFP(  656): async connect is in progress (Operation now in progress)
D/memalloc(11549): /dev/pmem: Unmapping buffer base:0x5ef0a000 size:40263680 offset:39542784
D/memalloc(11549): /dev/pmem: Unmapping buffer base:0x61570000 size:35504128 offset:34783232
D/memalloc(  133): /dev/pmem: Freeing buffer base:0x44c5e000 size:720896 offset:39542784 fd:42
D/memalloc(  133): /dev/pmem: Freeing buffer base:0x447d4000 size:720896 offset:34783232 fd:38
D/memalloc(11549): /dev/pmem: Unmapping buffer base:0x6374c000 size:15417344 offset:14696448
D/OBDproxyActivity(11033): onActivityResult with code: OK
I/OBDProxy(11033): Received message: CONNECT_TO
D/OBDProxy(11033): Received address: null
D/BluetoothConnector(11033): connect to: 00:19:5D:27:38:A6
D/BluetoothConnector(11033): setState() 0 -> 2
D/OBDproxyActivity(11033): onResume()
I/OBDConnector(11033): MESSAGE_STATE_CHANGE: 2
D/OBDProxy(11033): notifyOBDStatus() - NO Activity handler to receive!
D/memalloc(  133): /dev/pmem: Freeing buffer base:0x434ac000 size:720896 offset:14696448 fd:62
D/OBDproxyActivity(11033): OBDProxy connected
I/OBDProxy(11033): Received message: REGISTER_HANDLER
D/OBDProxy(11033): 
D/OBDProxy(11033): 
D/OBDProxy(11033): 
D/OBDProxy(11033): 
D/OBDProxy(11033): init()
D/OBDProxy(11033): 			Will initialize...
I/BluetoothConnector(11033): BEGIN mConnectThread
D/BluetoothConnector(11033): connect to: 00:19:5D:27:38:A6
I/BluetoothConnector(11033): BEGIN mConnectThread
D/BluetoothConnector(11033): setState() 2 -> 2
D/DockEventReceiver(11549): finishStartingService: stopping service
E/BluetoothService.cpp(  348): stopDiscoveryNative: D-Bus error in StopDiscovery: org.bluez.Error.Failed (Invalid discovery session)
D/OBDProxy(11033): notifyOBDStatus() - CONNECTING
I/OBDConnector(11033): MESSAGE_STATE_CHANGE: 2
D/OBDProxy(11033): notifyOBDStatus() - CONNECTING
D/OBDproxyActivity(11033): Received message: 3
E/BluetoothService.cpp(  348): stopDiscoveryNative: D-Bus error in StopDiscovery: org.bluez.Error.Failed (Invalid discovery session)
D/memalloc(11549): /dev/pmem: Unmapping buffer base:0x5c95d000 size:34783232 offset:34332672
D/BluetoothEventLoop(  348): Property Changed: UUIDs : 11
D/BluetoothService(  348): new handle 10008
D/OBDproxyActivity(11033): Received message: 3
D/BluetoothAdapterStateMachine(  348): BluetoothOn process message: 51
E/BluetoothConnector(11033): Connection failed: 
E/BluetoothConnector(11033): java.io.IOException: socket closed
E/BluetoothConnector(11033): 	at android.bluetooth.BluetoothSocket.connect(BluetoothSocket.java:210)
E/BluetoothConnector(11033): 	at com.hp.myidea.obdproxy.base.BluetoothConnector$ConnectThread.run(BluetoothConnector.java:305)
D/BluetoothConnector(11033): Will retry 4 times.
E/BluetoothEventLoop.cpp(  348): onCreateDeviceResult: D-Bus error: org.bluez.Error.AlreadyExists (Already Exists)
I/BtOppRfcommListener(12355): Accept thread started on channel 12
D/memalloc(  133): /dev/pmem: Allocated buffer base:0x426a8000 size:147456 offset:40865792 fd:38
D/memalloc(11033): /dev/pmem: Mapped buffer base:0x61182000 size:41013248 offset:40865792 fd:75
I/Adreno200-EGLSUB(  133): <CreateImage:893>: Android Image
I/Adreno200-EGLSUB(  133): <GetImageAttributes:1102>: RGBA_8888
D/memalloc(  133): /dev/pmem: Freeing buffer base:0x44766000 size:450560 offset:34332672 fd:11
E/BluetoothConnector(11033): Connection failed: 
E/BluetoothConnector(11033): java.io.IOException: socket closed
E/BluetoothConnector(11033): 	at android.bluetooth.BluetoothSocket.connect(BluetoothSocket.java:210)
E/BluetoothConnector(11033): 	at com.hp.myidea.obdproxy.base.BluetoothConnector$ConnectThread.run(BluetoothConnector.java:305)
D/BluetoothConnector(11033): Will retry 3 times.
D/memalloc(11033): /dev/pmem: Unmapping buffer base:0x61182000 size:41013248 offset:40865792
E/BluetoothConnector(11033): Connection failed: 
E/BluetoothConnector(11033): java.io.IOException: socket closed
E/BluetoothConnector(11033): 	at android.bluetooth.BluetoothSocket.connect(BluetoothSocket.java:210)
E/BluetoothConnector(11033): 	at com.hp.myidea.obdproxy.base.BluetoothConnector$ConnectThread.run(BluetoothConnector.java:305)
D/BluetoothConnector(11033): Will retry 2 times.
D/memalloc(  133): /dev/pmem: Allocated buffer base:0x426a8000 size:147456 offset:40525824 fd:11
D/memalloc(11033): /dev/pmem: Mapped buffer base:0x61182000 size:40673280 offset:40525824 fd:75
I/Adreno200-EGLSUB(  133): <CreateImage:893>: Android Image
I/Adreno200-EGLSUB(  133): <GetImageAttributes:1102>: RGBA_8888
D/memalloc(  133): /dev/pmem: Freeing buffer base:0x44da1000 size:147456 offset:40865792 fd:38
E/BluetoothConnector(11033): Connection failed: 
E/BluetoothConnector(11033): java.io.IOException: socket closed
E/BluetoothConnector(11033): 	at android.bluetooth.BluetoothSocket.connect(BluetoothSocket.java:210)
E/BluetoothConnector(11033): 	at com.hp.myidea.obdproxy.base.BluetoothConnector$ConnectThread.run(BluetoothConnector.java:305)
D/BluetoothConnector(11033): Will retry 1 times.
E/BluetoothConnector(11033): Connection failed: 
E/BluetoothConnector(11033): java.io.IOException: socket closed
E/BluetoothConnector(11033): 	at android.bluetooth.BluetoothSocket.connect(BluetoothSocket.java:210)
E/BluetoothConnector(11033): 	at com.hp.myidea.obdproxy.base.BluetoothConnector$ConnectThread.run(BluetoothConnector.java:305)
D/BluetoothConnector(11033): Will retry 0 times.
D/memalloc(11033): /dev/pmem: Unmapping buffer base:0x61182000 size:40673280 offset:40525824
D/memalloc(  133): /dev/pmem: Freeing buffer base:0x44d4e000 size:147456 offset:40525824 fd:11
E/BT HSHFP(  656): RFCOMM async connect() error: Host is down (112), nr = -1
I/BT HSHFP(  656): Trying to connect to rfcomm socket again after 1 sec
D/BluetoothConnector(11033): setState() 2 -> 4
I/OBDConnector(11033): MESSAGE_STATE_CHANGE: 4
D/OBDProxy(11033): notifyOBDStatus() - OBD_NOT_CONFIGURED
D/OBDproxyActivity(11033): Received message: 0
D/BluetoothConnector(11033): start
E/BluetoothConnector(11033): Connection failed: 
E/BluetoothConnector(11033): java.io.IOException: Service discovery canceled
E/BluetoothConnector(11033): 	at android.bluetooth.BluetoothSocket$SdpHelper.doSdp(BluetoothSocket.java:402)
E/BluetoothConnector(11033): 	at android.bluetooth.BluetoothSocket.connect(BluetoothSocket.java:213)
E/BluetoothConnector(11033): 	at com.hp.myidea.obdproxy.base.BluetoothConnector$ConnectThread.run(BluetoothConnector.java:305)
D/BluetoothConnector(11033): Will retry 4 times.
D/BluetoothConnector(11033): setState() 4 -> 1
I/ActivityManager(  348): START {cmp=com.hp.myidea.obdproxy/.app.BluetoothDeviceList} from pid 11033
I/OBDConnector(11033): MESSAGE_STATE_CHANGE: 1
D/OBDproxyActivity(11033): onPause()
D/OBDproxyActivity(11033): unbindBluetoothReceiver() - supposing it is bound
I/OBDProxy(11033): Received message: UNREGISTER_HANDLER
I/Adreno200-EGLSUB(11033): <ConfigWindowMatch:2078>: Format RGBA_8888.
D/memalloc(  133): /dev/pmem: Allocated buffer base:0x426a8000 size:3194880 offset:14696448 fd:11
D/memalloc(11033): /dev/pmem: Mapped buffer base:0x61182000 size:17891328 offset:14696448 fd:72
D/memalloc(  133): /dev/pmem: Allocated buffer base:0x426a8000 size:262144 offset:17891328 fd:40
D/memalloc(11033): /dev/pmem: Mapped buffer base:0x62292000 size:18153472 offset:17891328 fd:81
I/Adreno200-EGLSUB(  133): <CreateImage:893>: Android Image
I/Adreno200-EGLSUB(  133): <GetImageAttributes:1102>: RGBA_8888
D/memalloc(11033): /dev/pmem: Unmapping buffer base:0x61182000 size:17891328 offset:14696448
D/memalloc(  133): /dev/pmem: Freeing buffer base:0x434ac000 size:3194880 offset:14696448 fd:11
I/Adreno200-EGLSUB(11033): <ConfigWindowMatch:2078>: Format RGBA_8888.
D/memalloc(  133): /dev/pmem: Allocated buffer base:0x426a8000 size:3194880 offset:14696448 fd:11
D/memalloc(11033): /dev/pmem: Mapped buffer base:0x61182000 size:17891328 offset:14696448 fd:72
D/memalloc(  133): /dev/pmem: Allocated buffer base:0x426a8000 size:3194880 offset:3768320 fd:38
D/memalloc(11033): /dev/pmem: Mapped buffer base:0x63562000 size:6963200 offset:3768320 fd:84
I/Adreno200-EGLSUB(  133): <CreateImage:893>: Android Image
I/Adreno200-EGLSUB(  133): <GetImageAttributes:1102>: RGBA_8888
I/ActivityManager(  348): Displayed com.hp.myidea.obdproxy/.app.BluetoothDeviceList: +399ms
D/BluetoothEventLoop(  348): Device property changed: 00:19:5D:27:38:A6 property: Connected value: true
D/BluetoothService(  348): updateDeviceServiceChannelCache(00:19:5D:27:38:A6)
D/BluetoothService(  348): 	uuid(application): 00001101-0000-1000-8000-00805f9b34fb 1
D/BluetoothService(  348): Making callback for 00001101-0000-1000-8000-00805f9b34fb with result 1
V/BluetoothEventManager(11549): Received android.bluetooth.device.action.UUID
I/BT HSHFP(  656): Created RFCOMM socket fd 111.
I/BT HSHFP(  656): async connect is in progress (Operation now in progress)
E/BluetoothConnector(11033): Connection failed: 
E/BluetoothConnector(11033): java.io.IOException: socket closed
E/BluetoothConnector(11033): 	at android.bluetooth.BluetoothSocket.connect(BluetoothSocket.java:210)
E/BluetoothConnector(11033): 	at com.hp.myidea.obdproxy.base.BluetoothConnector$ConnectThread.run(BluetoothConnector.java:305)
D/BluetoothConnector(11033): Will retry 3 times.
V/BluetoothEventManager(11549): Received android.bluetooth.device.action.UUID
D/memalloc(  133): /dev/pmem: Allocated buffer base:0x426a8000 size:3194880 offset:6963200 fd:62
D/memalloc(11033): /dev/pmem: Mapped buffer base:0x63c06000 size:10158080 offset:6963200 fd:87
I/Adreno200-EGLSUB(  133): <CreateImage:893>: Android Image
I/Adreno200-EGLSUB(  133): <GetImageAttributes:1102>: RGBA_8888
I/Adreno200-EGLSUB(  133): <CreateImage:893>: Android Image
I/Adreno200-EGLSUB(  133): <GetImageAttributes:1102>: RGBA_8888
E/BluetoothConnector(11033): Connection failed: 
E/BluetoothConnector(11033): java.io.IOException: socket closed
E/BluetoothConnector(11033): 	at android.bluetooth.BluetoothSocket.connect(BluetoothSocket.java:210)
E/BluetoothConnector(11033): 	at com.hp.myidea.obdproxy.base.BluetoothConnector$ConnectThread.run(BluetoothConnector.java:305)
D/BluetoothConnector(11033): Will retry 2 times.
D/dalvikvm(  874): GC_CONCURRENT freed 1790K, 14% free 14351K/16611K, paused 2ms+3ms
E/BluetoothConnector(11033): Connection failed: 
E/BluetoothConnector(11033): java.io.IOException: socket closed
E/BluetoothConnector(11033): 	at android.bluetooth.BluetoothSocket.connect(BluetoothSocket.java:210)
E/BluetoothConnector(11033): 	at com.hp.myidea.obdproxy.base.BluetoothConnector$ConnectThread.run(BluetoothConnector.java:305)
D/BluetoothConnector(11033): Will retry 1 times.
D/memalloc(11033): /dev/pmem: Unmapping buffer base:0x62292000 size:18153472 offset:17891328
E/BluetoothConnector(11033): Connection failed: 
E/BluetoothConnector(11033): java.io.IOException: socket closed
E/BluetoothConnector(11033): 	at android.bluetooth.BluetoothSocket.connect(BluetoothSocket.java:210)
E/BluetoothConnector(11033): 	at com.hp.myidea.obdproxy.base.BluetoothConnector$ConnectThread.run(BluetoothConnector.java:305)
D/BluetoothConnector(11033): Will retry 0 times.
D/memalloc(  133): /dev/pmem: Freeing buffer base:0x437b8000 size:262144 offset:17891328 fd:40
D/BluetoothConnector(11033): setState() 1 -> 4
E/BluetoothService.cpp(  348): stopDiscoveryNative: D-Bus error in StopDiscovery: org.bluez.Error.Failed (Invalid discovery session)
D/BluetoothConnector(11033): start
D/BluetoothConnector(11033): setState() 4 -> 1
I/OBDConnector(11033): MESSAGE_STATE_CHANGE: 4
D/OBDProxy(11033): notifyOBDStatus() - NO Activity handler to receive!
I/OBDConnector(11033): MESSAGE_STATE_CHANGE: 1
D/OBDproxyActivity(11033): onActivityResult with code: OK
D/OBDproxyActivity(11033): 
D/OBDproxyActivity(11033): 
D/OBDproxyActivity(11033): 
D/OBDproxyActivity(11033): 
D/OBDproxyActivity(11033): onActivityResult() - O ENDERECO DO DEVICE EH: 00:19:5D:27:38:A6 e receciverSvcConnected diz: false
D/OBDproxyActivity(11033): 
D/OBDproxyActivity(11033): 
D/OBDproxyActivity(11033): 
D/OBDproxyActivity(11033): onResume()
I/OBDProxy(11033): Received message: CONNECT_TO
D/OBDProxy(11033): Received address: 00:19:5D:27:38:A6
D/BluetoothConnector(11033): connect to: 00:19:5D:27:38:A6
D/BluetoothConnector(11033): setState() 1 -> 2
D/OBDproxyActivity(11033): OBDProxy connected
D/OpenGLRenderer(11033): Flushing caches (mode 0)
I/BluetoothConnector(11033): BEGIN mConnectThread
E/BluetoothService.cpp(  348): stopDiscoveryNative: D-Bus error in StopDiscovery: org.bluez.Error.Failed (Invalid discovery session)
E/BluetoothEventLoop.cpp(  348): onCreateDeviceResult: D-Bus error: org.bluez.Error.AlreadyExists (Already Exists)
D/memalloc(11033): /dev/pmem: Unmapping buffer base:0x61182000 size:17891328 offset:14696448
D/memalloc(11033): /dev/pmem: Unmapping buffer base:0x63562000 size:6963200 offset:3768320
D/memalloc(11033): /dev/pmem: Unmapping buffer base:0x63c06000 size:10158080 offset:6963200
D/memalloc(  133): /dev/pmem: Freeing buffer base:0x434ac000 size:3194880 offset:14696448 fd:11
D/memalloc(  133): /dev/pmem: Freeing buffer base:0x42a40000 size:3194880 offset:3768320 fd:38
D/memalloc(  133): /dev/pmem: Allocated buffer base:0x426a8000 size:262144 offset:39542784 fd:11
D/memalloc(11033): /dev/pmem: Mapped buffer base:0x63562000 size:39804928 offset:39542784 fd:80
E/BluetoothEventLoop.cpp(  348): onDiscoverServicesResult: D-Bus error: org.bluez.Error.Failed (Software caused connection abort)
D/BluetoothService(  348): Cleaning up failed UUID channel lookup: 00:19:5D:27:38:A6 00001101-0000-1000-8000-00805f9b34fb
E/BluetoothConnector(11033): Connection failed: 
E/BluetoothConnector(11033): java.io.IOException: Service discovery failed
E/BluetoothConnector(11033): 	at android.bluetooth.BluetoothSocket$SdpHelper.doSdp(BluetoothSocket.java:403)
E/BluetoothConnector(11033): 	at android.bluetooth.BluetoothSocket.connect(BluetoothSocket.java:213)
E/BluetoothConnector(11033): 	at com.hp.myidea.obdproxy.base.BluetoothConnector$ConnectThread.run(BluetoothConnector.java:305)
D/BluetoothConnector(11033): Will retry 4 times.
D/BluetoothEventLoop(  348): Device property changed: 00:19:5D:27:38:A6 property: Connected value: false
I/Adreno200-EGLSUB(  133): <CreateImage:893>: Android Image
I/Adreno200-EGLSUB(  133): <GetImageAttributes:1102>: RGBA_8888
I/OBDConnector(11033): MESSAGE_STATE_CHANGE: 2
D/OBDProxy(11033): notifyOBDStatus() - NO Activity handler to receive!
I/OBDProxy(11033): Received message: REGISTER_HANDLER
D/OBDProxy(11033): 
D/OBDProxy(11033): 
D/OBDProxy(11033): 
D/OBDProxy(11033): 
D/OBDProxy(11033): init()
D/OBDProxy(11033): 			Already initialized...
D/OBDProxy(11033): notifyOBDStatus() - CONNECTING
D/OBDproxyActivity(11033): Received message: 3
V/BluetoothEventManager(11549): Received android.bluetooth.device.action.UUID
E/BluetoothService.cpp(  348): stopDiscoveryNative: D-Bus error in StopDiscovery: org.bluez.Error.Failed (Invalid discovery session)
D/memalloc(  133): /dev/pmem: Freeing buffer base:0x42d4c000 size:3194880 offset:6963200 fd:62
E/BT HSHFP(  656): RFCOMM async connect() error: Host is down (112), nr = -1
W/BT HSHFP(  656): headset.waitForAsyncConnect() error: -112
I/BluetoothProfileState(  348): Message:Entering Stable State
D/BluetoothAdapterStateMachine(  348): BluetoothOn process message: 52
D/BluetoothService(  348): CONNECTION_STATE_CHANGE: 00:19:B5:F6:00:05: 1 -> 0
V/BluetoothEventManager(11549): Received android.bluetooth.headset.profile.action.CONNECTION_STATE_CHANGED
I/LocalBluetoothProfileManager(11549): Failed to connect HEADSET device
D/CachedBluetoothDevice(11549): onProfileStateChanged: profile HEADSET newProfileState 0
I/BluetoothDeviceProfileState(  348): Entering ACL Connected state with: 102
I/BluetoothDeviceProfileState(  348): Entering OutgoingA2dp state with: 3
D/BluetoothA2dpService(  348): A2DP state : device: 00:19:B5:F6:00:05 State:0->1
D/BluetoothService(  348): CONNECTION_STATE_CHANGE: 00:19:B5:F6:00:05: 0 -> 1
D/BluetoothA2dpService(  348): A2DP: onSinkPropertyChanged newState is: 1mPlayingA2dpDevice: null
I/BluetoothDeviceProfileState(  348): Entering ACL Connected state with: 102
V/BluetoothEventManager(11549): Received android.bluetooth.a2dp.profile.action.CONNECTION_STATE_CHANGED
D/CachedBluetoothDevice(11549): onProfileStateChanged: profile A2DP newProfileState 1
E/BluetoothEventLoop.cpp(  348): onCreateDeviceResult: D-Bus error: org.bluez.Error.AlreadyExists (Already Exists)
D/memalloc(11033): /dev/pmem: Unmapping buffer base:0x63562000 size:39804928 offset:39542784
D/memalloc(  133): /dev/pmem: Allocated buffer base:0x426a8000 size:147456 offset:40865792 fd:38
D/memalloc(11033): /dev/pmem: Mapped buffer base:0x63562000 size:41013248 offset:40865792 fd:75
I/Adreno200-EGLSUB(  133): <CreateImage:893>: Android Image
I/Adreno200-EGLSUB(  133): <GetImageAttributes:1102>: RGBA_8888
D/memalloc(  133): /dev/pmem: Freeing buffer base:0x44c5e000 size:262144 offset:39542784 fd:11
D/memalloc(11033): /dev/pmem: Unmapping buffer base:0x63562000 size:41013248 offset:40865792
V/BluetoothEventManager(11549): Received android.bluetooth.device.action.UUID
D/BluetoothService(  348): Cleaning up failed UUID channel lookup: 00:19:5D:27:38:A6 00001101-0000-1000-8000-00805f9b34fb
E/BluetoothConnector(11033): Connection failed: 
E/BluetoothConnector(11033): java.io.IOException: Service discovery failed
E/BluetoothConnector(11033): 	at android.bluetooth.BluetoothSocket$SdpHelper.doSdp(BluetoothSocket.java:403)
E/BluetoothConnector(11033): 	at android.bluetooth.BluetoothSocket.connect(BluetoothSocket.java:213)
E/BluetoothConnector(11033): 	at com.hp.myidea.obdproxy.base.BluetoothConnector$ConnectThread.run(BluetoothConnector.java:305)
D/BluetoothConnector(11033): Will retry 3 times.
D/memalloc(  133): /dev/pmem: Freeing buffer base:0x44da1000 size:147456 offset:40865792 fd:38
D/BluetoothA2dpService(  348): SEND INTENT SCMST SUPPORTED:false
D/BluetoothA2dpService(  348): A2DP: onSinkPropertyChanged newState is: 0mPlayingA2dpDevice: null
D/BluetoothA2dpService(  348): A2DP state : device: 00:19:B5:F6:00:05 State:1->0
D/BluetoothAdapterStateMachine(  348): BluetoothOn process message: 52
D/BluetoothService(  348): CONNECTION_STATE_CHANGE: 00:19:B5:F6:00:05: 1 -> 0
D/BluetoothA2dpService(  348): A2DP: onSinkPropertyChanged newState is: 0mPlayingA2dpDevice: null
V/BluetoothEventManager(11549): Received android.bluetooth.a2dp.profile.action.CONNECTION_STATE_CHANGED
I/LocalBluetoothProfileManager(11549): Failed to connect A2DP device
D/CachedBluetoothDevice(11549): onProfileStateChanged: profile A2DP newProfileState 0
I/BluetoothProfileState(  348): Message:Entering Stable State
D/BluetoothEventLoop(  348): Device property changed: 00:19:5D:27:38:A6 property: Connected value: true
D/BluetoothService(  348): updateDeviceServiceChannelCache(00:19:5D:27:38:A6)
V/BluetoothEventManager(11549): Received android.bluetooth.device.action.UUID
E/BluetoothEventLoop.cpp(  348): onCreateDeviceResult: D-Bus error: org.bluez.Error.AlreadyExists (Already Exists)
D/BluetoothService(  348): updateDeviceServiceChannelCache(00:19:5D:27:38:A6)
V/BluetoothEventManager(11549): Received android.bluetooth.device.action.UUID
D/BluetoothService(  348): 	uuid(application): 00001101-0000-1000-8000-00805f9b34fb 1
D/BluetoothService(  348): Making callback for 00001101-0000-1000-8000-00805f9b34fb with result 1
V/BluetoothEventManager(11549): Received android.bluetooth.device.action.UUID
D/BluetoothConnector(11033): connected
D/BluetoothConnector(11033): create ListenerThread
D/BluetoothConnector(11033): setState() 2 -> 3
I/OBDConnector(11033): MESSAGE_STATE_CHANGE: 3
D/OBDProxy(11033): notifyOBDStatus() - OBD_CONNECTED
I/BluetoothConnector(11033): BEGIN mListenerThread
D/OBDConnector(11033): Sent to scanner: AT Z
D/OBDConnector(11033): Scanner response: ELM327v1.5
D/OBDConnector(11033): Sent to scanner: AT E0
D/OBDConnector(11033): Scanner response: ATE0
D/OBDConnector(11033): OK
D/OBDConnector(11033): Sent to scanner: AT E0
D/OBDConnector(11033): Scanner response: OK
D/OBDConnector(11033): Sent to scanner: AT L0
D/OBDConnector(11033): Scanner response: OK
D/OBDConnector(11033): Sent to scanner: AT ST F0
D/OBDConnector(11033): Scanner response: OK
D/OBDConnector(11033): Sent to scanner: 01 46
E/BluetoothA2dpService.cpp(  348): onConnectSinkResult: D-Bus error: org.bluez.Error.Failed (Stream setup failed)
D/OBDConnector(11033): Scanner response: 414644
D/OBDproxyActivity(11033): Received message: 2
D/OBDConnector(11033): Sent to scanner: 01 0C
D/OBDConnector(11033): Scanner response: 410C0CF8
D/AndroidRuntime(11033): Shutting down VM
W/dalvikvm(11033): threadid=1: thread exiting with uncaught exception (group=0x40abd210)
E/AndroidRuntime(11033): FATAL EXCEPTION: main
E/AndroidRuntime(11033): java.util.IllegalFormatConversionException: %d can't format java.lang.Float arguments
E/AndroidRuntime(11033): 	at java.util.Formatter.badArgumentType(Formatter.java:1487)
E/AndroidRuntime(11033): 	at java.util.Formatter.transformFromInteger(Formatter.java:1687)
E/AndroidRuntime(11033): 	at java.util.Formatter.transform(Formatter.java:1459)
E/AndroidRuntime(11033): 	at java.util.Formatter.doFormat(Formatter.java:1079)
E/AndroidRuntime(11033): 	at java.util.Formatter.format(Formatter.java:1040)
E/AndroidRuntime(11033): 	at java.util.Formatter.format(Formatter.java:1009)
E/AndroidRuntime(11033): 	at java.lang.String.format(String.java:1998)
E/AndroidRuntime(11033): 	at java.lang.String.format(String.java:1972)
E/AndroidRuntime(11033): 	at com.hp.myidea.obdproxy.base.RPMReader.readFormattedResult(RPMReader.java:34)
E/AndroidRuntime(11033): 	at com.hp.myidea.obdproxy.base.OBDConnector.getOBDData(OBDConnector.java:244)
E/AndroidRuntime(11033): 	at com.hp.myidea.obdproxy.base.OBDConnector.access$11(OBDConnector.java:235)
E/AndroidRuntime(11033): 	at com.hp.myidea.obdproxy.base.OBDConnector$2.run(OBDConnector.java:298)
E/AndroidRuntime(11033): 	at android.os.Handler.handleCallback(Handler.java:605)
E/AndroidRuntime(11033): 	at android.os.Handler.dispatchMessage(Handler.java:92)
E/AndroidRuntime(11033): 	at android.os.Looper.loop(Looper.java:137)
E/AndroidRuntime(11033): 	at android.app.ActivityThread.main(ActivityThread.java:4441)
E/AndroidRuntime(11033): 	at java.lang.reflect.Method.invokeNative(Native Method)
E/AndroidRuntime(11033): 	at java.lang.reflect.Method.invoke(Method.java:511)
E/AndroidRuntime(11033): 	at com.android.internal.os.ZygoteInit$MethodAndArgsCaller.run(ZygoteInit.java:823)
E/AndroidRuntime(11033): 	at com.android.internal.os.ZygoteInit.main(ZygoteInit.java:590)
E/AndroidRuntime(11033): 	at dalvik.system.NativeStart.main(Native Method)
W/ActivityManager(  348):   Force finishing activity com.hp.myidea.obdproxy/.app.OBDproxyActivity
D/memalloc(  133): /dev/pmem: Allocated buffer base:0x426a8000 size:655360 offset:39542784 fd:37
D/memalloc(  348): /dev/pmem: Mapped buffer base:0x6663b000 size:40198144 offset:39542784 fd:378
I/Adreno200-EGLSUB(  133): <CreateImage:893>: Android Image
I/Adreno200-EGLSUB(  133): <GetImageAttributes:1102>: RGBA_8888
W/ActivityManager(  348): Activity pause timeout for ActivityRecord{41ec8c98 com.hp.myidea.obdproxy/.app.OBDproxyActivity}
I/Adreno200-EGLSUB(  744): <ConfigWindowMatch:2078>: Format RGBA_8888.
D/memalloc(  133): /dev/pmem: Allocated buffer base:0x426a8000 size:3768320 offset:14696448 fd:11
D/memalloc(  744): /dev/pmem: Mapped buffer base:0x5f1c5000 size:18464768 offset:14696448 fd:79
E/        (  744): glEndTilingQCOM: 0x502
D/memalloc(  133): /dev/pmem: Allocated buffer base:0x426a8000 size:3768320 offset:3768320 fd:42
