D/memalloc(  744): /dev/pmem: Mapped buffer base:0x60361000 size:7536640 offset:3768320 fd:86
I/Adreno200-EGLSUB(  133): <CreateImage:893>: Android Image
I/Adreno200-EGLSUB(  133): <GetImageAttributes:1102>: RGBA_8888
D/memalloc(  133): /dev/pmem: Allocated buffer base:0x426a8000 size:655360 offset:34332672 fd:62
D/memalloc(  348): /dev/pmem: Mapped buffer base:0x68c91000 size:34988032 offset:34332672 fd:381
I/Adreno200-EGLSUB(  133): <CreateImage:893>: Android Image
I/Adreno200-EGLSUB(  133): <GetImageAttributes:1102>: RGBA_8888
D/memalloc(  133): /dev/pmem: Allocated buffer base:0x426a8000 size:655360 offset:34988032 fd:74
D/memalloc(  348): /dev/pmem: Mapped buffer base:0x6adef000 size:35643392 offset:34988032 fd:384
I/Adreno200-EGLSUB(  133): <CreateImage:893>: Android Image
I/Adreno200-EGLSUB(  133): <GetImageAttributes:1102>: RGBA_8888
I/Process (11033): Sending signal. PID: 11033 SIG: 9
I/ActivityManager(  348): Process com.hp.myidea.obdproxy (pid 11033) has died.
W/ActivityManager(  348): Scheduling restart of crashed service com.hp.myidea.obdproxy/.service.OBDProxy in 5000ms
I/WindowManager(  348): WIN DEATH: Window{425d36d8 com.hp.myidea.obdproxy/com.hp.myidea.obdproxy.app.OBDproxyActivity paused=false}
I/WindowManager(  348): WIN DEATH: Window{42314720 Toast paused=false}
D/memalloc(  133): /dev/pmem: Freeing buffer base:0x426a8000 size:3768320 offset:0 fd:53
D/memalloc(  133): /dev/pmem: Freeing buffer base:0x448c6000 size:3768320 offset:35774464 fd:65
D/memalloc(  133): /dev/pmem: Freeing buffer base:0x43844000 size:3768320 offset:18464768 fd:41
D/memalloc(  348): /dev/pmem: Unmapping buffer base:0x6663b000 size:40198144 offset:39542784
D/memalloc(  348): /dev/pmem: Unmapping buffer base:0x6adef000 size:35643392 offset:34988032
D/memalloc(  133): /dev/pmem: Freeing buffer base:0x44c5e000 size:655360 offset:39542784 fd:37
D/memalloc(  133): /dev/pmem: Freeing buffer base:0x44806000 size:655360 offset:34988032 fd:74
D/memalloc(  348): /dev/pmem: Unmapping buffer base:0x68c91000 size:34988032 offset:34332672
D/BluetoothEventLoop(  348): Device property changed: 00:19:5D:27:38:A6 property: Connected value: false
D/memalloc(  133): /dev/pmem: Freeing buffer base:0x44766000 size:655360 offset:34332672 fd:62
V/BluetoothEventManager(11549): Received android.bluetooth.device.action.UUID
D/memalloc(  133): /dev/pmem: Allocated buffer base:0x426a8000 size:3674112 offset:7536640 fd:41
D/memalloc(  459): /dev/pmem: Mapped buffer base:0x5d4ae000 size:11210752 offset:7536640 fd:88
I/Adreno200-EGLSUB(  133): <CreateImage:893>: Android Image
I/Adreno200-EGLSUB(  133): <GetImageAttributes:1102>: RGBA_8888
I/ActivityManager(  348): START {flg=0x24000000 cmp=com.hp.myidea.obdproxy/.app.OBDproxyActivity bnds=[0,158][720,286]} from pid -1
W/ActivityManager(  348): startActivity called from non-Activity context; forcing Intent.FLAG_ACTIVITY_NEW_TASK for: Intent { flg=0x24000000 cmp=com.hp.myidea.obdproxy/.app.OBDproxyActivity bnds=[0,158][720,286] }
W/KeyguardViewMediator(  348): verifyUnlock called when not externally disabled
D/dalvikvm(12455): Late-enabling CheckJNI
I/ActivityManager(  348): Start proc com.hp.myidea.obdproxy for activity com.hp.myidea.obdproxy/.app.OBDproxyActivity: pid=12455 uid=10154 gids={3003, 3002, 3001}
D/memalloc(  133): /dev/pmem: Allocated buffer base:0x426a8000 size:3768320 offset:0 fd:37
D/memalloc(  348): /dev/pmem: Mapped buffer base:0x657d9000 size:3768320 offset:0 fd:336
I/Adreno200-EGLSUB(  133): <CreateImage:893>: Android Image
I/Adreno200-EGLSUB(  133): <GetImageAttributes:1102>: RGBA_8888
D/OpenGLRenderer(  744): Flushing caches (mode 1)
D/OBDproxyActivity(12455): onCreate()
D/OpenGLRenderer(  744): Flushing caches (mode 0)
D/memalloc(  744): /dev/pmem: Unmapping buffer base:0x5f1c5000 size:18464768 offset:14696448
D/memalloc(  744): /dev/pmem: Unmapping buffer base:0x60361000 size:7536640 offset:3768320
D/memalloc(  133): /dev/pmem: Freeing buffer base:0x42a40000 size:3768320 offset:3768320 fd:42
D/OBDproxyActivity(12455): startOBDProxy()
D/OBDproxyActivity(12455): onResume()
D/memalloc(  459): /dev/pmem: Unmapping buffer base:0x5d4ae000 size:11210752 offset:7536640
D/OBDProxy(12455): onCreate()
D/OBDProxy(12455): onStartCommand()
D/memalloc(  133): /dev/pmem: Freeing buffer base:0x42dd8000 size:3674112 offset:7536640 fd:41
D/OBDProxy(12455): onStartCommand()
D/OBDProxy(12455): 
D/OBDProxy(12455): 
D/OBDProxy(12455): handleCommand() - START ACTION
D/OBDProxy(12455): onBind()
D/TextLayoutCache(12455): Using debug level: 0 - Debug Enabled: 0
D/memalloc(  133): /dev/pmem: Freeing buffer base:0x434ac000 size:3768320 offset:14696448 fd:11
D/libEGL  (12455): loaded /system/lib/egl/libGLES_android.so
D/libEGL  (12455): loaded /system/lib/egl/libEGL_adreno200.so
D/libEGL  (12455): loaded /system/lib/egl/libGLESv1_CM_adreno200.so
D/libEGL  (12455): loaded /system/lib/egl/libGLESv2_adreno200.so
I/Adreno200-EGLSUB(12455): <ConfigWindowMatch:2078>: Format RGBA_8888.
D/memalloc(  133): /dev/pmem: Allocated buffer base:0x426a8000 size:3768320 offset:34332672 fd:11
D/memalloc(12455): /dev/pmem: Mapped buffer base:0x5c8d3000 size:38100992 offset:34332672 fd:63
E/        (12455): Can't open file for reading
E/        (12455): Can't open file for reading
D/OpenGLRenderer(12455): Enabling debug mode 0
D/OBDproxyActivity(12455): OBDProxy connected
D/memalloc(  133): /dev/pmem: Allocated buffer base:0x426a8000 size:3768320 offset:3768320 fd:49
D/memalloc(12455): /dev/pmem: Mapped buffer base:0x5f3be000 size:7536640 offset:3768320 fd:66
I/Adreno200-EGLSUB(  133): <CreateImage:893>: Android Image
I/Adreno200-EGLSUB(  133): <GetImageAttributes:1102>: RGBA_8888
D/dalvikvm(  348): GC_EXPLICIT freed 2769K, 33% free 32101K/47779K, paused 3ms+12ms
I/ActivityManager(  348): Displayed com.hp.myidea.obdproxy/.app.OBDproxyActivity: +628ms
I/OBDProxy(12455): Received message: REGISTER_HANDLER
D/OBDProxy(12455): 
D/OBDProxy(12455): 
D/OBDProxy(12455): 
D/OBDProxy(12455): 
D/OBDProxy(12455): init()
D/OBDProxy(12455): 			Will initialize...
D/BluetoothConnector(12455): connect to: 00:19:5D:27:38:A6
D/BluetoothConnector(12455): setState() 0 -> 2
I/BluetoothConnector(12455): BEGIN mConnectThread
E/BluetoothService.cpp(  348): stopDiscoveryNative: D-Bus error in StopDiscovery: org.bluez.Error.Failed (Invalid discovery session)
E/BluetoothEventLoop.cpp(  348): onCreateDeviceResult: D-Bus error: org.bluez.Error.AlreadyExists (Already Exists)
D/OBDProxy(12455): notifyOBDStatus() - CONNECTING
I/OBDConnector(12455): MESSAGE_STATE_CHANGE: 2
D/OBDProxy(12455): notifyOBDStatus() - CONNECTING
D/OBDproxyActivity(12455): Received message: 3
D/OBDproxyActivity(12455): Received message: 3
D/memalloc(  133): /dev/pmem: Allocated buffer base:0x426a8000 size:147456 offset:40865792 fd:41
D/memalloc(12455): /dev/pmem: Mapped buffer base:0x5faee000 size:41013248 offset:40865792 fd:72
I/Adreno200-EGLSUB(  133): <CreateImage:893>: Android Image
I/Adreno200-EGLSUB(  133): <GetImageAttributes:1102>: RGBA_8888
D/memalloc(  348): /dev/pmem: Unmapping buffer base:0x657d9000 size:3768320 offset:0
D/memalloc(  133): /dev/pmem: Freeing buffer base:0x426a8000 size:3768320 offset:0 fd:37
D/BluetoothEventLoop(  348): Device property changed: 00:19:5D:27:38:A6 property: Connected value: true
D/memalloc(  133): /dev/pmem: Allocated buffer base:0x426a8000 size:3768320 offset:0 fd:37
D/memalloc(12455): /dev/pmem: Mapped buffer base:0x6220b000 size:3768320 offset:0 fd:78
I/Adreno200-EGLSUB(  133): <CreateImage:893>: Android Image
I/Adreno200-EGLSUB(  133): <GetImageAttributes:1102>: RGBA_8888
I/Adreno200-EGLSUB(  133): <CreateImage:893>: Android Image
I/Adreno200-EGLSUB(  133): <GetImageAttributes:1102>: RGBA_8888
D/BluetoothService(  348): updateDeviceServiceChannelCache(00:19:5D:27:38:A6)
D/BluetoothService(  348): 	uuid(application): 00001101-0000-1000-8000-00805f9b34fb 1
D/BluetoothService(  348): Making callback for 00001101-0000-1000-8000-00805f9b34fb with result 1
V/BluetoothEventManager(11549): Received android.bluetooth.device.action.UUID
D/BluetoothConnector(12455): connected
D/BluetoothConnector(12455): create ListenerThread
D/BluetoothConnector(12455): setState() 2 -> 3
I/OBDConnector(12455): MESSAGE_STATE_CHANGE: 3
D/OBDProxy(12455): notifyOBDStatus() - OBD_CONNECTED
D/OBDConnector(12455): Sent to scanner: AT Z
I/BluetoothConnector(12455): BEGIN mListenerThread
D/OBDConnector(12455): Scanner response: ELM327v1.5
D/OBDConnector(12455): Sent to scanner: AT E0
D/OBDConnector(12455): Scanner response: ATE0
D/OBDConnector(12455): OK
D/OBDConnector(12455): Sent to scanner: AT E0
D/OBDConnector(12455): Scanner response: OK
D/OBDConnector(12455): Sent to scanner: AT L0
D/OBDConnector(12455): Scanner response: OK
D/OBDConnector(12455): Sent to scanner: AT ST F0
D/OBDConnector(12455): Scanner response: OK
D/OBDConnector(12455): Sent to scanner: 01 46
W/ActivityManager(  348): Activity destroy timeout for ActivityRecord{41ec8c98 com.hp.myidea.obdproxy/.app.OBDproxyActivity}
D/OBDConnector(12455): Scanner response: 414644
D/OBDproxyActivity(12455): Received message: 2
D/OBDConnector(12455): Sent to scanner: 01 0C
D/OBDConnector(12455): Scanner response: 410C0CF6
D/AndroidRuntime(12455): Shutting down VM
W/dalvikvm(12455): threadid=1: thread exiting with uncaught exception (group=0x40abd210)
E/AndroidRuntime(12455): FATAL EXCEPTION: main
E/AndroidRuntime(12455): java.util.IllegalFormatConversionException: %d can't format java.lang.Float arguments
E/AndroidRuntime(12455): 	at java.util.Formatter.badArgumentType(Formatter.java:1487)
E/AndroidRuntime(12455): 	at java.util.Formatter.transformFromInteger(Formatter.java:1687)
E/AndroidRuntime(12455): 	at java.util.Formatter.transform(Formatter.java:1459)
E/AndroidRuntime(12455): 	at java.util.Formatter.doFormat(Formatter.java:1079)
E/AndroidRuntime(12455): 	at java.util.Formatter.format(Formatter.java:1040)
E/AndroidRuntime(12455): 	at java.util.Formatter.format(Formatter.java:1009)
E/AndroidRuntime(12455): 	at java.lang.String.format(String.java:1998)
E/AndroidRuntime(12455): 	at java.lang.String.format(String.java:1972)
E/AndroidRuntime(12455): 	at com.hp.myidea.obdproxy.base.RPMReader.readFormattedResult(RPMReader.java:34)
E/AndroidRuntime(12455): 	at com.hp.myidea.obdproxy.base.OBDConnector.getOBDData(OBDConnector.java:244)
E/AndroidRuntime(12455): 	at com.hp.myidea.obdproxy.base.OBDConnector.access$11(OBDConnector.java:235)
E/AndroidRuntime(12455): 	at com.hp.myidea.obdproxy.base.OBDConnector$2.run(OBDConnector.java:298)
E/AndroidRuntime(12455): 	at android.os.Handler.handleCallback(Handler.java:605)
E/AndroidRuntime(12455): 	at android.os.Handler.dispatchMessage(Handler.java:92)
E/AndroidRuntime(12455): 	at android.os.Looper.loop(Looper.java:137)
E/AndroidRuntime(12455): 	at android.app.ActivityThread.main(ActivityThread.java:4441)
E/AndroidRuntime(12455): 	at java.lang.reflect.Method.invokeNative(Native Method)
E/AndroidRuntime(12455): 	at java.lang.reflect.Method.invoke(Method.java:511)
E/AndroidRuntime(12455): 	at com.android.internal.os.ZygoteInit$MethodAndArgsCaller.run(ZygoteInit.java:823)
E/AndroidRuntime(12455): 	at com.android.internal.os.ZygoteInit.main(ZygoteInit.java:590)
E/AndroidRuntime(12455): 	at dalvik.system.NativeStart.main(Native Method)
W/ActivityManager(  348):   Force finishing activity com.hp.myidea.obdproxy/.app.OBDproxyActivity
D/memalloc(  133): /dev/pmem: Allocated buffer base:0x426a8000 size:655360 offset:38100992 fd:55
D/memalloc(  348): /dev/pmem: Mapped buffer base:0x6663b000 size:38756352 offset:38100992 fd:381
I/Adreno200-EGLSUB(  133): <CreateImage:893>: Android Image
I/Adreno200-EGLSUB(  133): <GetImageAttributes:1102>: RGBA_8888
W/ActivityManager(  348): Activity pause timeout for ActivityRecord{425950f8 com.hp.myidea.obdproxy/.app.OBDproxyActivity}
I/Adreno200-EGLSUB(  744): <ConfigWindowMatch:2078>: Format RGBA_8888.
D/memalloc(  133): /dev/pmem: Allocated buffer base:0x426a8000 size:3768320 offset:14696448 fd:62
D/memalloc(  744): /dev/pmem: Mapped buffer base:0x5f1c5000 size:18464768 offset:14696448 fd:79
E/        (  744): glEndTilingQCOM: 0x502
D/memalloc(  133): /dev/pmem: Allocated buffer base:0x426a8000 size:3768320 offset:18464768 fd:65
D/memalloc(  744): /dev/pmem: Mapped buffer base:0x64186000 size:22233088 offset:18464768 fd:86
I/Adreno200-EGLSUB(  133): <CreateImage:893>: Android Image
I/Adreno200-EGLSUB(  133): <GetImageAttributes:1102>: RGBA_8888
D/memalloc(  133): /dev/pmem: Allocated buffer base:0x426a8000 size:655360 offset:38756352 fd:74
D/memalloc(  348): /dev/pmem: Mapped buffer base:0x68b31000 size:39411712 offset:38756352 fd:384
I/Adreno200-EGLSUB(  133): <CreateImage:893>: Android Image
I/Adreno200-EGLSUB(  133): <GetImageAttributes:1102>: RGBA_8888
D/memalloc(  133): /dev/pmem: Allocated buffer base:0x426a8000 size:655360 offset:39411712 fd:77
D/memalloc(  348): /dev/pmem: Mapped buffer base:0x6b0c7000 size:40067072 offset:39411712 fd:387
I/Adreno200-EGLSUB(  133): <CreateImage:893>: Android Image
I/Adreno200-EGLSUB(  133): <GetImageAttributes:1102>: RGBA_8888
V/BluetoothEventManager(11549): Received android.bluetooth.device.action.UUID
I/GCoreUlr(  874): Successfully inserted location
I/GCoreUlr(  874): Not calling LocationReportingService, hasMoved: false, elapsed millis: 420067, request: Phone
W/ActivityManager(  348): Activity destroy timeout for ActivityRecord{425950f8 com.hp.myidea.obdproxy/.app.OBDproxyActivity}
D/lights-module(  348): backlight: Color ff000000, BrMode 1, OnMS 0, OffMS 0, Mode 0
I/power   (  348): *** set_screen_state 0
D/lights  (  144): set_led: set_led=backlight
D/lights  (  144): set_light_backlight: brightness=0
D/lights  (  144): [illumination_thread] fade ctrl info:1
D/SurfaceFlinger(  133): About to give-up screen, flinger = 0xceea98
D/fast-dormancy(  142): [FDM]: GoDormant? 1
I/fast-dormancy(  142): [FDM]: FDM send Wake timer cmd is 0 
D/fast-dormancy(  692): will start alarm timer !!!!
E/msm8660.gralloc(  133): In fb_enableHDMIOutput: externaltype = 0
D/fast-dormancy(  692): The firedInterval is 1000
V/fast-dormancy(  692): write the command of startto piple
D/fast-dormancy(  692): Message body receive from fdm is 6 , 0
D/fast-dormancy(  142): [FDM]: The content received is buff[0] = s:start
I/fast-dormancy(  142): [FDM]: The traffic status 2 !!! 
V/TransportControlView(  348): Create TCV com.android.internal.widget.TransportControlView@41e151f0
D/fast-dormancy(  142): [FDM]: GoDormant? 1
D/fast-dormancy(  142): [FDM]: GoDormant? 1
I/ActivityManager(  348): Start proc com.google.android.gsf.login for service com.google.android.gsf.login/com.google.android.gsf.loginservice.GoogleLoginService: pid=12507 uid=10009 gids={3003, 1015, 2001, 1007, 3006, 1006}
D/PhoneStatusBar(  459): disable: < EXPAND* icons alerts TICKER* system_info back home RECENT* clock >
I/Adreno200-EGLSUB(  348): <ConfigWindowMatch:2078>: Format RGBA_8888.
D/memalloc(  133): /dev/pmem: Allocated buffer base:0x426a8000 size:3674112 offset:7536640 fd:80
D/memalloc(  348): /dev/pmem: Mapped buffer base:0x6d6fd000 size:11210752 offset:7536640 fd:390
D/PhoneStatusBar(  459): disable: < EXPAND icons alerts TICKER system_info BACK* HOME* RECENT CLOCK* >
E/libhdmi (  348): hdmi_com_cancel_hdcp_timeout_timer: The double release of the timer happened.
E/libhdmi (  348): hdmi_com_cancel_cec_start_timer: The double release of the timer happened.
E/libhdmi (  348): hdmi_com_cancel_one_touch_play_timer: The double release of the timer happened.
E/libhdmi (  348): hdmi_com_cancel_give_device_power_status_timer: The double release of the timer happened.
E/libhdmi (  348): hdmi_com_cancel_cec_start_timer: The double release of the timer happened.
E/libhdmi (  348): hdmi_com_cancel_one_touch_play_timer: The double release of the timer happened.
E/libhdmi (  348): hdmi_com_cancel_give_device_power_status_timer: The double release of the timer happened.
E/libhdmi (  348): libhdmi_hw_disable_hdmi_output: fb1 is not opened
D/SemcTvOutControlService:JniMethods(  348): releaseNativeLib IN.
D/SemcTvOutControlService:JniMethods(  348): releaseNativeLib OUT.
I/ActivityManager(  348): Start proc com.sonyericsson.hdmi.controlservice for broadcast com.sonyericsson.hdmi.controlservice/.HdmiEnablerReceiver: pid=12521 uid=1000 gids={1015, 3002, 3001, 3003, 3007}
D/memalloc(  133): /dev/pmem: Allocated buffer base:0x426a8000 size:3674112 offset:22233088 fd:83
D/memalloc(  348): /dev/pmem: Mapped buffer base:0x6e1ae000 size:25907200 offset:22233088 fd:320
I/Adreno200-EGLSUB(  133): <CreateImage:893>: Android Image
I/Adreno200-EGLSUB(  133): <GetImageAttributes:1102>: RGBA_8888
D/memalloc(  133): /dev/pmem: Allocated buffer base:0x426a8000 size:3674112 offset:25907200 fd:86
D/memalloc(  348): /dev/pmem: Mapped buffer base:0x710ef000 size:29581312 offset:25907200 fd:393
I/Adreno200-EGLSUB(  133): <CreateImage:893>: Android Image
I/Adreno200-EGLSUB(  133): <GetImageAttributes:1102>: RGBA_8888
D/fast-dormancy(  142): [FDM]: GoDormant? 1
D/fast-dormancy(  142): [FDM]: GoDormant? 1
I/Adreno200-EGLSUB(  133): <CreateImage:893>: Android Image
I/Adreno200-EGLSUB(  133): <GetImageAttributes:1102>: RGBA_8888
D/fast-dormancy(  692): FastDormancyWakeupServer intent received. com.sonyericsson.android.wakeup.FastDormancyWakeupServer
D/fast-dormancy(  692): The firedInterval is 1000
V/fast-dormancy(  692): write the command of checkto piple
D/fast-dormancy(  142): [FDM]: The content received is buff[0] = c:check
I/fast-dormancy(  142): [FDM]: The traffic status 1 !!! 
D/fast-dormancy(  142): [FDM]: GoDormant? 1
D/fast-dormancy(  142): [FDM]: fdmAlgDecisionTimer: count = 2 (after decrease)
D/fast-dormancy(  142): [FDM]: fdmAlgDecisionTimer: count = 2
D/fast-dormancy(  692): FastDormancyWakeupServer intent received. com.sonyericsson.android.wakeup.FastDormancyWakeupServer
D/fast-dormancy(  692): The firedInterval is 1000
V/fast-dormancy(  692): write the command of checkto piple
D/fast-dormancy(  142): [FDM]: The content received is buff[0] = c:check
I/fast-dormancy(  142): [FDM]: The traffic status 1 !!! 
D/fast-dormancy(  142): [FDM]: GoDormant? 1
D/fast-dormancy(  142): [FDM]: fdmAlgDecisionTimer: count = 1 (after decrease)
D/fast-dormancy(  142): [FDM]: fdmAlgDecisionTimer: count = 1
D/fast-dormancy(  692): FastDormancyWakeupServer intent received. com.sonyericsson.android.wakeup.FastDormancyWakeupServer
D/fast-dormancy(  692): The firedInterval is 1000
V/fast-dormancy(  692): write the command of checkto piple
D/fast-dormancy(  142): [FDM]: The content received is buff[0] = c:check
I/fast-dormancy(  142): [FDM]: The traffic status 1 !!! 
D/fast-dormancy(  142): [FDM]: GoDormant? 1
D/fast-dormancy(  142): [FDM]: fdmAlgDecisionTimer: count = 0 (after decrease)
I/fast-dormancy(  142): [FDM]: FUNCTION: fdm_go_dormant
E/fast-dormancy(  142): [FDM]: fd_dormant_send_go:943 result = -2, err code 15
D/fast-dormancy(  692): FastDormancyWakeupServer intent received. com.sonyericsson.android.wakeup.FastDormancyWakeupServer
D/fast-dormancy(  692): The firedInterval is 1000
V/fast-dormancy(  692): write the command of checkto piple
D/fast-dormancy(  142): [FDM]: The content received is buff[0] = c:check
I/fast-dormancy(  142): [FDM]: The traffic status 1 !!! 
D/fast-dormancy(  142): [FDM]: GoDormant? 1
D/fast-dormancy(  142): [FDM]: fdmRestartTimer: count = 2 (after decrease)
D/fast-dormancy(  692): FastDormancyWakeupServer intent received. com.sonyericsson.android.wakeup.FastDormancyWakeupServer
D/fast-dormancy(  692): The firedInterval is 1000
V/fast-dormancy(  692): write the command of checkto piple
D/fast-dormancy(  142): [FDM]: The content received is buff[0] = c:check
I/fast-dormancy(  142): [FDM]: The traffic status 1 !!! 
D/fast-dormancy(  142): [FDM]: GoDormant? 1
D/fast-dormancy(  142): [FDM]: fdmRestartTimer: count = 1 (after decrease)
D/fast-dormancy(  142): [FDM]: GoDormant? 1
D/fast-dormancy(  142): [FDM]: GoDormant? 1
D/fast-dormancy(  142): [FDM]: GoDormant? 1
D/fast-dormancy(  142): [FDM]: GoDormant? 1
D/fast-dormancy(  142): [FDM]: GoDormant? 1
D/fast-dormancy(  142): [FDM]: GoDormant? 1
D/fast-dormancy(  142): [FDM]: GoDormant? 1
D/fast-dormancy(  692): FastDormancyWakeupServer intent received. com.sonyericsson.android.wakeup.FastDormancyWakeupServer
D/fast-dormancy(  692): The firedInterval is 1000
V/fast-dormancy(  692): write the command of checkto piple
D/fast-dormancy(  142): [FDM]: The content received is buff[0] = c:check
I/fast-dormancy(  142): [FDM]: The traffic status 1 !!! 
D/fast-dormancy(  142): [FDM]: GoDormant? 1
D/fast-dormancy(  142): [FDM]: fdmRestartTimer: count = 0 (after decrease)
I/fast-dormancy(  142): [FDM]: FDM send Wake timer cmd is 1 
D/fast-dormancy(  142): [FDM]: GoDormant? 1
D/fast-dormancy(  142): [FDM]: GoDormant? 1
D/fast-dormancy(  142): [FDM]: GoDormant? 1
D/fast-dormancy(  692): will cancel alarm timer !!!!
D/fast-dormancy(  692): Message body receive from fdm is 6 , 1
D/fast-dormancy(  142): [FDM]: GoDormant? 1
D/fast-dormancy(  142): [FDM]: GoDormant? 1
D/fast-dormancy(  142): [FDM]: GoDormant? 1
D/fast-dormancy(  142): [FDM]: GoDormant? 1
D/fast-dormancy(  142): [FDM]: GoDormant? 1
D/fast-dormancy(  142): [FDM]: GoDormant? 1
D/fast-dormancy(  142): [FDM]: GoDormant? 1
D/fast-dormancy(  142): [FDM]: GoDormant? 1
D/fast-dormancy(  142): [FDM]: GoDormant? 1
D/fast-dormancy(  142): [FDM]: GoDormant? 1
D/fast-dormancy(  142): [FDM]: GoDormant? 1
D/fast-dormancy(  142): [FDM]: GoDormant? 1
D/fast-dormancy(  142): [FDM]: GoDormant? 1
D/fast-dormancy(  142): [FDM]: GoDormant? 1
D/fast-dormancy(  142): [FDM]: GoDormant? 1
D/fast-dormancy(  142): [FDM]: GoDormant? 1
D/fast-dormancy(  142): [FDM]: GoDormant? 1
D/fast-dormancy(  142): [FDM]: GoDormant? 1
D/fast-dormancy(  142): [FDM]: GoDormant? 1
D/fast-dormancy(  142): [FDM]: GoDormant? 1
D/fast-dormancy(  142): [FDM]: GoDormant? 1
D/fast-dormancy(  142): [FDM]: GoDormant? 1
D/fast-dormancy(  142): [FDM]: GoDormant? 1
D/fast-dormancy(  142): [FDM]: GoDormant? 1
D/fast-dormancy(  142): [FDM]: GoDormant? 1
D/fast-dormancy(  142): [FDM]: GoDormant? 1
D/fast-dormancy(  142): [FDM]: GoDormant? 1
D/fast-dormancy(  142): [FDM]: GoDormant? 1
D/fast-dormancy(  142): [FDM]: GoDormant? 1
D/fast-dormancy(  142): [FDM]: GoDormant? 1
D/fast-dormancy(  142): [FDM]: GoDormant? 1
W/ActivityManager(  348): Timeout executing service: ServiceRecord{426db340 com.hp.myidea.obdproxy/.service.OBDProxy}
I/ActivityManager(  348): Crashing app skipping ANR: ProcessRecord{424003a8 12455:com.hp.myidea.obdproxy/10154} Executing service com.hp.myidea.obdproxy/.service.OBDProxy
D/fast-dormancy(  142): [FDM]: GoDormant? 1
D/fast-dormancy(  142): [FDM]: GoDormant? 1
D/fast-dormancy(  142): [FDM]: GoDormant? 1
D/fast-dormancy(  142): [FDM]: GoDormant? 1
D/fast-dormancy(  142): [FDM]: GoDormant? 1
D/fast-dormancy(  142): [FDM]: GoDormant? 1
D/fast-dormancy(  142): [FDM]: GoDormant? 1
D/fast-dormancy(  142): [FDM]: GoDormant? 1
D/fast-dormancy(  142): [FDM]: GoDormant? 1
D/fast-dormancy(  142): [FDM]: GoDormant? 1
D/fast-dormancy(  142): [FDM]: GoDormant? 1
D/fast-dormancy(  142): [FDM]: GoDormant? 1
D/fast-dormancy(  142): [FDM]: GoDormant? 1
D/fast-dormancy(  142): [FDM]: GoDormant? 1
D/fast-dormancy(  142): [FDM]: GoDormant? 1
D/fast-dormancy(  142): [FDM]: GoDormant? 1
D/fast-dormancy(  142): [FDM]: GoDormant? 1
D/fast-dormancy(  142): [FDM]: GoDormant? 1
D/fast-dormancy(  142): [FDM]: GoDormant? 1
D/fast-dormancy(  142): [FDM]: GoDormant? 1
D/fast-dormancy(  142): [FDM]: GoDormant? 1
D/fast-dormancy(  142): [FDM]: GoDormant? 1
D/fast-dormancy(  142): [FDM]: GoDormant? 1
D/fast-dormancy(  142): [FDM]: GoDormant? 1
D/fast-dormancy(  142): [FDM]: GoDormant? 1
D/fast-dormancy(  142): [FDM]: GoDormant? 1
D/fast-dormancy(  142): [FDM]: GoDormant? 1
D/fast-dormancy(  142): [FDM]: GoDormant? 1
D/fast-dormancy(  142): [FDM]: GoDormant? 1
D/fast-dormancy(  142): [FDM]: GoDormant? 1
D/fast-dormancy(  142): [FDM]: GoDormant? 1
D/fast-dormancy(  142): [FDM]: GoDormant? 1
D/lights-module(  348): battery: Color ff00ff00, BrMode 0, OnMS 0, OffMS 0, Mode 0
D/lights  (  144): set_led: set_led=battery
D/lights  (  144): set_light_battery: color=0xff00ff00, mode=0
D/lights  (  144): [illumination_thread] fade ctrl info:38
I/MTP-usbux.Class(31092): Action = android.hardware.usb.action.USB_STATE
I/ActivityManager(  348): Start proc com.sonyericsson.illumination.service for broadcast com.sonyericsson.illumination.service/.IlluminationReceiver: pid=12614 uid=1000 gids={1015, 3002, 3001, 3003, 3007}
W/PowerUI (  459): unknown intent: Intent { act=android.intent.action.ACTION_POWER_CONNECTED flg=0x10000010 }
D/android.content.BroadcastReceiver(10325): Charging receiver got broadcast: android.intent.action.ACTION_POWER_CONNECTED
D/com.sonyericsson.updatecenter.webupdate.UpdateObserver(10325): Constructor in UpdateObserver. root= /mnt/sdcard/recovery/
D/com.sonyericsson.updatecenter.webupdate.FileUpdateService(10325): onCreate in FileUpdateService: 
D/com.sonyericsson.updatecenter.webupdate.FileUpdateService(10325): In onCreate DBController init() and getInstance() is called.
D/com.sonyericsson.updatecenter.webupdate.FileUpdateService(10325): start of createAndRegisterMountReceiver: 
D/lights-module(12614): button_2: Color ffffffff, BrMode 0, OnMS 500, OffMS 1500, Mode 1
D/lights  (  144): set_led: set_led=button_2
D/lights  (  144): set_light_semc_buttons: color=0xffffffff, mode=1
D/lights  (  144): get_selected_button_state: target=0, color=0xffffffff, mode=1
D/com.sonyericsson.updatecenter.webupdate.UpdateObserver(10325): addListener in UpdateObserver.
D/com.sonyericsson.updatecenter.webupdate.UpdateObserver(10325): startWatching in UpdateObserver. rootPath= /mnt/sdcard/recovery/
D/com.sonyericsson.updatecenter.webupdate.FileUpdateService(10325): onStartCommand()
I/ActivityManager(  348): Start proc com.google.android.youtube for broadcast com.google.android.youtube/com.google.android.apps.youtube.app.prefetch.PrefetchService$DeviceStateReceiver: pid=12632 uid=10121 gids={3003, 1015, 1006}
D/dalvikvm(  459): GC_CONCURRENT freed 1692K, 65% free 14933K/42147K, paused 2ms+4ms
I/power   (  348): *** set_screen_state 1
D/lights-module(  348): backlight: Color ff040404, BrMode 1, OnMS 0, OffMS 0, Mode 0
D/lights  (  144): set_led: set_led=backlight
D/lights  (  144): set_light_backlight: brightness=4
I/WindowManager(  348): Lock screen displayed!
E/        (  744): glEndTilingQCOM: 0x502
D/memalloc(  133): /dev/pmem: Allocated buffer base:0x426a8000 size:3768320 offset:51933184 fd:89
D/lights-module(  348): backlight: Color ff080808, BrMode 1, OnMS 0, OffMS 0, Mode 0
D/lights  (  144): set_led: set_led=backlight
D/lights  (  144): set_light_backlight: brightness=8
D/memalloc(  744): /dev/pmem: Mapped buffer base:0x656ba000 size:55701504 offset:51933184 fd:95
I/Adreno200-EGLSUB(  133): <CreateImage:893>: Android Image
I/Adreno200-EGLSUB(  133): <GetImageAttributes:1102>: RGBA_8888
D/lights-module(  348): backlight: Color ff0c0c0c, BrMode 1, OnMS 0, OffMS 0, Mode 0
D/lights  (  144): set_led: set_led=backlight
D/lights  (  144): set_light_backlight: brightness=12
D/lights-module(  348): backlight: Color ff101010, BrMode 1, OnMS 0, OffMS 0, Mode 0
D/lights  (  144): set_led: set_led=backlight
D/lights  (  144): set_light_backlight: brightness=16
I/ActivityThread(12632): Pub com.google.android.youtube.SuggestionProvider: com.google.android.apps.youtube.core.suggest.SuggestionProvider
D/lights-module(  348): backlight: Color ff141414, BrMode 1, OnMS 0, OffMS 0, Mode 0
D/lights  (  144): set_led: set_led=backlight
D/lights  (  144): set_light_backlight: brightness=20
D/lights-module(  348): backlight: Color ff181818, BrMode 1, OnMS 0, OffMS 0, Mode 0
D/lights  (  144): set_led: set_led=backlight
D/lights  (  144): set_light_backlight: brightness=24
D/lights-module(  348): backlight: Color ff1c1c1c, BrMode 1, OnMS 0, OffMS 0, Mode 0
D/lights  (  144): set_led: set_led=backlight
D/lights  (  144): set_light_backlight: brightness=28
D/lights-module(  348): backlight: Color ff202020, BrMode 1, OnMS 0, OffMS 0, Mode 0
D/lights  (  144): set_led: set_led=backlight
D/lights  (  144): set_light_backlight: brightness=32
D/lights-module(  348): backlight: Color ff242424, BrMode 1, OnMS 0, OffMS 0, Mode 0
D/lights  (  144): set_led: set_led=backlight
D/lights  (  144): set_light_backlight: brightness=36
D/YouTube (12632): apps.youtube.core.utils.bh.a:41 HttpClient.UserAgent: com.google.android.youtube/5.3.24(Linux; U; Android 4.0.4; en_US; LT26i Build/6.1.A.2.45)
D/YouTube (12632): apps.youtube.core.utils.bh.a:41 HttpClient.UserAgent: com.google.android.youtube/5.3.24(Linux; U; Android 4.0.4; en_US; LT26i Build/6.1.A.2.45)
D/lights-module(  348): backlight: Color ff282828, BrMode 1, OnMS 0, OffMS 0, Mode 0
D/lights  (  144): set_led: set_led=backlight
D/lights  (  144): set_light_backlight: brightness=40
D/lights-module(  348): backlight: Color ff2c2c2c, BrMode 1, OnMS 0, OffMS 0, Mode 0
D/lights  (  144): set_led: set_led=backlight
D/lights  (  144): set_light_backlight: brightness=44
D/lights-module(  348): backlight: Color ff303030, BrMode 1, OnMS 0, OffMS 0, Mode 0
D/lights  (  144): set_led: set_led=backlight
D/lights  (  144): set_light_backlight: brightness=48
D/lights-module(  348): backlight: Color ff343434, BrMode 1, OnMS 0, OffMS 0, Mode 0
D/lights  (  144): set_led: set_led=backlight
D/lights  (  144): set_light_backlight: brightness=52
D/lights-module(  348): backlight: Color ff383838, BrMode 1, OnMS 0, OffMS 0, Mode 0
D/lights  (  144): set_led: set_led=backlight
D/lights  (  144): set_light_backlight: brightness=56
D/lights-module(  348): backlight: Color ff3c3c3c, BrMode 1, OnMS 0, OffMS 0, Mode 0
D/lights  (  144): set_led: set_led=backlight
D/lights  (  144): set_light_backlight: brightness=60
D/YouTube (12632): apps.youtube.core.client.y.a:114 event [version=5.3.24-s100, action=Startup, label=NORMAL_STARTUP, value=-1]
D/lights-module(12614): button_2: Color 00000000, BrMode 0, OnMS 0, OffMS 0, Mode 0
D/lights  (  144): set_led: set_led=button_2
D/lights  (  144): set_light_semc_buttons: color=0x00000000, mode=0
D/lights  (  144): get_selected_button_state: target=1, color=0xff000000, mode=0
D/SurfaceFlinger(  133): Screen about to return, flinger = 0xceea98
E/msm8660.gralloc(  133): In fb_enableHDMIOutput: externaltype = 0
D/dalvikvm(12632): GC_CONCURRENT freed 850K, 7% free 13511K/14435K, paused 5ms+2ms
D/dalvikvm(12632): DexOpt: --- BEGIN 'ads-1229786902.jar' (bootstrap=0) ---
D/YouTube (12632): apps.youtube.core.cache.f.run:163 Cache is below limit, no need to shrink: [size=388853, limit=20971520]
D/dalvikvm(12659): DexOpt: load 3ms, verify+opt 19ms
D/dalvikvm(12632): DexOpt: --- END 'ads-1229786902.jar' (success) ---
D/dalvikvm(12632): DEX prep '/data/data/com.google.android.youtube/cache/ads-1229786902.jar': unzip in 0ms, rewrite 141ms
D/dalvikvm(12632): DexOpt: couldn't find field Landroid/app/Notification;.bigContentView
W/dalvikvm(12632): VFY: unable to resolve instance field 5
D/dalvikvm(12632): VFY: replacing opcode 0x5b at 0x005c
I/GoogleConversionPing(12632): Pinging: http://www.googleadservices.com/pagead/conversion/1001680686/?label=4dahCKKczAYQrt7R3QM&value=&muid=m9WqusIZ3cxvk8B9VWNmRQ&bundleid=com.google.android.youtube&appversion=5.3.24&osversion=4.0.4&sdkversion=ct-sdk-a-v1.1.0&remarketing_only=1&timestamp=1387894141&data=screen_name%3D%3CAndroid_YT_Open_App%3E
D/dalvikvm(  509): GC_EXPLICIT freed 205K, 12% free 15263K/17251K, paused 4ms+18ms
D/YouTube (12632): apps.youtube.app.prefetch.PrefetchService$DeviceStateReceiver.onReceive:565 Got device state change intent: android.intent.action.ACTION_POWER_CONNECTED
D/YouTube (12632): apps.youtube.core.transfer.TransferService.onCreate:108 creating transfer service
I/MTP-usbux.Class(31092): Action = android.hardware.usb.action.USB_STATE
I/MTP-usbux.UsbService(31092): isMscMode = false, isMtpMode = true
W/MTP-usbux.SdCard(31092): Get sd card path failed
D/YouTube (12632): apps.youtube.app.prefetch.PrefetchService.onStartCommand:167 PrefetchService started at 24 Dec 2013 14:09:01 GMT
D/YouTube (12632): apps.youtube.app.prefetch.PrefetchService.p_:245 Download snapshot restored
D/MtpService(12086): starting MTP server in MTP mode
D/dalvikvm(  459): GC_CONCURRENT freed 1571K, 65% free 15107K/42147K, paused 2ms+7ms
D/YouTube (12632): apps.youtube.app.prefetch.PrefetchService.onDestroy:215 PrefetchService destroyed at 24 Dec 2013 14:09:02 GMT
I/GoogleConversionPing(12632): Ping responded with response code 200
D/MtpServerJNI(12086): Transport mode : USB
D/dalvikvm(  348): GC_CONCURRENT freed 2149K, 28% free 34749K/47779K, paused 4ms+10ms
D/BluetoothEventLoop(  348): Device property changed: 00:19:5D:27:38:A6 property: Connected value: false
I/GCoreUlr(  874): Successfully inserted location
I/GCoreUlr(  874): Not calling LocationReportingService, hasMoved: false, elapsed millis: 480188, request: Phone
D/dalvikvm(  874): GC_CONCURRENT freed 1915K, 15% free 14279K/16611K, paused 2ms+3ms
