V/BackupManagerService(  348): clearing pending backups
V/PerformBackupTask(  348): Beginning backup of 1 targets
D/PerformBackupTask(  348): processOneBackup doBackup() on @pm@
I/PerformBackupTask(  348): no backup data written; not calling transport
D/PerformBackupTask(  348): starting agent for backup of BackupRequest{pkg=com.android.providers.settings}
D/BackupManagerService(  348): awaiting agent for ApplicationInfo{41b621a0 com.android.providers.settings}
V/ActivityThread(  348): handleCreateBackupAgent: CreateBackupAgentData{appInfo=ApplicationInfo{41b621a0 com.android.providers.settings} backupAgent=com.android.providers.settings.SettingsBackupAgent mode=0}
V/ActivityThread(  348): Initializing agent class com.android.providers.settings.SettingsBackupAgent
D/BackupManagerService(  348): agentConnected pkg=com.android.providers.settings agent=android.app.backup.BackupAgent$BackupServiceBinder@424943f8
D/PerformBackupTask(  348): processOneBackup doBackup() on com.android.providers.settings
I/PerformBackupTask(  348): no backup data written; not calling transport
V/ActivityThread(  348): handleDestroyBackupAgent: CreateBackupAgentData{appInfo=ApplicationInfo{41b621a0 com.android.providers.settings} backupAgent=com.android.providers.settings.SettingsBackupAgent mode=0}
I/PerformBackupTask(  348): Backup pass finished.
I/ActivityManager(  348): No longer want .remote (pid 7480): hidden #16
W/ActivityManager(  348): Scheduling restart of crashed service com.sonyericsson.smartcard/.SmartcardService in 1250ms
I/ActivityManager(  348): Start proc .remote for service com.sonyericsson.smartcard/.SmartcardService: pid=8632 uid=1028 gids={}
I/ActivityManager(  348): Start proc com.google.android.apps.plus for service com.google.android.apps.plus/.service.EsSyncAdapterService: pid=8683 uid=10063 gids={3003, 3002, 1015, 1006}
E/ActivityThread( 8683): Failed to find provider info for com.google.android.gallery3d.GooglePhotoProvider
I/ActivityManager(  348): No longer want com.google.android.gm (pid 7556): hidden #16
I/ActivityManager(  348): Start proc com.google.android.talk for broadcast com.google.android.talk/com.google.android.apps.babel.realtimechat.RealTimeChatService$AlarmReceiver: pid=8739 uid=10105 gids={3003, 1015, 1006, 3002}
I/ActivityManager(  348): No longer want com.google.android.gms (pid 7592): hidden #16
I/ActivityManager(  348): No longer want com.whatsapp (pid 7668): hidden #16
W/ActivityManager(  348): Scheduling restart of crashed service com.whatsapp/.messaging.MessageService in 5000ms
I/ActivityManager(  348): Start proc com.whatsapp for service com.whatsapp/.messaging.MessageService: pid=8798 uid=10155 gids={1015, 3003}
I/ActivityManager(  348): No longer want com.sonyericsson.usbotg (pid 7837): hidden #16
W/ActivityManager(  348): Scheduling restart of crashed service com.sonyericsson.usbotg/.UsbOtgService in 5000ms
I/ActivityManager(  348): Start proc com.sonyericsson.usbotg for service com.sonyericsson.usbotg/.UsbOtgService: pid=8914 uid=10142 gids={}
W/ProcessStats(  348): Skipping unknown process pid 8936
I/ActivityManager(  348): No longer want com.hp.myidea.obdproxy (pid 7941): hidden #16
I/ActivityManager(  348): No longer want com.sonyericsson.updatecenter (pid 7896): hidden #17
W/ActivityManager(  348): Scheduling restart of crashed service com.hp.myidea.obdproxy/.service.OBDProxy in 5000ms
W/ActivityManager(  348): Scheduling restart of crashed service com.sonyericsson.updatecenter/.webupdate.FileUpdateService in 14993ms
I/ActivityManager(  348): Start proc com.hp.myidea.obdproxy for service com.hp.myidea.obdproxy/.service.OBDProxy: pid=8938 uid=10154 gids={3003, 3002, 3001}
I/ActivityManager(  348): Start proc com.sonyericsson.updatecenter for service com.sonyericsson.updatecenter/.webupdate.FileUpdateService: pid=8962 uid=10108 gids={3003, 2001, 1015}
I/ActivityManager(  348): No longer want com.sonyericsson.lockscreen.uxpnxt (pid 8072): hidden #16
I/ActivityManager(  348): No longer want com.sonyericsson.tvlauncher (pid 6651): hidden #17
I/ActivityManager(  348): No longer want com.sonyericsson.hdmi.controlservice (pid 7967): hidden #18
I/WindowManager(  348): Lock screen displayed!
I/ActivityManager(  348): Start proc com.sonyericsson.tvlauncher for broadcast com.sonyericsson.tvlauncher/.HdmiStateReceiver: pid=9123 uid=10091 gids={3003, 1015}
I/ActivityManager(  348): No longer want com.android.email (pid 8042): hidden #16
I/ActivityManager(  348): Start proc com.sonyericsson.hdmi.controlservice for broadcast com.sonyericsson.hdmi.controlservice/.HdmiEnablerReceiver: pid=9151 uid=1000 gids={1015, 3002, 3001, 3003, 3007}
I/ActivityManager(  348): No longer want com.android.exchange (pid 31616): hidden #16
W/ActivityManager(  348): Scheduling restart of crashed service com.android.exchange/.ExchangeService in 5000ms
I/ActivityManager(  348): Start proc com.android.exchange for service com.android.exchange/.ExchangeService: pid=9166 uid=10021 gids={3003, 1015}
I/ActivityManager(  348): Start proc com.android.email for service com.android.email/.service.AccountService: pid=9180 uid=10081 gids={3003, 1015}
I/ActivityManager(  348): No longer want com.android.providers.calendar (pid 31791): hidden #16
I/ActivityManager(  348): Start proc com.sonyericsson.lockscreen.uxpnxt for broadcast com.sonyericsson.lockscreen.uxpnxt/com.sonyericsson.lockscreen.publisher.email.BadgeReceiver: pid=9222 uid=10110 gids={3003}
I/ActivityManager(  348): Start proc com.android.providers.calendar for content provider com.android.providers.calendar/.CalendarProvider2: pid=9237 uid=10005 gids={3003, 1015}
I/ActivityManager(  348): No longer want com.google.android.gsf.login (pid 7573): hidden #16
I/ActivityManager(  348): Start proc com.android.calendar for broadcast com.android.calendar/.widget.CalendarAppWidgetService$CalendarFactory: pid=9280 uid=10073 gids={3003, 1015}
W/ProcessStats(  348): Skipping unknown process pid 9323
W/ProcessStats(  348): Skipping unknown process pid 9327
W/ProcessStats(  348): Skipping unknown process pid 9338
I/ActivityManager(  348): No longer want com.sonyericsson.wappush (pid 8254): hidden #16
W/ActivityManager(  348): Scheduling restart of crashed service com.sonyericsson.wappush/.transaction.SemcWapPushManagerHelper in 5000ms
I/ActivityManager(  348): Start proc com.sonyericsson.wappush for service com.sonyericsson.wappush/.transaction.SemcWapPushManagerHelper: pid=9382 uid=10119 gids={}
W/ActivityManager(  348): Unable to start service Intent { act=com.android.internal.telephony.IWapPushManager }: not found
I/ActivityManager(  348): No longer want com.mrnumber.blocker (pid 8508): hidden #16
W/ActivityManager(  348): Scheduling restart of crashed service com.mrnumber.blocker/.service.IncomingCallService in 5000ms
I/ActivityManager(  348): Start proc com.mrnumber.blocker for service com.mrnumber.blocker/.service.IncomingCallService: pid=9517 uid=10172 gids={3003}
I/ActivityManager(  348): No longer want com.google.android.apps.reader (pid 8572): hidden #16
I/ActivityManager(  348): No longer want com.sonyericsson.android.socialphonebook (pid 8591): hidden #16
W/ActivityManager(  348): Scheduling restart of crashed service com.sonyericsson.android.socialphonebook/.smartsearch.SmartSearchCachingService in 5000ms
I/ActivityManager(  348): Start proc com.sonyericsson.android.socialphonebook for service com.sonyericsson.android.socialphonebook/.smartsearch.SmartSearchCachingService: pid=9673 uid=10060 gids={3003, 1015}
I/ActivityManager(  348): No longer want .remote (pid 8632): hidden #16
W/ActivityManager(  348): Scheduling restart of crashed service com.sonyericsson.smartcard/.SmartcardService in 1250ms
I/ActivityManager(  348): Start proc .remote for service com.sonyericsson.smartcard/.SmartcardService: pid=9850 uid=1028 gids={}
I/ActivityManager(  348): No longer want android.process.media (pid 7912): hidden #16
W/ActivityManager(  348): Scheduling restart of crashed service com.android.providers.media/.MtpService in 5000ms
I/ActivityManager(  348): Start proc android.process.media for service com.android.providers.media/.MtpService: pid=9913 uid=10017 gids={1015, 1023, 1024, 2001, 3003, 3007}
I/ActivityManager(  348): No longer want com.google.android.apps.plus (pid 8683): hidden #16
--------- beginning of /dev/log/main
I/DownloadManager( 9913): in removeSpuriousFiles, preserving file /mnt/sdcard/Download/VoW Item - Better PM Involvement - Summary.pptx
I/DownloadManager( 9913): in removeSpuriousFiles, preserving file /data/data/com.android.providers.downloads/cache/downloadfile-2.jpeg
I/DownloadManager( 9913): in removeSpuriousFiles, preserving file /data/data/com.android.providers.downloads/cache/downloadfile.jpeg
I/DownloadManager( 9913): in removeSpuriousFiles, preserving file /data/data/com.android.providers.downloads/cache/downloadfile-1.jpeg
I/DownloadManager( 9913): in removeSpuriousFiles, preserving file /mnt/sdcard/Download/Mapa de Riscos 2012.pptx
I/DownloadManager( 9913): in removeSpuriousFiles, preserving file /data/data/com.android.providers.downloads/cache/downloadfile.jpeg
I/DownloadManager( 9913): in removeSpuriousFiles, preserving file /data/data/com.android.providers.downloads/cache/downloadfile-1.jpeg
I/DownloadManager( 9913): in removeSpuriousFiles, preserving file /data/data/com.android.providers.downloads/cache/downloadfile-2.jpeg
I/DownloadManager( 9913): in removeSpuriousFiles, preserving file /mnt/sdcard/Download/SILICA_Xilinx_DevKit-Mar-2013.pdf
I/DownloadManager( 9913): in removeSpuriousFiles, preserving file /mnt/sdcard/Download/Curriculo - Cesar Agnaldo Machado.doc
I/DownloadManager( 9913): in removeSpuriousFiles, preserving file /mnt/sdcard/Download/Normandy Phase 2 Demo.pptx
I/DownloadManager( 9913): in removeSpuriousFiles, preserving file /mnt/sdcard/Download/000641699.pdf
I/DownloadManager( 9913): in removeSpuriousFiles, preserving file /mnt/sdcard/Download/image001.jpg
I/DownloadManager( 9913): in removeSpuriousFiles, preserving file /mnt/sdcard/Download/sygnetics.pdf
I/DownloadManager( 9913): in removeSpuriousFiles, preserving file /mnt/sdcard/Download/Poster_Template_v2013.ppt
I/DownloadManager( 9913): in removeSpuriousFiles, preserving file /mnt/sdcard/Download/Poster_Guideline.pptx
I/DownloadManager( 9913): in removeSpuriousFiles, preserving file /mnt/sdcard/Download/Poster_Normandy_v2013.ppt
I/DownloadManager( 9913): in removeSpuriousFiles, preserving file /mnt/sdcard/recovery/download_package.bin
I/DownloadManager( 9913): in removeSpuriousFiles, preserving file /data/data/com.android.providers.downloads/cache/downloadfile.jpeg
I/DownloadManager( 9913): in removeSpuriousFiles, preserving file /mnt/sdcard/Download/Precise Indoor Location using Scitex Signage TechCon2014.docx
I/DownloadManager( 9913): in removeSpuriousFiles, preserving file /mnt/sdcard/Download/TechCon14-Draft-5.docx
I/DownloadManager( 9913): in removeSpuriousFiles, preserving file /mnt/sdcard/Download/TechCon14-Draft-5_Rev_Dr_Thielo.docx
I/DownloadManager( 9913): in removeSpuriousFiles, preserving file /mnt/sdcard/Download/[Untitled]001.jpg
I/DownloadManager( 9913): in removeSpuriousFiles, preserving file /data/data/com.android.providers.downloads/cache/downloadfile-2.jpeg
I/DownloadManager( 9913): in removeSpuriousFiles, preserving file /data/data/com.android.providers.downloads/cache/downloadfile.jpeg
I/DownloadManager( 9913): in removeSpuriousFiles, preserving file /mnt/sdcard/Download/Normandy Phase 3 Demo 8_11_15_24.pptx
I/DownloadManager( 9913): in removeSpuriousFiles, preserving file /mnt/sdcard/Download/Normandy Phase 3 Demo V3.pptx
I/DownloadManager( 9913): in removeSpuriousFiles, preserving file /mnt/sdcard/Download/OPoderdoFedoraARM.odp
I/DownloadManager( 9913): in removeSpuriousFiles, preserving file /mnt/sdcard/Download/VirtualizandocomooVirt.odp
I/DownloadManager( 9913): in removeSpuriousFiles, preserving file /mnt/sdcard/Download/WebBenchmarkResults.xlsx
I/DownloadManager( 9913): in removeSpuriousFiles, preserving file /mnt/sdcard/Download/image004.png
I/DownloadManager( 9913): in removeSpuriousFiles, preserving file /mnt/sdcard/Download/image001-2.png
I/DownloadManager( 9913): in removeSpuriousFiles, preserving file /mnt/sdcard/Download/IMG_4301.JPG
I/DownloadManager( 9913): in removeSpuriousFiles, preserving file /mnt/sdcard/Download/CHECK LIST  PARA FINANCIAMENTO comprador.doc
I/DownloadManager( 9913): in removeSpuriousFiles, preserving file /mnt/sdcard/Download/FICHA CADASTRO PESSOA FSICA.doc
I/DownloadManager( 9913): in removeSpuriousFiles, preserving file /mnt/sdcard/Download/Proposta de Abertura de conta corrente CCA word.doc
I/DownloadManager( 9913): in removeSpuriousFiles, preserving file /data/data/com.android.providers.downloads/cache/downloadfile.doc
I/DownloadManager( 9913): in removeSpuriousFiles, preserving file /mnt/sdcard/Download/Metadata.xls
I/DownloadManager( 9913): in removeSpuriousFiles, preserving file /mnt/sdcard/Download/IMOVEL 317.pdf
I/DownloadManager( 9913): in removeSpuriousFiles, preserving file /mnt/sdcard/Download/mauricio nunes porto - 4629850.pdf
I/DownloadManager( 9913): in removeSpuriousFiles, preserving file /mnt/sdcard/Download/20131206_191657.jpg
I/DownloadManager( 9913): in removeSpuriousFiles, preserving file /data/data/com.android.providers.downloads/cache/downloadfile.jpeg
I/DownloadManager( 9913): in removeSpuriousFiles, preserving file /data/data/com.android.providers.downloads/cache/downloadfile-1.jpeg
I/DownloadManager( 9913): in removeSpuriousFiles, preserving file /mnt/sdcard/Download/DSC00234.jpg
I/DownloadManager( 9913): in removeSpuriousFiles, preserving file /mnt/sdcard/Download/DSC00208.jpg
I/DownloadManager( 9913): in removeSpuriousFiles, preserving file /mnt/sdcard/Download/DSC00206.jpg
I/DownloadManager( 9913): in removeSpuriousFiles, preserving file /mnt/sdcard/Download/DSC00236.jpg
I/DownloadManager( 9913): in removeSpuriousFiles, preserving file /mnt/sdcard/Download/image001-3.png
I/DownloadManager( 9913): in removeSpuriousFiles, preserving file /mnt/sdcard/Download/Proposta 1301042 simulao.pdf
I/DownloadManager( 9913): in removeSpuriousFiles, preserving file /mnt/sdcard/Download/Proposta 1301042 simulao-2.pdf
I/DownloadManager( 9913): in removeSpuriousFiles, preserving file /mnt/sdcard/Download/83764145 Application.doc
I/DownloadManager( 9913): in removeSpuriousFiles, preserving file /mnt/sdcard/Download/700215826WO01 (83764145) Drawings - PCT.pdf
I/DownloadManager( 9913): in removeSpuriousFiles, preserving file /mnt/sdcard/Download/Normandy-2013 Executive Summary.pptx
I/DownloadManager( 9913): in removeSpuriousFiles, preserving file /mnt/sdcard/Download/Normandy-2013-Final Report.pdf
I/DownloadManager( 9913): in removeSpuriousFiles, preserving file /mnt/sdcard/Download/83764145 Application-2.doc
I/DownloadManager( 9913): in removeSpuriousFiles, preserving file /mnt/sdcard/Download/Low_Carb_Cookbook.epub
D/MtpService( 9913): starting MTP server in MTP mode
D/MtpServerJNI( 9913): Transport mode : USB
D/dalvikvm( 9913): GC_CONCURRENT freed 802K, 7% free 13584K/14499K, paused 1ms+5ms
I/GCoreUlr(  874): Successfully inserted location
I/GCoreUlr(  874): Not calling LocationReportingService, hasMoved: false, elapsed millis: 1980645, request: Phone
I/ActivityManager(  348): No longer want com.google.android.talk (pid 8739): hidden #16
D/dalvikvm(  874): GC_CONCURRENT freed 1916K, 15% free 14132K/16611K, paused 2ms+4ms
I/GCoreUlr(  874): Successfully inserted location
I/GCoreUlr(  874): Not calling LocationReportingService, hasMoved: false, elapsed millis: 2040658, request: Phone
I/GCoreUlr(  874): Successfully inserted location
I/GCoreUlr(  874): Not calling LocationReportingService, hasMoved: false, elapsed millis: 2100749, request: Phone
I/qtaguid ( 9166): Failed write_ctrl(u 54) res=-1 errno=22
I/qtaguid ( 9166): Untagging socket 54 failed errno=-22
W/NetworkManagementSocketTagger( 9166): untagSocket(54) failed with errno -22
D/dalvikvm(  348): GC_EXPLICIT freed 1462K, 27% free 34921K/47779K, paused 3ms+12ms
I/GCoreUlr(  874): Successfully inserted location
I/GCoreUlr(  874): Not calling LocationReportingService, hasMoved: false, elapsed millis: 2160939, request: Phone
I/GCoreUlr(  874): Successfully inserted location
I/GCoreUlr(  874): Not calling LocationReportingService, hasMoved: false, elapsed millis: 2220777, request: Phone
D/dalvikvm(  874): GC_CONCURRENT freed 1838K, 15% free 14137K/16611K, paused 2ms+3ms
I/GCoreUlr(  874): Successfully inserted location
I/GCoreUlr(  874): Not calling LocationReportingService, hasMoved: false, elapsed millis: 2280860, request: Phone
I/GCoreUlr(  874): Successfully inserted location
I/GCoreUlr(  874): Not calling LocationReportingService, hasMoved: false, elapsed millis: 2341354, request: Phone
D/GCM     (  509): Ignoring attempt to send heartbeat on dead connection.
I/GCoreUlr(  874): Successfully inserted location
I/GCoreUlr(  874): Not calling LocationReportingService, hasMoved: false, elapsed millis: 2400877, request: Phone
D/dalvikvm( 9166): GC_EXPLICIT freed 595K, 9% free 13317K/14627K, paused 2ms+4ms
I/GCoreUlr(  874): Successfully inserted location
I/GCoreUlr(  874): Not calling LocationReportingService, hasMoved: false, elapsed millis: 2460863, request: Phone
D/HmacUrl_AssembleHashData( 7236): GET
D/HmacUrl_AssembleHashData( 7236): /data/forecasts/v1/daily
D/HmacUrl_AssembleHashData( 7236): 
D/HmacUrl_AssembleHashData( 7236): 1387892532
D/HmacUrl_AssembleHashData( 7236): cultureinfo
D/HmacUrl_AssembleHashData( 7236): en-US
D/HmacUrl_AssembleHashData( 7236): location
D/HmacUrl_AssembleHashData( 7236): BR23P0013
D/HmacUrl_AssembleHashData( 7236): locationtype
D/HmacUrl_AssembleHashData( 7236): city
D/HmacUrl_AssembleHashData( 7236): verbose
D/HmacUrl_AssembleHashData( 7236): false
D/HmacUrl_AssembleHashData( 7236): GET
D/HmacUrl_AssembleHashData( 7236): /data/alerts/v1/alerts
D/HmacUrl_AssembleHashData( 7236): 
D/HmacUrl_AssembleHashData( 7236): 1387892532
D/HmacUrl_AssembleHashData( 7236): cultureinfo
D/HmacUrl_AssembleHashData( 7236): en-US
D/HmacUrl_AssembleHashData( 7236): location
D/HmacUrl_AssembleHashData( 7236): BR23P0013
D/HmacUrl_AssembleHashData( 7236): locationtype
D/HmacUrl_AssembleHashData( 7236): city
D/HmacUrl_AssembleHashData( 7236): verbose
D/HmacUrl_AssembleHashData( 7236): true
D/dalvikvm( 9180): GC_EXPLICIT freed 229K, 4% free 13116K/13599K, paused 1ms+5ms
D/dalvikvm(  348): GC_EXPLICIT freed 983K, 28% free 34876K/47779K, paused 2ms+12ms
D/dalvikvm( 9166): GC_EXPLICIT freed 732K, 8% free 13549K/14627K, paused 1ms+5ms
I/ActivityManager(  348): No longer want com.sonyericsson.usbotg (pid 8914): hidden #16
I/ActivityManager(  348): No longer want com.android.vending (pid 7692): hidden #17
I/ActivityManager(  348): No longer want com.whatsapp (pid 8798): hidden #18
W/ActivityManager(  348): Scheduling restart of crashed service com.sonyericsson.usbotg/.UsbOtgService in 5000ms
W/ActivityManager(  348): Scheduling restart of crashed service com.whatsapp/.messaging.MessageService in 14956ms
D/dalvikvm( 9180): GC_EXPLICIT freed 229K, 4% free 13125K/13599K, paused 5ms+19ms
I/ActivityManager(  348): Start proc com.sonyericsson.usbotg for service com.sonyericsson.usbotg/.UsbOtgService: pid=10111 uid=10142 gids={}
I/ActivityManager(  348): Start proc com.whatsapp for service com.whatsapp/.messaging.MessageService: pid=10127 uid=10155 gids={1015, 3003}
I/dalvikvm(10127): Could not find method android.app.AlarmManager.setExact, referenced from method com.whatsapp.App.O
W/dalvikvm(10127): VFY: unable to resolve virtual method 176: Landroid/app/AlarmManager;.setExact (IJLandroid/app/PendingIntent;)V
D/dalvikvm(10127): VFY: replacing opcode 0x6e at 0x0032
I/dalvikvm(10127): Could not find method android.app.AlarmManager.setExact, referenced from method com.whatsapp.App.Z
W/dalvikvm(10127): VFY: unable to resolve virtual method 176: Landroid/app/AlarmManager;.setExact (IJLandroid/app/PendingIntent;)V
D/dalvikvm(10127): VFY: replacing opcode 0x6e at 0x0069
I/dalvikvm(10127): Could not find method android.app.AlarmManager.setExact, referenced from method com.whatsapp.App.b
W/dalvikvm(10127): VFY: unable to resolve virtual method 176: Landroid/app/AlarmManager;.setExact (IJLandroid/app/PendingIntent;)V
D/dalvikvm(10127): VFY: replacing opcode 0x6e at 0x0030
I/dalvikvm(10127): Could not find method android.app.AlarmManager.setExact, referenced from method com.whatsapp.App.c
W/dalvikvm(10127): VFY: unable to resolve virtual method 176: Landroid/app/AlarmManager;.setExact (IJLandroid/app/PendingIntent;)V
D/dalvikvm(10127): VFY: replacing opcode 0x6e at 0x0072
I/ActivityThread(10127): Pub com.whatsapp.provider.media: com.whatsapp.MediaProvider
I/ActivityThread(10127): Pub com.whatsapp.provider.contact: com.whatsapp.contact.ContactProvider
D/dalvikvm(10127): GC_CONCURRENT freed 819K, 7% free 13606K/14499K, paused 2ms+2ms
I/dalvikvm(10127): Could not find method android.app.AlarmManager.setExact, referenced from method com.whatsapp.messaging.MessageService.b
W/dalvikvm(10127): VFY: unable to resolve virtual method 176: Landroid/app/AlarmManager;.setExact (IJLandroid/app/PendingIntent;)V
D/dalvikvm(10127): VFY: replacing opcode 0x6e at 0x0099
I/dalvikvm(10127): Could not find method android.app.AlarmManager.setExact, referenced from method com.whatsapp.messaging.MessageService.h
W/dalvikvm(10127): VFY: unable to resolve virtual method 176: Landroid/app/AlarmManager;.setExact (IJLandroid/app/PendingIntent;)V
D/dalvikvm(10127): VFY: replacing opcode 0x6e at 0x0063
I/ActivityManager(  348): Start proc com.android.vending for service com.android.vending/com.google.android.finsky.billing.iab.InAppBillingService: pid=10150 uid=10061 gids={3003, 1015}
D/dalvikvm(  348): GC_EXPLICIT freed 536K, 28% free 34858K/47779K, paused 3ms+10ms
I/dalvikvm(10127): Could not find method android.app.AlarmManager.setExact, referenced from method com.whatsapp.messaging.f.c
W/dalvikvm(10127): VFY: unable to resolve virtual method 176: Landroid/app/AlarmManager;.setExact (IJLandroid/app/PendingIntent;)V
D/dalvikvm(10127): VFY: replacing opcode 0x6e at 0x0042
I/ActivityThread(10150): Pub com.google.android.finsky.QSBSuggestionsProvider2: com.google.android.finsky.providers.QSBSuggestionsProvider
I/ActivityThread(10150): Pub com.google.android.finsky.AppIconProvider: com.google.android.finsky.providers.AppIconProvider
I/ActivityThread(10150): Pub com.google.android.finsky.RecentSuggestionsProvider: com.google.android.finsky.providers.RecentSuggestionsProvider
D/Finsky  (10150): [1] FinskyApp.onCreate: Initializing network with DFE https://android.clients.google.com/fdfe/
I/dalvikvm(10150): Could not find method android.provider.Settings$Global.getInt, referenced from method com.google.android.finsky.services.DailyHygiene.isProvisioned
W/dalvikvm(10150): VFY: unable to resolve static method 818: Landroid/provider/Settings$Global;.getInt (Landroid/content/ContentResolver;Ljava/lang/String;I)I
D/dalvikvm(10150): VFY: replacing opcode 0x71 at 0x000d
D/Finsky  (10150): [1] DailyHygiene.goMakeHygieneIfDirty: No need to run daily hygiene.
D/dalvikvm(10127): GC_CONCURRENT freed 1178K, 9% free 14148K/15459K, paused 2ms+2ms
D/Finsky  (10150): [1] 2.run: Loaded library for account: [SP-4GDJ9hWALeJXVH1MNXT2NiVU]
D/Finsky  (10150): [1] 2.run: Finished loading 1 libraries.
D/dalvikvm(10150): GC_CONCURRENT freed 735K, 6% free 13654K/14499K, paused 2ms+2ms
D/Finsky  (10150): [1] GmsCoreHelper.cleanupNlp: result=false type=4
D/Finsky  (10150): [1] RestoreTracker.stopServiceIfDone: Restore complete with 0 success and 0 failed.
I/dalvikvm(10127): Could not find method android.app.AlarmManager.setExact, referenced from method com.whatsapp.c2dm.C2DMRegistrar.a
W/dalvikvm(10127): VFY: unable to resolve virtual method 176: Landroid/app/AlarmManager;.setExact (IJLandroid/app/PendingIntent;)V
D/dalvikvm(10127): VFY: replacing opcode 0x6e at 0x007d
D/Finsky  (10150): [4411] InAppBillingUtils.pickAccount: com.whatsapp: Account determined from installer data - [SP-4GDJ9hWALeJXVH1MNXT2NiVU]
D/Finsky  (10150): [4432] InAppBillingUtils.pickAccount: com.whatsapp: Account determined from installer data - [SP-4GDJ9hWALeJXVH1MNXT2NiVU]
D/Finsky  (10150): [4432] InAppBillingUtils.pickAccount: com.whatsapp: Account determined from installer data - [SP-4GDJ9hWALeJXVH1MNXT2NiVU]
I/ActivityManager(  348): Start proc com.google.android.gsf.login for service com.google.android.gsf.login/com.google.android.gsf.loginservice.GoogleLoginService: pid=10204 uid=10009 gids={3003, 1015, 2001, 1007, 3006, 1006}
I/ActivityManager(  348): No longer want com.hp.myidea.obdproxy (pid 8938): hidden #16
W/ActivityManager(  348): Scheduling restart of crashed service com.hp.myidea.obdproxy/.service.OBDProxy in 5000ms
D/Finsky  (10150): [4410] InAppBillingUtils.pickAccount: com.whatsapp: Account determined from installer data - [SP-4GDJ9hWALeJXVH1MNXT2NiVU]
D/Finsky  (10150): [4410] InAppBillingUtils.pickAccount: com.whatsapp: Account determined from installer data - [SP-4GDJ9hWALeJXVH1MNXT2NiVU]
D/dalvikvm(10232): Late-enabling CheckJNI
I/ActivityManager(  348): Start proc com.hp.myidea.obdproxy for service com.hp.myidea.obdproxy/.service.OBDProxy: pid=10232 uid=10154 gids={3003, 3002, 3001}
D/OBDProxy(10232): onCreate()
D/OBDProxy(10232): onStartCommand()
D/dalvikvm(  874): GC_CONCURRENT freed 1837K, 15% free 14142K/16611K, paused 4ms+3ms
I/GCoreUlr(  874): Successfully inserted location
I/GCoreUlr(  874): Not calling LocationReportingService, hasMoved: false, elapsed millis: 2520797, request: Phone
D/dalvikvm( 9180): GC_EXPLICIT freed 247K, 4% free 13116K/13599K, paused 2ms+5ms
D/dalvikvm( 9166): GC_EXPLICIT freed 349K, 9% free 13435K/14627K, paused 4ms+5ms
D/dalvikvm(  348): GC_EXPLICIT freed 566K, 27% free 34905K/47779K, paused 3ms+9ms
D/dalvikvm( 9180): GC_EXPLICIT freed 215K, 4% free 13128K/13599K, paused 2ms+17ms
D/dalvikvm( 9166): GC_EXPLICIT freed 465K, 8% free 13487K/14627K, paused 1ms+5ms
D/dalvikvm(  348): GC_EXPLICIT freed 425K, 27% free 34921K/47779K, paused 2ms+10ms
I/ActivityManager(  348): No longer want com.sonyericsson.updatecenter (pid 8962): hidden #16
W/ActivityManager(  348): Scheduling restart of crashed service com.sonyericsson.updatecenter/.webupdate.FileUpdateService in 5000ms
I/ActivityManager(  348): Start proc com.sonyericsson.updatecenter for service com.sonyericsson.updatecenter/.webupdate.FileUpdateService: pid=10325 uid=10108 gids={3003, 2001, 1015}
D/com.sonyericsson.updatecenter.webupdate.UpdateObserver(10325): Constructor in UpdateObserver. root= /mnt/sdcard/recovery/
D/com.sonyericsson.updatecenter.webupdate.FileUpdateService(10325): onCreate in FileUpdateService: 
D/com.sonyericsson.updatecenter.webupdate.FileUpdateService(10325): In onCreate DBController init() and getInstance() is called.
D/com.sonyericsson.updatecenter.webupdate.FileUpdateService(10325): start of createAndRegisterMountReceiver: 
D/com.sonyericsson.updatecenter.webupdate.UpdateObserver(10325): addListener in UpdateObserver.
D/com.sonyericsson.updatecenter.webupdate.UpdateObserver(10325): startWatching in UpdateObserver. rootPath= /mnt/sdcard/recovery/
D/com.sonyericsson.updatecenter.webupdate.FileUpdateService(10325): onStartCommand()
I/GCoreUlr(  874): Successfully inserted location
I/GCoreUlr(  874): Not calling LocationReportingService, hasMoved: false, elapsed millis: 2580754, request: Phone
I/GCoreUlr(  874): Successfully inserted location
I/GCoreUlr(  874): Not calling LocationReportingService, hasMoved: false, elapsed millis: 2641285, request: Phone
I/rmt_storage(  201): rmt_storage write event
I/rmt_storage(  201): rmt_storage events processing done
I/rmt_storage(  201): unblock rmt_storage client thread
I/rmt_storage(  201): rmt_storage fop(1): bytes transferred = 3145216
I/rmt_storage(  201): rmt_storage fop(1): bytes transferred = 512
I/ActivityManager(  348): No longer want com.sonyericsson.hdmi.controlservice (pid 9151): hidden #16
D/dalvikvm(  874): GC_CONCURRENT freed 1729K, 15% free 14136K/16611K, paused 2ms+2ms
I/GCoreUlr(  874): Successfully inserted location
I/GCoreUlr(  874): Not calling LocationReportingService, hasMoved: false, elapsed millis: 2700908, request: Phone
I/GCoreUlr(  874): Successfully inserted location
I/GCoreUlr(  874): Not calling LocationReportingService, hasMoved: false, elapsed millis: 2761082, request: Phone
I/GCoreUlr(  874): Successfully inserted location
I/GCoreUlr(  874): Not calling LocationReportingService, hasMoved: false, elapsed millis: 2820937, request: Phone
D/dalvikvm( 9180): GC_EXPLICIT freed 260K, 4% free 13109K/13599K, paused 5ms+5ms
I/GCoreUlr(  874): Successfully inserted location
I/GCoreUlr(  874): Not calling LocationReportingService, hasMoved: false, elapsed millis: 2880989, request: Phone
D/dalvikvm(  874): GC_CONCURRENT freed 1822K, 15% free 14157K/16611K, paused 2ms+5ms
I/GCoreUlr(  874): Successfully inserted location
I/GCoreUlr(  874): Not calling LocationReportingService, hasMoved: false, elapsed millis: 2941028, request: Phone
I/GCoreUlr(  874): Successfully inserted location
I/GCoreUlr(  874): Not calling LocationReportingService, hasMoved: false, elapsed millis: 3000978, request: Phone
I/GCoreUlr(  874): Successfully inserted location
I/GCoreUlr(  874): Not calling LocationReportingService, hasMoved: false, elapsed millis: 3061021, request: Phone
I/ActivityManager(  348): No longer want com.android.calendar (pid 9280): hidden #16
D/dalvikvm(  348): GC_EXPLICIT freed 2403K, 27% free 35021K/47779K, paused 10ms+11ms
I/GCoreUlr(  874): Successfully inserted location
I/GCoreUlr(  874): Not calling LocationReportingService, hasMoved: false, elapsed millis: 3120910, request: Phone
D/dalvikvm(  874): GC_CONCURRENT freed 1713K, 15% free 14169K/16611K, paused 2ms+3ms
I/qtaguid ( 9166): Failed write_ctrl(u 52) res=-1 errno=22
I/qtaguid ( 9166): Untagging socket 52 failed errno=-22
W/NetworkManagementSocketTagger( 9166): untagSocket(52) failed with errno -22
I/GCoreUlr(  874): Successfully inserted location
I/GCoreUlr(  874): Not calling LocationReportingService, hasMoved: false, elapsed millis: 3181015, request: Phone
I/GCoreUlr(  874): Successfully inserted location
I/GCoreUlr(  874): Not calling LocationReportingService, hasMoved: false, elapsed millis: 3240936, request: Phone
D/GCM     (  509): Ignoring attempt to send heartbeat on dead connection.
I/ActivityManager(  348): Start proc com.google.android.apps.reader for broadcast com.google.android.apps.reader/com.google.android.accounts.PeriodicSyncReceiver: pid=10538 uid=10176 gids={3003}
I/ActivityThread(10538): Pub com.google.android.apps.reader: com.google.android.apps.reader.content.ReaderProvider
I/ActivityManager(  348): No longer want com.sonyericsson.wappush (pid 9382): hidden #16
W/ActivityManager(  348): Scheduling restart of crashed service com.sonyericsson.wappush/.transaction.SemcWapPushManagerHelper in 5000ms
E/ReaderProvider(10538): Synchronization failed for account
E/ReaderProvider(10538): org.apache.http.client.HttpResponseException: Unexpected response: Moved Permanently (301)
E/ReaderProvider(10538): 	at com.google.android.apps.reader.net.ReaderContentHandler.newHttpResponseException(ReaderContentHandler.java:145)
E/ReaderProvider(10538): 	at com.google.android.apps.reader.net.ReaderContentHandler.getContent(ReaderContentHandler.java:395)
E/ReaderProvider(10538): 	at com.google.android.apps.reader.net.HttpContentHandler.getHttpContent(HttpContentHandler.java:84)
E/ReaderProvider(10538): 	at com.google.android.apps.reader.net.HttpContentHandler.getContent(HttpContentHandler.java:69)
E/ReaderProvider(10538): 	at com.google.android.apps.reader.content.ReaderSync.get(ReaderSync.java:270)
E/ReaderProvider(10538): 	at com.google.android.apps.reader.content.ReaderSync.downloadPreferences(ReaderSync.java:374)
E/ReaderProvider(10538): 	at com.google.android.apps.reader.content.ReaderSync.call(ReaderSync.java:559)
E/ReaderProvider(10538): 	at com.google.android.apps.reader.content.ReaderSync.call(ReaderSync.java:61)
E/ReaderProvider(10538): 	at com.google.android.apps.reader.content.ReaderProvider.insert(ReaderProvider.java:2492)
E/ReaderProvider(10538): 	at android.content.ContentProvider$Transport.insert(ContentProvider.java:189)
E/ReaderProvider(10538): 	at android.content.ContentResolver.insert(ContentResolver.java:730)
E/ReaderProvider(10538): 	at com.google.android.apps.reader.provider.ReaderContract$Accounts.sync(ReaderContract.java:948)
E/ReaderProvider(10538): 	at com.google.android.apps.reader.app.ReaderSyncAdapter.onPerformSync(ReaderSyncAdapter.java:77)
E/ReaderProvider(10538): 	at com.google.android.accounts.Adapter$1.onPerformSync(AbstractSyncService.java:276)
E/ReaderProvider(10538): 	at android.content.AbstractThreadedSyncAdapter$SyncThread.run(AbstractThreadedSyncAdapter.java:247)
I/EventLogService(  509): Aggregate from 1387891529599 (log), 1387891529599 (data)
I/ActivityManager(  348): Start proc com.sonyericsson.wappush for service com.sonyericsson.wappush/.transaction.SemcWapPushManagerHelper: pid=10557 uid=10119 gids={}
I/ActivityThread(10557): Pub com.sonyericsson.wappush.provider: com.sonyericsson.wappush.provider.PushProvider
D/CustomizationProvider(  633): openFile -- START uri=content://com.sonyericsson.provider.customization/settings/com.sonyericsson.wappush
I/CustomizationProvider(  633): No configuration file: /system/etc/customization/settings/com/sonyericsson/wappush/custom_settings.xml
W/ActivityManager(  348): Unable to start service Intent { act=com.android.internal.telephony.IWapPushManager }: not found
I/GCoreUlr(  874): Successfully inserted location
I/GCoreUlr(  874): Not calling LocationReportingService, hasMoved: false, elapsed millis: 3301579, request: Phone
I/ActivityManager(  348): No longer want com.mrnumber.blocker (pid 9517): hidden #16
W/ActivityManager(  348): Scheduling restart of crashed service com.mrnumber.blocker/.service.IncomingCallService in 5000ms
I/ActivityManager(  348): Start proc com.mrnumber.blocker for service com.mrnumber.blocker/.service.IncomingCallService: pid=10596 uid=10172 gids={3003}
D/dalvikvm(  134): GC_EXPLICIT freed 36K, 8% free 12617K/13599K, paused 2ms+3ms
D/dalvikvm(  134): GC_EXPLICIT freed <1K, 8% free 12617K/13599K, paused 1ms+2ms
D/dalvikvm(  134): GC_EXPLICIT freed <1K, 8% free 12617K/13599K, paused 1ms+13ms
I/dalvikvm(10596): Could not find method android.app.Application.startActivity, referenced from method com.WazaBe.HoloEverywhere.app.Application.superStartActivity
W/dalvikvm(10596): VFY: unable to resolve virtual method 168: Landroid/app/Application;.startActivity (Landroid/content/Intent;Landroid/os/Bundle;)V
D/dalvikvm(10596): VFY: replacing opcode 0x6f at 0x0006
I/SDKConfig(10596): Setting logging permissions to DEBUG. Environment: 1
D/DeviceCustomization(10596): os: 15 -- 4.0.4; manufacturer: sony ericsson; model: lt26i; brand: semc; carrier: CLARO BR 51
D/mrn     (10596): Warming up IncomingCallService
D/dalvikvm(  874): GC_CONCURRENT freed 1859K, 15% free 14149K/16611K, paused 1ms+3ms
I/GCoreUlr(  874): Successfully inserted location
I/GCoreUlr(  874): Not calling LocationReportingService, hasMoved: false, elapsed millis: 3361130, request: Phone
D/dalvikvm( 7236): GC_CONCURRENT freed 1830K, 13% free 13563K/15587K, paused 1ms+2ms
D/HmacUrl_AssembleHashData( 7236): GET
D/HmacUrl_AssembleHashData( 7236): /data/forecasts/v1/daily
D/HmacUrl_AssembleHashData( 7236): 
D/HmacUrl_AssembleHashData( 7236): 1387893432
D/HmacUrl_AssembleHashData( 7236): cultureinfo
D/HmacUrl_AssembleHashData( 7236): en-US
D/HmacUrl_AssembleHashData( 7236): location
D/HmacUrl_AssembleHashData( 7236): BR23P0013
D/HmacUrl_AssembleHashData( 7236): locationtype
D/HmacUrl_AssembleHashData( 7236): city
D/HmacUrl_AssembleHashData( 7236): verbose
D/HmacUrl_AssembleHashData( 7236): false
D/HmacUrl_AssembleHashData( 7236): GET
D/HmacUrl_AssembleHashData( 7236): /data/alerts/v1/alerts
D/HmacUrl_AssembleHashData( 7236): 
D/HmacUrl_AssembleHashData( 7236): 1387893432
D/HmacUrl_AssembleHashData( 7236): cultureinfo
D/HmacUrl_AssembleHashData( 7236): en-US
D/HmacUrl_AssembleHashData( 7236): location
D/HmacUrl_AssembleHashData( 7236): BR23P0013
D/HmacUrl_AssembleHashData( 7236): locationtype
D/HmacUrl_AssembleHashData( 7236): city
D/HmacUrl_AssembleHashData( 7236): verbose
D/HmacUrl_AssembleHashData( 7236): true
W/ProcessStats(  348): Skipping unknown process pid 10623
V/BackupManagerService(  348): Running a backup pass
V/BackupManagerService(  348): Backup requested but nothing pending
I/qtaguid ( 9166): Failed write_ctrl(u 52) res=-1 errno=22
I/qtaguid ( 9166): Untagging socket 52 failed errno=-22
W/NetworkManagementSocketTagger( 9166): untagSocket(52) failed with errno -22
I/GCoreUlr(  874): Successfully inserted location
I/GCoreUlr(  874): Not calling LocationReportingService, hasMoved: false, elapsed millis: 3421008, request: Phone
I/ActivityManager(  348): Start proc com.google.android.apps.plus for service com.google.android.apps.plus/.service.EsSyncAdapterService: pid=10640 uid=10063 gids={3003, 3002, 1015, 1006}
I/ActivityThread(10640): Pub com.google.android.apps.plus.content.ApiProvider: com.google.android.apps.plus.content.EsApiProvider
I/ActivityThread(10640): Pub com.google.android.apps.plus.content.EsPicasaStoreProvider: com.google.android.picasastore.PicasaPhotoContentProvider
I/ActivityThread(10640): Pub com.google.plus.platform: com.google.android.apps.plus.content.AdsProvider
I/ActivityThread(10640): Pub com.google.android.apps.plus.iu.EsGoogleIuProvider: com.google.android.apps.plus.iu.InstantUploadProvider
D/dalvikvm(10640): GC_CONCURRENT freed 669K, 6% free 13760K/14499K, paused 2ms+2ms
I/ActivityThread(10640): Pub com.google.android.apps.plus.content.EsProvider: com.google.android.apps.plus.content.EsProvider
I/ActivityThread(10640): Pub com.google.android.apps.photos.content: com.google.android.apps.photos.content.GooglePhotosImageProvider
D/dalvikvm(10640): Trying to load lib /data/data/com.google.android.apps.plus/lib/libplus_jni_v8.so 0x4171e810
D/dalvikvm(10640): Added shared lib /data/data/com.google.android.apps.plus/lib/libplus_jni_v8.so 0x4171e810
D/dalvikvm(10640): No JNI_OnLoad found in /data/data/com.google.android.apps.plus/lib/libplus_jni_v8.so 0x4171e810, skipping init
I/dalvikvm(10640): Could not find method android.os.StatFs.getTotalBytes, referenced from method com.google.android.apps.plus.content.EsMediaCache.computeCacheSize
W/dalvikvm(10640): VFY: unable to resolve virtual method 3891: Landroid/os/StatFs;.getTotalBytes ()J
D/dalvikvm(10640): VFY: replacing opcode 0x6e at 0x003c
E/ActivityThread(10640): Failed to find provider info for com.google.android.gallery3d.GooglePhotoProvider
I/dalvikvm(10640): Could not find method android.content.Intent.getClipData, referenced from method cdy.a
W/dalvikvm(10640): VFY: unable to resolve virtual method 2755: Landroid/content/Intent;.getClipData ()Landroid/content/ClipData;
D/dalvikvm(10640): VFY: replacing opcode 0x6e at 0x0008
I/dalvikvm(10640): Could not find method android.content.Intent.getClipData, referenced from method cdy.a
W/dalvikvm(10640): VFY: unable to resolve virtual method 2755: Landroid/content/Intent;.getClipData ()Landroid/content/ClipData;
D/dalvikvm(10640): VFY: replacing opcode 0x6e at 0x0061
D/dalvikvm(  348): GC_EXPLICIT freed 1365K, 27% free 35009K/47779K, paused 3ms+12ms
D/dalvikvm(10640): Trying to load lib /data/data/com.google.android.apps.plus/lib/libnetjni.so 0x4171e810
D/dalvikvm(10640): Added shared lib /data/data/com.google.android.apps.plus/lib/libnetjni.so 0x4171e810
I/NativeLibrarySupport(10640): Native networking enabled, version=29.0.1547.59/1
W/chromium(10640): [1224/115832:WARNING:proxy_service.cc(888)] PAC support disabled because there is no system implementation
D/dalvikvm(10640): GC_CONCURRENT freed 1387K, 10% free 14254K/15715K, paused 2ms+2ms
I/ActivityManager(  348): No longer want com.sonyericsson.android.socialphonebook (pid 9673): hidden #16
D/dalvikvm(10640): GC_FOR_ALLOC freed 494K, 10% free 14281K/15715K, paused 23ms
I/dalvikvm-heap(10640): Grow heap (frag case) to 16.044MB for 2129936-byte allocation
W/ActivityManager(  348): Scheduling restart of crashed service com.sonyericsson.android.socialphonebook/.smartsearch.SmartSearchCachingService in 5000ms
D/dalvikvm(10640): GC_FOR_ALLOC freed 1K, 9% free 16359K/17827K, paused 21ms
D/dalvikvm(10640): GC_CONCURRENT freed 11K, 9% free 16349K/17827K, paused 2ms+2ms
I/ActivityManager(  348): Start proc com.sonyericsson.android.socialphonebook for service com.sonyericsson.android.socialphonebook/.smartsearch.SmartSearchCachingService: pid=10686 uid=10060 gids={3003, 1015}
W/socialphonebook(10686): SettingsParser: text is nothing.
D/CustomizationProvider(  633): openFile -- START uri=content://com.sonyericsson.provider.customization/settings/com.sonyericsson.android.socialphonebook
I/CustomizationProvider(  633): No configuration file: /system/etc/customization/settings/com/sonyericsson/android/socialphonebook/custom_settings.xml
W/socialphonebook(10686): SettingsParser: No customization file exists.
E/socialphonebook(10686): SettingsParser: key not found. key=[account-types]
D/AccountTypeManager(10686): Registering external account type=com.whatsapp, packageName=com.whatsapp
D/AccountTypeManager(10686): Registering external account type=com.sonyericsson.androidapp.smart.federated.account, packageName=com.sonyericsson.androidapp.smart
W/ResourceType(10686): getEntry failing because entryIndex 17 is beyond type entryCount 8
W/ResourceType(10686): Failure getting entry for 0x7f050011 (t=4 e=17) in package 0 (error -2147483647)
W/Resources(10686): Converting to string: TypedValue{t=0x1/d=0x7f050011 a=-1 r=0x7f050011}
D/AccountTypeManager(10686): Registering 1 extension packages
E/ExternalAccountType(10686): Unsupported attribute readOnly
D/AccountTypeManager(10686): Registering extension package account type=com.google, dataSet=plus, packageName=com.google.android.apps.plus
I/AccountTypeManager(10686): Loaded meta-data for 7 account types, 5 accounts in 93ms(wall) 45ms(cpu)
I/GCoreUlr(  874): Successfully inserted location
I/GCoreUlr(  874): Not calling LocationReportingService, hasMoved: false, elapsed millis: 3481003, request: Phone
I/GCoreUlr(  874): Successfully inserted location
I/GCoreUlr(  874): Not calling LocationReportingService, hasMoved: false, elapsed millis: 3541156, request: Phone
I/ActivityManager(  348): No longer want com.camerum.android.app.operadora (pid 7813): hidden #16
D/dalvikvm(  874): GC_CONCURRENT freed 1838K, 15% free 14153K/16611K, paused 2ms+4ms
I/GCoreUlr(  874): Successfully inserted location
I/fno     (  509): I/O exception (org.apache.http.NoHttpResponseException) caught when processing request: The target server failed to respond
I/fno     (  509): Retrying request
D/dalvikvm(  874): GC_CONCURRENT freed 1566K, 14% free 14333K/16611K, paused 142ms+3ms
D/Volley  (  874): [3251] ot.a: HTTP response for request=<[ ] https://www.googleapis.com/userlocation/v1/reports/1466579698?nlpVersion=2005&platform=android%2FSEMC%2FLT26i_1257-6921%2FLT26i%3A4.0.4%2F6.1.A.2.45%2F0vd_zw%3Auser%2Frelease-keys&trace=GCoreUlr 0x30b75e1c NORMAL 1> [lifetime=19677], [size=23], [rc=200], [retryCount=0]
D/Volley  (  874): [1] oa.b: 19699 ms: [ ] https://www.googleapis.com/userlocation/v1/reports/1466579698?nlpVersion=2005&platform=android%2FSEMC%2FLT26i_1257-6921%2FLT26i%3A4.0.4%2F6.1.A.2.45%2F0vd_zw%3Auser%2Frelease-keys&trace=GCoreUlr 0x30b75e1c NORMAL 1
I/GCoreUlr(  874): UserPreferences.update(RealReportingServer(auth), ConfigUpdate{mAccount=account#15#, mDefined=null, mReferenceVersion=null, mUnconditional=true, mPreservesVersion=true, mAmbiguous=null, mReportingEnabled=null, mHistoryEnabled=null, mServerMillis=null, mRestriction=null, mAuthorized=true, mDirty=null}
W/GCoreUlr(  874): sending intent to update reporting state
I/GCoreUlr(  874): Batch Location Update succeeded for account account#15#
I/GCoreUlr(  874): Ensuring that reporting is active
I/GCoreUlr(  874): GMS FLP location updates requested at interval 60000 ms; triggerImmediate=false
I/GCoreUlr(  874): Successfully inserted location
I/GCoreUlr(  874): Not calling LocationReportingService, hasMoved: false, elapsed millis: 59979, request: Phone
I/qtaguid ( 9166): Failed write_ctrl(u 52) res=-1 errno=22
I/qtaguid ( 9166): Untagging socket 52 failed errno=-22
W/NetworkManagementSocketTagger( 9166): untagSocket(52) failed with errno -22
I/GCoreUlr(  874): Successfully inserted location
I/GCoreUlr(  874): Not calling LocationReportingService, hasMoved: false, elapsed millis: 120005, request: Phone
I/ActivityManager(  348): No longer want .remote (pid 9850): hidden #16
W/ActivityManager(  348): Scheduling restart of crashed service com.sonyericsson.smartcard/.SmartcardService in 1250ms
I/GCoreUlr(  874): Successfully inserted location
I/GCoreUlr(  874): Not calling LocationReportingService, hasMoved: false, elapsed millis: 180003, request: Phone
I/ActivityManager(  348): Start proc .remote for service com.sonyericsson.smartcard/.SmartcardService: pid=10822 uid=1028 gids={}
D/dalvikvm(  874): GC_CONCURRENT freed 1993K, 15% free 14182K/16611K, paused 2ms+4ms
I/GCoreUlr(  874): Successfully inserted location
I/GCoreUlr(  874): Not calling LocationReportingService, hasMoved: false, elapsed millis: 239941, request: Phone
D/dalvikvm(  348): GC_EXPLICIT freed 1328K, 27% free 35003K/47779K, paused 9ms+13ms
I/GCoreUlr(  874): Successfully inserted location
I/GCoreUlr(  874): Not calling LocationReportingService, hasMoved: false, elapsed millis: 300221, request: Phone
D/AndroidRuntime(10868): 
D/AndroidRuntime(10868): >>>>>> AndroidRuntime START com.android.internal.os.RuntimeInit <<<<<<
D/AndroidRuntime(10868): CheckJNI is OFF
D/AndroidRuntime(10868): Calling main entry com.android.commands.pm.Pm
I/ActivityManager(  348): Start proc com.android.defcontainer for service com.android.defcontainer/.DefaultContainerService: pid=10878 uid=10016 gids={1015, 2001}
W/ActivityManager(  348): No content provider found for permission revoke: file:///data/local/tmp/OBDproxy.apk
W/ActivityManager(  348): No content provider found for permission revoke: file:///data/local/tmp/OBDproxy.apk
I/PackageManager(  348): Removing non-system package:com.hp.myidea.obdproxy
I/ActivityManager(  348): Force stopping package com.hp.myidea.obdproxy uid=10154
I/ActivityManager(  348): Killing proc 10232:com.hp.myidea.obdproxy/10154: force stop
I/PackageManager(  348): Running dexopt on: com.hp.myidea.obdproxy
I/PackageManager(  348): Package com.hp.myidea.obdproxy codePath changed from /data/app/com.hp.myidea.obdproxy-1.apk to /data/app/com.hp.myidea.obdproxy-2.apk; Retaining data and using new
D/dalvikvm(10891): DexOpt: load 78ms, verify+opt 544ms
I/ActivityManager(  348): Force stopping package com.hp.myidea.obdproxy uid=10154
W/PackageManager(  348): Code path for pkg : com.hp.myidea.obdproxy changing from /data/app/com.hp.myidea.obdproxy-1.apk to /data/app/com.hp.myidea.obdproxy-2.apk
W/PackageManager(  348): Resource path for pkg : com.hp.myidea.obdproxy changing from /data/app/com.hp.myidea.obdproxy-1.apk to /data/app/com.hp.myidea.obdproxy-2.apk
D/PackageManager(  348): New package installed in /data/app/com.hp.myidea.obdproxy-2.apk
I/ActivityManager(  348): Force stopping package com.hp.myidea.obdproxy uid=10154
D/dalvikvm(10640): GC_FOR_ALLOC freed <1K, 9% free 16349K/17827K, paused 31ms
D/dalvikvm(  744): GC_EXPLICIT freed 2569K, 16% free 24089K/28387K, paused 2ms+8ms
D/dalvikvm(31854): GC_EXPLICIT freed 1485K, 11% free 13489K/15139K, paused 1ms+82ms
I/dalvikvm-heap(10640): Grow heap (frag case) to 18.064MB for 2129936-byte allocation
D/AccountTypeManager(10686): Registering external account type=com.whatsapp, packageName=com.whatsapp
I/RegisteredComponentCache(  726): ComponentInfo: ResolveInfo{418bfc68 com.android.apps.tag.TagViewer p=0 o=0 m=0x108000}, techs: android.nfc.tech.Ndef, 
I/RegisteredComponentCache(  726): ComponentInfo: ResolveInfo{4189c4d0 com.example.android.apis.nfc.TechFilter p=0 o=0 m=0x108000}, techs: android.nfc.tech.NfcF, 
I/RegisteredComponentCache(  726): ComponentInfo: ResolveInfo{4189c4d0 com.example.android.apis.nfc.TechFilter p=0 o=0 m=0x108000}, techs: android.nfc.tech.NfcA, android.nfc.tech.MifareClassic, android.nfc.tech.Ndef, 
I/RegisteredComponentCache(  726): ComponentInfo: ResolveInfo{4189cc18 at.mroland.android.apps.nfctaginfo.NFCTagInfoTagDetectionAlias p=0 o=0 m=0x108000}, techs: android.nfc.tech.NfcA, 
I/RegisteredComponentCache(  726): ComponentInfo: ResolveInfo{4189cc18 at.mroland.android.apps.nfctaginfo.NFCTagInfoTagDetectionAlias p=0 o=0 m=0x108000}, techs: android.nfc.tech.NfcB, 
I/RegisteredComponentCache(  726): ComponentInfo: ResolveInfo{4189cc18 at.mroland.android.apps.nfctaginfo.NFCTagInfoTagDetectionAlias p=0 o=0 m=0x108000}, techs: android.nfc.tech.NfcF, 
I/RegisteredComponentCache(  726): ComponentInfo: ResolveInfo{4189cc18 at.mroland.android.apps.nfctaginfo.NFCTagInfoTagDetectionAlias p=0 o=0 m=0x108000}, techs: android.nfc.tech.NfcV, 
I/RegisteredComponentCache(  726): ComponentInfo: ResolveInfo{4189cc18 at.mroland.android.apps.nfctaginfo.NFCTagInfoTagDetectionAlias p=0 o=0 m=0x108000}, techs: android.nfc.tech.IsoDep, 
I/RegisteredComponentCache(  726): ComponentInfo: ResolveInfo{4189cc18 at.mroland.android.apps.nfctaginfo.NFCTagInfoTagDetectionAlias p=0 o=0 m=0x108000}, techs: android.nfc.tech.MifareClassic, 
I/RegisteredComponentCache(  726): ComponentInfo: ResolveInfo{4189cc18 at.mroland.android.apps.nfctaginfo.NFCTagInfoTagDetectionAlias p=0 o=0 m=0x108000}, techs: android.nfc.tech.MifareUltralight, 
I/RegisteredComponentCache(  726): ComponentInfo: ResolveInfo{4189cc18 at.mroland.android.apps.nfctaginfo.NFCTagInfoTagDetectionAlias p=0 o=0 m=0x108000}, techs: android.nfc.tech.NdefFormatable, 
